[2026-05-27T03:45:20.933+00:00] [INFO] Downloading model ID mq389x29m
[2026-05-27T03:45:22.356+00:00] [INFO] Running /qairt_sdk/default/2.46.0/bin/x86_64-linux-clang/qairt-dlc-info --input_dlc /tmp/tmpi5zz7yzs/job_jpr9v62vp_optimized_dlc_mq389x29m.dlc --save /tmp/tmpi6_niwtk.csv
[2026-05-27T03:45:23.569+00:00] [INFO] Running /qairt_sdk/default/2.46.0/bin/x86_64-linux-clang/qairt-dlc-info --input_dlc /tmp/tmpi5zz7yzs/job_jpr9v62vp_optimized_dlc_mq389x29m.dlc --save /tmp/tmp_b5zjwzj.csv
[2026-05-27T03:45:24.627+00:00] [INFO] [link-post-download] Memory: 765.3MiB / 40.0GiB (2%) | working_set: 654.1MiB | peak: 800.7MiB
[2026-05-27T03:45:24.658+00:00] [INFO] -=- Generating .json file from .dlc model (qairt-dlc-to-json) -=-
[2026-05-27T03:45:24.658+00:00] [INFO] Running /qairt_sdk/default/2.45.0/bin/x86_64-linux-clang/qairt-dlc-to-json -i /tmp/tmpi5zz7yzs/job_jpr9v62vp_optimized_dlc_mq389x29m.dlc -o /tmp/tmpiyo_ooy_.json
[2026-05-27T03:45:25.254+00:00] [INFO] Model Json saved at: /tmp/tmpiyo_ooy_.json
[2026-05-27T03:45:28.146+00:00] [INFO] -=- QNN DLC models to QNN Context Binary (qnn-context-binary-generator) -=-
[2026-05-27T03:45:28.146+00:00] [INFO] Contents of HTP Settings: {'context': {'weight_sharing_enabled': False}, 'devices': [{'device_id': 0, 'dsp_arch': 'v68', 'soc_model': 93}], 'graphs': [{'fp16_relaxed_precision': 0, 'vtcm_mb': 0, 'O': 3.0, 'graph_names': ['graph_7j9pft8e']}]}
[2026-05-27T03:45:28.146+00:00] [INFO] Contents of HTP Config file used: {'context_configs': {'enable_graphs': ['graph_7j9pft8e']}, 'graph_configs': [{'graph_name': 'graph_7j9pft8e'}], 'backend_extensions': {'shared_library_path': 'libQnnHtpNetRunExtensions.so', 'config_file_path': '/tmp/tmps3ux_tv4/htp_setting.json'}}
[2026-05-27T03:45:28.147+00:00] [INFO] -=- Generating .json file from .dlc model (qairt-dlc-to-json) -=-
[2026-05-27T03:45:28.147+00:00] [INFO] Running /qairt_sdk/default/2.45.0/bin/x86_64-linux-clang/qairt-dlc-to-json -i /tmp/tmpi5zz7yzs/job_jpr9v62vp_optimized_dlc_mq389x29m.dlc -o /tmp/tmp8g3hw2mq.json
[2026-05-27T03:45:28.576+00:00] [INFO] Model Json saved at: /tmp/tmp8g3hw2mq.json
[2026-05-27T03:45:28.869+00:00] [INFO] Running /qairt_sdk/default/2.45.0/bin/x86_64-linux-clang/qnn-context-binary-generator --backend /qairt_sdk/default/2.45.0/lib/x86_64-linux-clang/libQnnHtp.so --dlc_path /tmp/tmpi5zz7yzs/job_jpr9v62vp_optimized_dlc_mq389x29m.dlc --output_dir /tmp/tmps3ux_tv4 --binary_file qnn_model --config_file /tmp/tmps3ux_tv4/htp_context.json --profiling_level detailed --profiling_option optrace
[2026-05-27T03:45:28.872+00:00] [INFO] qnn-context-binary-generator pid:28
[2026-05-27T03:45:29.020+00:00] [INFO]  <W> Initializing HtpProvider
[2026-05-27T03:45:29.021+00:00] [INFO] Starting stage: Graph Preparation Initializing
[2026-05-27T03:45:29.021+00:00] [INFO] Completed stage: Graph Preparation Initializing (228 us)
[2026-05-27T03:45:29.021+00:00] [INFO] Starting stage: Graph Optimizations
[2026-05-27T03:45:30.507+00:00] [INFO] Completed stage: Graph Optimizations (1486051 us)
[2026-05-27T03:45:30.507+00:00] [INFO] Starting stage: Post Graph Optimization
[2026-05-27T03:45:30.524+00:00] [INFO] Completed stage: Post Graph Optimization (16879 us)
[2026-05-27T03:45:30.669+00:00] [INFO] Starting stage: Graph Sequencing for Target
[2026-05-27T03:45:33.352+00:00] [INFO] Completed stage: Graph Sequencing for Target (2683674 us)
[2026-05-27T03:45:33.353+00:00] [INFO] Starting stage: VTCM Allocation
[2026-05-27T03:45:33.510+00:00] [INFO] Completed stage: VTCM Allocation (157682 us)
[2026-05-27T03:45:33.510+00:00] [INFO] Starting stage: Parallelization Optimization
[2026-05-27T03:45:33.521+00:00] [INFO] Completed stage: Parallelization Optimization (11091 us)
[2026-05-27T03:45:33.525+00:00] [INFO] Starting stage: Finalizing Graph Sequence
[2026-05-27T03:45:33.528+00:00] [INFO] ====== DDR bandwidth summary ======
[2026-05-27T03:45:33.528+00:00] [INFO] spill_bytes=614400
[2026-05-27T03:45:33.528+00:00] [INFO] fill_bytes=614400
[2026-05-27T03:45:33.528+00:00] [INFO] write_total_bytes=1056768
[2026-05-27T03:45:33.528+00:00] [INFO] read_total_bytes=95817728
[2026-05-27T03:45:33.579+00:00] [INFO] Completed stage: Finalizing Graph Sequence (54051 us)
[2026-05-27T03:45:33.579+00:00] [INFO] Starting stage: Completion
[2026-05-27T03:45:33.580+00:00] [INFO] Completed stage: Completion (669 us)
[2026-05-27T03:45:33.847+00:00] [INFO] -=- Linking completed -=-
[2026-05-27T03:45:33.847+00:00] [INFO] [link-post-link] Memory: 879.0MiB / 40.0GiB (2%) | working_set: 662.2MiB | peak: 1.4GiB
