[2026-05-06T11:11:13.531+00:00] [INFO] Compiling model ID mqyov9k9m
[2026-05-06T11:11:13.532+00:00] [INFO] [compile-pre-compile] Memory: 1.0GiB / 40.0GiB (3%) | working_set: 578.9MiB | peak: 1.4GiB
[2026-05-06T11:11:15.349+00:00] [INFO] -=- Converting ONNX graph: decompose GeLU layers -=-
[2026-05-06T11:11:15.371+00:00] [INFO] Applying ONNX IR shape inference
[2026-05-06T11:11:15.629+00:00] [INFO] Upgrading model from opset version 18 to 21 for optimization compatibility
[2026-05-06T11:11:17.327+00:00] [INFO] The opset of the onnx model is updated to 21.
[2026-05-06T11:11:17.339+00:00] [INFO] Applying ONNX IR rewriter with rules
[2026-05-06T11:11:20.711+00:00] [INFO] Ran 57 passes, 19 triggered
[2026-05-06T11:11:20.711+00:00] [INFO] Passes triggered:
[2026-05-06T11:11:20.738+00:00] [INFO] +------------------------------------+----------+
[2026-05-06T11:11:20.738+00:00] [INFO] | Pass Name                          | Triggers |
[2026-05-06T11:11:20.738+00:00] [INFO] +------------------------------------+----------+
[2026-05-06T11:11:20.738+00:00] [INFO] | OverrideFoldConstantsPass          |        2 |
[2026-05-06T11:11:20.738+00:00] [INFO] | FuseQkvMatMulPass                  |        1 |
[2026-05-06T11:11:20.738+00:00] [INFO] | DistributeMulOverAddConstants      |        1 |
[2026-05-06T11:11:20.738+00:00] [INFO] | ReshapeUnsqueeze                   |        2 |
[2026-05-06T11:11:20.738+00:00] [INFO] | ReshapeTransposeReshape            |        2 |
[2026-05-06T11:11:20.738+00:00] [INFO] | _MulIdentity                       |        1 |
[2026-05-06T11:11:20.739+00:00] [INFO] | LiftConstantsToInitializersPass    |        2 |
[2026-05-06T11:11:20.739+00:00] [INFO] | CommonSubexpressionEliminationPass |        3 |
[2026-05-06T11:11:20.739+00:00] [INFO] | ShapeInferencePass                 |        2 |
[2026-05-06T11:11:20.739+00:00] [INFO] | TransposeTranspose                 |        1 |
[2026-05-06T11:11:20.739+00:00] [INFO] | ReshapeSqueeze                     |        1 |
[2026-05-06T11:11:20.739+00:00] [INFO] | DeduplicateInitializersPass        |        1 |
[2026-05-06T11:11:20.739+00:00] [INFO] +------------------------------------+----------+
[2026-05-06T11:11:20.740+00:00] [INFO] Model metrics comparison:
[2026-05-06T11:11:20.741+00:00] [INFO] +--------------------+----------+----------+---------+
[2026-05-06T11:11:20.741+00:00] [INFO] | Metric             |   Before |    After |   Delta |
[2026-05-06T11:11:20.741+00:00] [INFO] +--------------------+----------+----------+---------+
[2026-05-06T11:11:20.741+00:00] [INFO] | Op count           |      618 |      448 |    -170 |
[2026-05-06T11:11:20.741+00:00] [INFO] | Model size         | 354.6MiB | 352.3MiB | -2.3MiB |
[2026-05-06T11:11:20.741+00:00] [INFO] | Add                |      128 |      103 |     -25 |
[2026-05-06T11:11:20.741+00:00] [INFO] | Concat             |       33 |        0 |     -33 |
[2026-05-06T11:11:20.742+00:00] [INFO] | Conv               |        1 |        1 |      +0 |
[2026-05-06T11:11:20.742+00:00] [INFO] | Gather             |        4 |        3 |      -1 |
[2026-05-06T11:11:20.742+00:00] [INFO] | Gemm               |        1 |        1 |      +0 |
[2026-05-06T11:11:20.742+00:00] [INFO] | LayerNormalization |       26 |       26 |      +0 |
[2026-05-06T11:11:20.742+00:00] [INFO] | MatMul             |      102 |       77 |     -25 |
[2026-05-06T11:11:20.742+00:00] [INFO] | Mul                |       78 |       76 |      -2 |
[2026-05-06T11:11:20.742+00:00] [INFO] | Pow                |       13 |       13 |      +0 |
[2026-05-06T11:11:20.742+00:00] [INFO] | Reshape            |       80 |       54 |     -26 |
[2026-05-06T11:11:20.742+00:00] [INFO] | Shape              |       13 |        0 |     -13 |
[2026-05-06T11:11:20.742+00:00] [INFO] | Slice              |       36 |        0 |     -36 |
[2026-05-06T11:11:20.742+00:00] [INFO] | Softmax            |       13 |       13 |      +0 |
[2026-05-06T11:11:20.742+00:00] [INFO] | Split              |        2 |       12 |     +10 |
[2026-05-06T11:11:20.742+00:00] [INFO] | Squeeze            |        2 |        1 |      -1 |
[2026-05-06T11:11:20.742+00:00] [INFO] | Tanh               |       13 |       13 |      +0 |
[2026-05-06T11:11:20.742+00:00] [INFO] | Tile               |        1 |        0 |      -1 |
[2026-05-06T11:11:20.742+00:00] [INFO] | Transpose          |       71 |       55 |     -16 |
[2026-05-06T11:11:20.742+00:00] [INFO] | Unsqueeze          |        1 |        0 |      -1 |
[2026-05-06T11:11:20.742+00:00] [INFO] +--------------------+----------+----------+---------+
[2026-05-06T11:11:20.742+00:00] [INFO] ONNX IR rewriter with rules applied
[2026-05-06T11:11:34.850+00:00] [INFO] Saving model
[2026-05-06T11:11:35.194+00:00] [INFO] Uploading asset to https://tetrahub-qprod-userdata.s3.amazonaws.com/models/mn40l8rvq_gFMBMmBlv0RlgWWY.onnx.zip?uploadId=oa7AWsJgU0iv18eK_UToQQ59sh3anC14cLh_3EHKuC2SCL_0VcXsX.jrbTOLa6K9Y_PAlLMgTRyvelZAIj0aip8hpzs1BfdjZDRAOY2abpJK6GTNsNerMKVaSnjwHGIo&partNumber=1&AWSAccessKeyId=AKIAY25OF7UJ3SEYZQT3&Signature=XNtLigzGz5W
[2026-05-06T11:11:38.255+00:00] [INFO] Successfully uploaded asset with response status: 200
[2026-05-06T11:11:39.392+00:00] [INFO] Uploading asset to https://tetrahub-qprod-userdata.s3-accelerate.amazonaws.com/
[2026-05-06T11:11:39.493+00:00] [INFO] Successfully uploaded asset with response status: 204
[2026-05-06T11:11:39.493+00:00] [INFO] Successfully computed visualization graph for mn40l8rvq
[2026-05-06T11:11:39.526+00:00] [INFO] =================================== Run compile_to_qnn_dlc =================================== 
[2026-05-06T11:11:39.526+00:00] [INFO] Applying ONNX IR rewriter with rules
[2026-05-06T11:11:43.527+00:00] [INFO] Ran 316 passes, 124 triggered
[2026-05-06T11:11:43.527+00:00] [INFO] Passes triggered:
[2026-05-06T11:11:43.528+00:00] [INFO] +------------------------------------+----------+
[2026-05-06T11:11:43.528+00:00] [INFO] | Pass Name                          | Triggers |
[2026-05-06T11:11:43.528+00:00] [INFO] +------------------------------------+----------+
[2026-05-06T11:11:43.528+00:00] [INFO] | RewriteSplit3ToSlices              |       25 |
[2026-05-06T11:11:43.528+00:00] [INFO] | FuseSiblingSlicesToSplitPass       |       24 |
[2026-05-06T11:11:43.528+00:00] [INFO] | RemoveUnusedNodesPass              |       25 |
[2026-05-06T11:11:43.528+00:00] [INFO] | CommonSubexpressionEliminationPass |       25 |
[2026-05-06T11:11:43.528+00:00] [INFO] | ShapeInferencePass                 |       24 |
[2026-05-06T11:11:43.528+00:00] [INFO] | LiftConstantsToInitializersPass    |        1 |
[2026-05-06T11:11:43.528+00:00] [INFO] +------------------------------------+----------+
[2026-05-06T11:11:43.530+00:00] [INFO] Model metrics comparison:
[2026-05-06T11:11:43.530+00:00] [INFO] +--------------------+----------+----------+---------+
[2026-05-06T11:11:43.530+00:00] [INFO] | Metric             |   Before |    After |   Delta |
[2026-05-06T11:11:43.531+00:00] [INFO] +--------------------+----------+----------+---------+
[2026-05-06T11:11:43.531+00:00] [INFO] | Op count           |      448 |      472 |     +24 |
[2026-05-06T11:11:43.531+00:00] [INFO] | Model size         | 352.3MiB | 352.3MiB | +2.4KiB |
[2026-05-06T11:11:43.531+00:00] [INFO] | Add                |      103 |      103 |      +0 |
[2026-05-06T11:11:43.531+00:00] [INFO] | Conv               |        1 |        1 |      +0 |
[2026-05-06T11:11:43.531+00:00] [INFO] | Gather             |        3 |        3 |      +0 |
[2026-05-06T11:11:43.531+00:00] [INFO] | Gemm               |        1 |        1 |      +0 |
[2026-05-06T11:11:43.531+00:00] [INFO] | LayerNormalization |       26 |       26 |      +0 |
[2026-05-06T11:11:43.531+00:00] [INFO] | MatMul             |       77 |       77 |      +0 |
[2026-05-06T11:11:43.531+00:00] [INFO] | Mul                |       76 |       76 |      +0 |
[2026-05-06T11:11:43.531+00:00] [INFO] | Pow                |       13 |       13 |      +0 |
[2026-05-06T11:11:43.531+00:00] [INFO] | Reshape            |       54 |       54 |      +0 |
[2026-05-06T11:11:43.531+00:00] [INFO] | Slice              |        0 |       36 |     +36 |
[2026-05-06T11:11:43.531+00:00] [INFO] | Softmax            |       13 |       13 |      +0 |
[2026-05-06T11:11:43.531+00:00] [INFO] | Split              |       12 |        0 |     -12 |
[2026-05-06T11:11:43.531+00:00] [INFO] | Squeeze            |        1 |        1 |      +0 |
[2026-05-06T11:11:43.531+00:00] [INFO] | Tanh               |       13 |       13 |      +0 |
[2026-05-06T11:11:43.531+00:00] [INFO] | Transpose          |       55 |       55 |      +0 |
[2026-05-06T11:11:43.532+00:00] [INFO] +--------------------+----------+----------+---------+
[2026-05-06T11:11:43.532+00:00] [INFO] ONNX IR rewriter with rules applied
[2026-05-06T11:11:44.147+00:00] [INFO] -=- ONNX to QNN DLC (qairt-converter) -=-
[2026-05-06T11:11:44.148+00:00] [INFO] Running /tetra/qairt_env/default/2.45.0/bin/python3 /qairt_sdk/default/2.45.0/bin/x86_64-linux-clang/qairt-converter --input_network /tmp/tmpayf9cjir/tmp_xhaq8qk.onnx --output_path /tmp/tmpayf9cjir/graph_mn2_j93e.dlc --preserve_onnx_output_order
[2026-05-06T11:11:44.856+00:00] [INFO] 2026-05-06 11:11:44,855 - 278 - INFO - INFO_INITIALIZATION_SUCCESS: 
[2026-05-06T11:11:45.045+00:00] [INFO] 2026-05-06 11:11:45,044 - 283 - WARNING - Unable to register converter supported Operation [Inverse:Version 1] with your Onnx installation. Converter will bail if Model contains this Op.
[2026-05-06T11:11:45.051+00:00] [INFO] 2026-05-06 11:11:45,051 - 283 - WARNING - Unable to register converter supported Operation [RMSNormalization:Version 23] with your Onnx installation. Converter will bail if Model contains this Op.
[2026-05-06T11:11:45.057+00:00] [INFO] 2026-05-06 11:11:45,057 - 283 - WARNING - Unable to register converter supported Operation [RotaryEmbedding:Version 23] with your Onnx installation. Converter will bail if Model contains this Op.
[2026-05-06T11:11:45.232+00:00] [INFO] 2026-05-06 11:11:45,231 - 283 - WARNING - --desired_input_shape and -d are deprecated. Use --source_model_input_shape or -s for achieving this functionality
[2026-05-06T11:11:45.232+00:00] [INFO] 2026-05-06 11:11:45,232 - 278 - INFO - Input shape info 
[2026-05-06T11:11:45.635+00:00] [INFO] 2026-05-06 11:11:45,634 - 283 - WARNING - Symbolic shape inference Failed. Exception: Onnxruntime package not found in current environment. Symbolic Shape Inference will be skipped.. Running normal shape inference.
[2026-05-06T11:11:46.135+00:00] [INFO] 2026-05-06 11:11:46,135 - 283 - WARNING - Onnx model simplification failed due to: No module named 'onnxsim'
[2026-05-06T11:11:46.136+00:00] [INFO] 2026-05-06 11:11:46,135 - 283 - WARNING - Simplified model validation failed
[2026-05-06T11:11:46.385+00:00] [INFO] 2026-05-06 11:11:46,385 - 283 - WARNING - Onnx model simplification failed due to: No module named 'onnxsim'
[2026-05-06T11:11:46.386+00:00] [INFO] 2026-05-06 11:11:46,385 - 283 - WARNING - Simplified model validation failed
[2026-05-06T11:11:46.951+00:00] [INFO] 2026-05-06 11:11:46,951 - 283 - WARNING - GEMM operation is not supported in the general case, attempting to interpret as FC
[2026-05-06T11:11:47.055+00:00] [INFO] 2026-05-06 11:11:47,054 - 283 - WARNING - Unused Input nodes found: []
[2026-05-06T11:11:50.842+00:00] [INFO] 2026-05-06 11:11:50,842 - 278 - INFO - INFO_INITIALIZATION_SUCCESS: 
[2026-05-06T11:11:51.013+00:00] [INFO] handleReshapeOp: Squash Reshape Op: Reshape_post_node_select_2_identity due to IdentityOp. Input shape: IrTensorShape(dims = [1,768] , dy_axes=[]), shape after IrTensorShape(dims = [1,768] , dy_axes=[])
[2026-05-06T11:11:51.018+00:00] [INFO] reEvalMacsParams: Re-evaluated graph statistics after IrOptimizer optimization passes:
[2026-05-06T11:11:51.018+00:00] [INFO] reEvalMacsParams: Total MACs: 328173312
[2026-05-06T11:11:51.018+00:00] [INFO] reEvalMacsParams: Total Params Count: 92102400
[2026-05-06T11:11:51.635+00:00] [INFO] 2026-05-06 11:11:51,634 - 278 - INFO - INFO_CONVERSION_SUCCESS: Conversion completed successfully
[2026-05-06T11:11:52.852+00:00] [INFO] Memory: 3.7GiB / 40.0GiB (9%) | working_set: 2.9GiB | peak: 3.8GiB
[2026-05-06T11:11:53.303+00:00] [INFO] 2026-05-06 11:11:53,303 - 278 - INFO - INFO_WRITE_SUCCESS: 
[2026-05-06T11:11:53.641+00:00] [INFO] -=- Generating .json file from .dlc model (qairt-dlc-to-json) -=-
[2026-05-06T11:11:53.641+00:00] [INFO] Running /qairt_sdk/default/2.45.0/bin/x86_64-linux-clang/qairt-dlc-to-json -i /tmp/tmpayf9cjir/graph_mn2_j93e.dlc -o /tmp/tmphabuzu2d.json
[2026-05-06T11:11:53.799+00:00] [INFO] Model Json saved at: /tmp/tmphabuzu2d.json
[2026-05-06T11:11:53.826+00:00] [INFO] -=- Quantize DLC (qairt-quantizer) -=-
[2026-05-06T11:11:53.826+00:00] [INFO] Running /tetra/qairt_env/default/2.45.0/bin/python3 /qairt_sdk/default/2.45.0/bin/x86_64-linux-clang/qairt-quantizer --input_dlc /tmp/tmpayf9cjir/graph_mn2_j93e.dlc --output_dlc /tmp/tmpayf9cjir/graph_mn2_j93e.dlc --input_list /tmp/tmpayf9cjir/input_list.txt --weights_bitwidth 8 --act_bitwidth 8
[2026-05-06T11:11:55.391+00:00] [INFO]      0.1ms [  INFO ] Inferences will run in sync mode
[2026-05-06T11:11:55.392+00:00] [INFO] Processing inference input(s):
[2026-05-06T11:11:55.392+00:00] [INFO] image -> /tmp/tmpayf9cjir/inputs0_0.raw
[2026-05-06T11:11:56.272+00:00] [INFO] WARNING: Failed to set thread affinity for cpuset 100. errno = 0. Setting the thread affinity to cpuset fff instead. 
[2026-05-06T11:11:56.272+00:00] [INFO] WARNING: Failed to set thread affinity for cpuset 00. errno = 0. Setting the thread affinity to cpuset fff instead. 
[2026-05-06T11:11:56.272+00:00] [INFO] WARNING: Failed to set thread affinity for cpuset 01. errno = 0. Setting the thread affinity to cpuset fff instead. 
[2026-05-06T11:11:56.273+00:00] [INFO] WARNING: Failed to set thread affinity for cpuset 02. errno = 0. Setting the thread affinity to cpuset fff instead. 
[2026-05-06T11:11:56.273+00:00] [INFO] WARNING: Failed to set thread affinity for cpuset 08. errno = 0. Setting the thread affinity to cpuset fff instead. 
[2026-05-06T11:11:56.273+00:00] [INFO] WARNING: Failed to set thread affinity for cpuset 04. errno = 0. Setting the thread affinity to cpuset fff instead. 
[2026-05-06T11:11:56.273+00:00] [INFO] WARNING: Failed to set thread affinity for cpuset 00. errno = 0. Setting the thread affinity to cpuset fff instead. 
[2026-05-06T11:11:56.273+00:00] [INFO] WARNING: Failed to set thread affinity for cpuset 00. errno = 0. Setting the thread affinity to cpuset fff instead. 
[2026-05-06T11:11:56.273+00:00] [INFO] WARNING: Failed to set thread affinity for cpuset 00. errno = 0. Setting the thread affinity to cpuset fff instead. 
[2026-05-06T11:11:56.273+00:00] [INFO] WARNING: Failed to set thread affinity for cpuset 00. errno = 0. Setting the thread affinity to cpuset fff instead. 
[2026-05-06T11:11:56.273+00:00] [INFO] WARNING: Failed to set thread affinity for cpuset 00. errno = 0. Setting the thread affinity to cpuset fff instead. 
[2026-05-06T11:11:56.273+00:00] [INFO] WARNING: Failed to set thread affinity for cpuset 00. errno = 0. Setting the thread affinity to cpuset fff instead. 
[2026-05-06T11:11:56.274+00:00] [INFO] WARNING: Failed to set thread affinity for cpuset 00. errno = 0. Setting the thread affinity to cpuset fff instead. 
[2026-05-06T11:11:56.274+00:00] [INFO] WARNING: Failed to set thread affinity for cpuset 00. errno = 0. Setting the thread affinity to cpuset fff instead. 
[2026-05-06T11:11:56.274+00:00] [INFO] WARNING: Failed to set thread affinity for cpuset 00. errno = 0. Setting the thread affinity to cpuset fff instead. 
[2026-05-06T11:11:56.275+00:00] [INFO] WARNING: Failed to set thread affinity for cpuset 00. errno = 0. Setting the thread affinity to cpuset fff instead. 
[2026-05-06T11:11:56.275+00:00] [INFO] WARNING: Failed to set thread affinity for cpuset 00. errno = 0. Setting the thread affinity to cpuset fff instead. 
[2026-05-06T11:11:56.275+00:00] [INFO] WARNING: Failed to set thread affinity for cpuset 00. errno = 0. Setting the thread affinity to cpuset fff instead. 
[2026-05-06T11:11:56.276+00:00] [INFO] WARNING: Failed to set thread affinity for cpuset 00. errno = 0. Setting the thread affinity to cpuset fff instead. 
[2026-05-06T11:11:56.276+00:00] [INFO] WARNING: Failed to set thread affinity for cpuset 00. errno = 0. Setting the thread affinity to cpuset fff instead. 
[2026-05-06T11:11:56.276+00:00] [INFO] WARNING: Failed to set thread affinity for cpuset 00. errno = 0. Setting the thread affinity to cpuset fff instead. 
[2026-05-06T11:11:56.277+00:00] [INFO] WARNING: Failed to set thread affinity for cpuset 00. errno = 0. Setting the thread affinity to cpuset fff instead. 
[2026-05-06T11:11:56.277+00:00] [INFO] WARNING: Failed to set thread affinity for cpuset 00. errno = 0. Setting the thread affinity to cpuset fff instead. 
[2026-05-06T11:11:56.277+00:00] [INFO] WARNING: Failed to set thread affinity for cpuset 00. errno = 0. Setting the thread affinity to cpuset fff instead. 
[2026-05-06T11:11:56.278+00:00] [INFO] WARNING: Failed to set thread affinity for cpuset 00. errno = 0. Setting the thread affinity to cpuset fff instead. 
[2026-05-06T11:11:56.278+00:00] [INFO] WARNING: Failed to set thread affinity for cpuset 00. errno = 0. Setting the thread affinity to cpuset fff instead. 
[2026-05-06T11:11:56.278+00:00] [INFO] WARNING: Failed to set thread affinity for cpuset 00. errno = 0. Setting the thread affinity to cpuset fff instead. 
[2026-05-06T11:11:56.279+00:00] [INFO] WARNING: Failed to set thread affinity for cpuset 00. errno = 0. Setting the thread affinity to cpuset fff instead. 
[2026-05-06T11:11:56.279+00:00] [INFO] WARNING: Failed to set thread affinity for cpuset 00. errno = 0. Setting the thread affinity to cpuset fff instead. 
[2026-05-06T11:11:56.279+00:00] [INFO] WARNING: Failed to set thread affinity for cpuset 00. errno = 0. Setting the thread affinity to cpuset fff instead. 
[2026-05-06T11:11:56.280+00:00] [INFO] WARNING: Failed to set thread affinity for cpuset 00. errno = 0. Setting the thread affinity to cpuset fff instead. 
[2026-05-06T11:11:56.280+00:00] [INFO] WARNING: Failed to set thread affinity for cpuset 00. errno = 0. Setting the thread affinity to cpuset fff instead. 
[2026-05-06T11:11:56.281+00:00] [INFO] WARNING: Failed to set thread affinity for cpuset 00. errno = 0. Setting the thread affinity to cpuset fff instead. 
[2026-05-06T11:11:56.281+00:00] [INFO] WARNING: Failed to set thread affinity for cpuset 00. errno = 0. Setting the thread affinity to cpuset fff instead. 
[2026-05-06T11:11:56.281+00:00] [INFO] WARNING: Failed to set thread affinity for cpuset 00. errno = 0. Setting the thread affinity to cpuset fff instead. 
[2026-05-06T11:11:56.282+00:00] [INFO] WARNING: Failed to set thread affinity for cpuset 00. errno = 0. Setting the thread affinity to cpuset fff instead. 
[2026-05-06T11:11:56.282+00:00] [INFO] WARNING: Failed to set thread affinity for cpuset 00. errno = 0. Setting the thread affinity to cpuset fff instead. 
[2026-05-06T11:11:56.282+00:00] [INFO] WARNING: Failed to set thread affinity for cpuset 200. errno = 0. Setting the thread affinity to cpuset fff instead. 
[2026-05-06T11:11:56.282+00:00] [INFO] WARNING: Failed to set thread affinity for cpuset 800. errno = 0. Setting the thread affinity to cpuset fff instead. 
[2026-05-06T11:11:56.282+00:00] [INFO] WARNING: Failed to set thread affinity for cpuset 00. errno = 0. Setting the thread affinity to cpuset fff instead. 
[2026-05-06T11:11:56.282+00:00] [INFO] WARNING: Failed to set thread affinity for cpuset 00. errno = 0. Setting the thread affinity to cpuset fff instead. 
[2026-05-06T11:11:56.282+00:00] [INFO] WARNING: Failed to set thread affinity for cpuset 400. errno = 0. Setting the thread affinity to cpuset fff instead. 
[2026-05-06T11:11:56.282+00:00] [INFO] WARNING: Failed to set thread affinity for cpuset 80. errno = 0. Setting the thread affinity to cpuset fff instead. 
[2026-05-06T11:11:56.282+00:00] [INFO] WARNING: Failed to set thread affinity for cpuset 00. errno = 0. Setting the thread affinity to cpuset fff instead. 
[2026-05-06T11:11:56.282+00:00] [INFO] WARNING: Failed to set thread affinity for cpuset 40. errno = 0. Setting the thread affinity to cpuset fff instead. 
[2026-05-06T11:11:56.283+00:00] [INFO] WARNING: Failed to set thread affinity for cpuset 10. errno = 0. Setting the thread affinity to cpuset fff instead. 
[2026-05-06T11:11:56.283+00:00] [INFO] WARNING: Failed to set thread affinity for cpuset 00. errno = 0. Setting the thread affinity to cpuset fff instead. 
[2026-05-06T11:11:56.287+00:00] [INFO] WARNING: Failed to set thread affinity for cpuset 01. errno = 0. Setting the thread affinity to cpuset fff instead. 
[2026-05-06T11:11:56.287+00:00] [INFO] WARNING: Failed to set thread affinity for cpuset 00. errno = 0. Setting the thread affinity to cpuset fff instead. 
[2026-05-06T11:11:56.287+00:00] [INFO] WARNING: Failed to set thread affinity for cpuset 00. errno = 0. Setting the thread affinity to cpuset fff instead. 
[2026-05-06T11:11:56.287+00:00] [INFO] WARNING: Failed to set thread affinity for cpuset 00. errno = 0. Setting the thread affinity to cpuset fff instead. 
[2026-05-06T11:11:56.287+00:00] [INFO] WARNING: Failed to set thread affinity for cpuset 00. errno = 0. Setting the thread affinity to cpuset fff instead. 
[2026-05-06T11:11:56.287+00:00] [INFO] WARNING: Failed to set thread affinity for cpuset 00. errno = 0. Setting the thread affinity to cpuset fff instead. 
[2026-05-06T11:11:56.287+00:00] [INFO] WARNING: Failed to set thread affinity for cpuset 00. errno = 0. Setting the thread affinity to cpuset fff instead. 
[2026-05-06T11:11:56.287+00:00] [INFO] WARNING: Failed to set thread affinity for cpuset 00. errno = 0. Setting the thread affinity to cpuset fff instead. 
[2026-05-06T11:11:56.288+00:00] [INFO] WARNING: Failed to set thread affinity for cpuset 00. errno = 0. Setting the thread affinity to cpuset fff instead. 
[2026-05-06T11:11:56.288+00:00] [INFO] WARNING: Failed to set thread affinity for cpuset 00. errno = 0. Setting the thread affinity to cpuset fff instead. 
[2026-05-06T11:11:56.288+00:00] [INFO] WARNING: Failed to set thread affinity for cpuset 00. errno = 0. Setting the thread affinity to cpuset fff instead. 
[2026-05-06T11:11:56.288+00:00] [INFO] WARNING: Failed to set thread affinity for cpuset 00. errno = 0. Setting the thread affinity to cpuset fff instead. 
[2026-05-06T11:11:56.288+00:00] [INFO] WARNING: Failed to set thread affinity for cpuset 00. errno = 0. Setting the thread affinity to cpuset fff instead. 
[2026-05-06T11:11:56.288+00:00] [INFO] WARNING: Failed to set thread affinity for cpuset 00. errno = 0. Setting the thread affinity to cpuset fff instead. 
[2026-05-06T11:11:56.288+00:00] [INFO] WARNING: Failed to set thread affinity for cpuset 00. errno = 0. Setting the thread affinity to cpuset fff instead. 
[2026-05-06T11:11:56.288+00:00] [INFO] WARNING: Failed to set thread affinity for cpuset 00. errno = 0. Setting the thread affinity to cpuset fff instead. 
[2026-05-06T11:11:56.288+00:00] [INFO] WARNING: Failed to set thread affinity for cpuset 00. errno = 0. Setting the thread affinity to cpuset fff instead. 
[2026-05-06T11:11:56.288+00:00] [INFO] WARNING: Failed to set thread affinity for cpuset 00. errno = 0. Setting the thread affinity to cpuset fff instead. 
[2026-05-06T11:11:56.289+00:00] [INFO] WARNING: Failed to set thread affinity for cpuset 00. errno = 0. Setting the thread affinity to cpuset fff instead. 
[2026-05-06T11:11:56.289+00:00] [INFO] WARNING: Failed to set thread affinity for cpuset 00. errno = 0. Setting the thread affinity to cpuset fff instead. 
[2026-05-06T11:11:56.289+00:00] [INFO] WARNING: Failed to set thread affinity for cpuset 00. errno = 0. Setting the thread affinity to cpuset fff instead. 
[2026-05-06T11:11:56.289+00:00] [INFO] WARNING: Failed to set thread affinity for cpuset 00. errno = 0. Setting the thread affinity to cpuset fff instead. 
[2026-05-06T11:11:56.289+00:00] [INFO] WARNING: Failed to set thread affinity for cpuset 00. errno = 0. Setting the thread affinity to cpuset fff instead. 
[2026-05-06T11:11:56.289+00:00] [INFO] WARNING: Failed to set thread affinity for cpuset 00. errno = 0. Setting the thread affinity to cpuset fff instead. 
[2026-05-06T11:11:56.289+00:00] [INFO] WARNING: Failed to set thread affinity for cpuset 00. errno = 0. Setting the thread affinity to cpuset fff instead. 
[2026-05-06T11:11:56.289+00:00] [INFO] WARNING: Failed to set thread affinity for cpuset 00. errno = 0. Setting the thread affinity to cpuset fff instead. 
[2026-05-06T11:11:56.289+00:00] [INFO] WARNING: Failed to set thread affinity for cpuset 00. errno = 0. Setting the thread affinity to cpuset fff instead. 
[2026-05-06T11:11:56.289+00:00] [INFO] WARNING: Failed to set thread affinity for cpuset 00. errno = 0. Setting the thread affinity to cpuset fff instead. 
[2026-05-06T11:11:56.289+00:00] [INFO] WARNING: Failed to set thread affinity for cpuset 00. errno = 0. Setting the thread affinity to cpuset fff instead. 
[2026-05-06T11:11:56.289+00:00] [INFO] WARNING: Failed to set thread affinity for cpuset 00. errno = 0. Setting the thread affinity to cpuset fff instead. 
[2026-05-06T11:11:56.289+00:00] [INFO] WARNING: Failed to set thread affinity for cpuset 00. errno = 0. Setting the thread affinity to cpuset fff instead. 
[2026-05-06T11:11:56.290+00:00] [INFO] WARNING: Failed to set thread affinity for cpuset 00. errno = 0. Setting the thread affinity to cpuset fff instead. 
[2026-05-06T11:11:56.290+00:00] [INFO] WARNING: Failed to set thread affinity for cpuset 00. errno = 0. Setting the thread affinity to cpuset fff instead. 
[2026-05-06T11:11:56.290+00:00] [INFO] WARNING: Failed to set thread affinity for cpuset 00. errno = 0. Setting the thread affinity to cpuset fff instead. 
[2026-05-06T11:11:56.290+00:00] [INFO] WARNING: Failed to set thread affinity for cpuset 00. errno = 0. Setting the thread affinity to cpuset fff instead. 
[2026-05-06T11:11:56.290+00:00] [INFO] WARNING: Failed to set thread affinity for cpuset 00. errno = 0. Setting the thread affinity to cpuset fff instead. 
[2026-05-06T11:11:56.290+00:00] [INFO] WARNING: Failed to set thread affinity for cpuset 00. errno = 0. Setting the thread affinity to cpuset fff instead. 
[2026-05-06T11:11:56.290+00:00] [INFO] WARNING: Failed to set thread affinity for cpuset 00. errno = 0. Setting the thread affinity to cpuset fff instead. 
[2026-05-06T11:11:56.290+00:00] [INFO] WARNING: Failed to set thread affinity for cpuset 00. errno = 0. Setting the thread affinity to cpuset fff instead. 
[2026-05-06T11:11:56.290+00:00] [INFO] WARNING: Failed to set thread affinity for cpuset 00. errno = 0. Setting the thread affinity to cpuset fff instead. 
[2026-05-06T11:11:56.290+00:00] [INFO] WARNING: Failed to set thread affinity for cpuset 04. errno = 0. Setting the thread affinity to cpuset fff instead. 
[2026-05-06T11:11:56.290+00:00] [INFO] WARNING: Failed to set thread affinity for cpuset 00. errno = 0. Setting the thread affinity to cpuset fff instead. 
[2026-05-06T11:11:56.290+00:00] [INFO] WARNING: Failed to set thread affinity for cpuset 00. errno = 0. Setting the thread affinity to cpuset fff instead. 
[2026-05-06T11:11:56.290+00:00] [INFO] WARNING: Failed to set thread affinity for cpuset 00. errno = 0. Setting the thread affinity to cpuset fff instead. 
[2026-05-06T11:11:56.290+00:00] [INFO] WARNING: Failed to set thread affinity for cpuset 00. errno = 0. Setting the thread affinity to cpuset fff instead. 
[2026-05-06T11:11:56.290+00:00] [INFO] WARNING: Failed to set thread affinity for cpuset 00. errno = 0. Setting the thread affinity to cpuset fff instead. 
[2026-05-06T11:11:56.290+00:00] [INFO] WARNING: Failed to set thread affinity for cpuset 00. errno = 0. Setting the thread affinity to cpuset fff instead. 
[2026-05-06T11:11:56.291+00:00] [INFO] WARNING: Failed to set thread affinity for cpuset 00. errno = 0. Setting the thread affinity to cpuset fff instead. 
[2026-05-06T11:11:56.291+00:00] [INFO] WARNING: Failed to set thread affinity for cpuset 08. errno = 0. Setting the thread affinity to cpuset fff instead. 
[2026-05-06T11:11:56.291+00:00] [INFO] WARNING: Failed to set thread affinity for cpuset 00. errno = 0. Setting the thread affinity to cpuset fff instead. 
[2026-05-06T11:11:56.291+00:00] [INFO] WARNING: Failed to set thread affinity for cpuset 400. errno = 0. Setting the thread affinity to cpuset fff instead. 
[2026-05-06T11:11:56.291+00:00] [INFO] WARNING: Failed to set thread affinity for cpuset 00. errno = 0. Setting the thread affinity to cpuset fff instead. 
[2026-05-06T11:11:56.291+00:00] [INFO] WARNING: Failed to set thread affinity for cpuset 800. errno = 0. Setting the thread affinity to cpuset fff instead. 
[2026-05-06T11:11:56.291+00:00] [INFO] WARNING: Failed to set thread affinity for cpuset 40. errno = 0. Setting the thread affinity to cpuset fff instead. 
[2026-05-06T11:11:56.291+00:00] [INFO] WARNING: Failed to set thread affinity for cpuset 02. errno = 0. Setting the thread affinity to cpuset fff instead. 
[2026-05-06T11:11:56.291+00:00] [INFO] WARNING: Failed to set thread affinity for cpuset 80. errno = 0. Setting the thread affinity to cpuset fff instead. 
[2026-05-06T11:11:56.291+00:00] [INFO] WARNING: Failed to set thread affinity for cpuset 00. errno = 0. Setting the thread affinity to cpuset fff instead. 
[2026-05-06T11:11:56.291+00:00] [INFO] WARNING: Failed to set thread affinity for cpuset 00. errno = 0. Setting the thread affinity to cpuset fff instead. 
[2026-05-06T11:11:56.291+00:00] [INFO] WARNING: Failed to set thread affinity for cpuset 10. errno = 0. Setting the thread affinity to cpuset fff instead. 
[2026-05-06T11:11:56.292+00:00] [INFO] WARNING: Failed to set thread affinity for cpuset 00. errno = 0. Setting the thread affinity to cpuset fff instead. 
[2026-05-06T11:11:56.292+00:00] [INFO] WARNING: Failed to set thread affinity for cpuset 200. errno = 0. Setting the thread affinity to cpuset fff instead. 
[2026-05-06T11:11:56.292+00:00] [INFO] WARNING: Failed to set thread affinity for cpuset 100. errno = 0. Setting the thread affinity to cpuset fff instead. 
[2026-05-06T11:11:56.292+00:00] [INFO] WARNING: Failed to set thread affinity for cpuset 00. errno = 0. Setting the thread affinity to cpuset fff instead. 
[2026-05-06T11:12:07.109+00:00] [INFO] WARNING: Failed to set thread affinity for cpuset 01. errno = 0. Setting the thread affinity to cpuset fff instead. 
[2026-05-06T11:12:07.109+00:00] [INFO] WARNING: Failed to set thread affinity for cpuset 02. errno = 0. Setting the thread affinity to cpuset fff instead. 
[2026-05-06T11:12:07.109+00:00] [INFO] WARNING: Failed to set thread affinity for cpuset 08. errno = 0. Setting the thread affinity to cpuset fff instead. 
[2026-05-06T11:12:07.109+00:00] [INFO] WARNING: Failed to set thread affinity for cpuset 04. errno = 0. Setting the thread affinity to cpuset fff instead. 
[2026-05-06T11:12:07.110+00:00] [INFO] WARNING: Failed to set thread affinity for cpuset 01. errno = 0. Setting the thread affinity to cpuset fff instead. 
[2026-05-06T11:12:07.110+00:00] [INFO] WARNING: Failed to set thread affinity for cpuset 02. errno = 0. Setting the thread affinity to cpuset fff instead. 
[2026-05-06T11:12:07.110+00:00] [INFO] WARNING: Failed to set thread affinity for cpuset 08. errno = 0. Setting the thread affinity to cpuset fff instead. 
[2026-05-06T11:12:07.110+00:00] [INFO] WARNING: Failed to set thread affinity for cpuset 04. errno = 0. Setting the thread affinity to cpuset fff instead. 
[2026-05-06T11:12:07.110+00:00] [INFO] WARNING: Failed to set thread affinity for cpuset 02. errno = 0. Setting the thread affinity to cpuset fff instead. 
[2026-05-06T11:12:07.111+00:00] [INFO] WARNING: Failed to set thread affinity for cpuset 08. errno = 0. Setting the thread affinity to cpuset fff instead. 
[2026-05-06T11:12:07.111+00:00] [INFO] WARNING: Failed to set thread affinity for cpuset 04. errno = 0. Setting the thread affinity to cpuset fff instead. 
[2026-05-06T11:12:07.111+00:00] [INFO] WARNING: Failed to set thread affinity for cpuset 01. errno = 0. Setting the thread affinity to cpuset fff instead. 
[2026-05-06T11:12:08.129+00:00] [INFO] 2026-05-06 11:12:08,129 - 278 - INFO - Quantization completed successfully: 
[2026-05-06T11:12:08.130+00:00] [INFO]      0.3ms [  INFO ] No BackendExtensions lib provided;initializing NetRunBackend Interface
[2026-05-06T11:12:08.130+00:00] [INFO]      0.3ms [  INFO ] No platform-specific callback implementation available
[2026-05-06T11:12:08.130+00:00] [INFO]      0.4ms [  INFO ] [QNN_CPU] CpuBackend creation start
[2026-05-06T11:12:08.130+00:00] [INFO]      0.4ms [  INFO ] [QNN_CPU] CpuBackend creation end
[2026-05-06T11:12:08.130+00:00] [INFO]      0.7ms [WARNING] Unable to find a device with NetRunDeviceKeyDefault in Library NetRunBackendLibKeyDefault
[2026-05-06T11:12:08.131+00:00] [INFO]      0.7ms [WARNING] Profile Logger with name = defaultKey doesn't exist! Returning nullptr
[2026-05-06T11:12:08.131+00:00] [INFO]      0.4ms [  INFO ] [QNN_CPU] QnnContext create start
[2026-05-06T11:12:08.131+00:00] [INFO]      0.4ms [  INFO ] [QNN_CPU] QnnContext create end
[2026-05-06T11:12:08.131+00:00] [INFO]      2.1ms [  INFO ] Entering QuantizeRuntimeApp flow
[2026-05-06T11:12:08.131+00:00] [INFO]      2.2ms [WARNING] Profile Logger with name = defaultKey doesn't exist! Returning nullptr
[2026-05-06T11:12:08.131+00:00] [INFO]    550.9ms [  INFO ] [QNN_CPU] CpuGraph creation start
[2026-05-06T11:12:08.131+00:00] [INFO]    550.9ms [  INFO ] [QNN_CPU] CpuGraph creation end
[2026-05-06T11:12:08.131+00:00] [INFO]    550.9ms [  INFO ] [QNN_CPU] QnnGraph create end
[2026-05-06T11:12:08.131+00:00] [INFO]    869.4ms [  INFO ] [QNN_CPU] QnnGraph finalize start
[2026-05-06T11:12:08.131+00:00] [INFO]    871.2ms [  INFO ] [QNN_CPU] QnnGraph finalize end
[2026-05-06T11:12:08.131+00:00] [INFO]    871.9ms [  INFO ] [QNN_CPU] QnnGraph execute start
[2026-05-06T11:12:08.132+00:00] [INFO]  11719.9ms [  INFO ] [QNN_CPU] QnnGraph execute end
[2026-05-06T11:12:08.132+00:00] [INFO]  11718.8ms [  INFO ] cleaning up resources for input tensors
[2026-05-06T11:12:08.132+00:00] [INFO]  11718.9ms [  INFO ] cleaning up resources for output tensors
[2026-05-06T11:12:08.132+00:00] [INFO] reEvalMacsParams: Re-evaluated graph statistics after IrOptimizer optimization passes:
[2026-05-06T11:12:08.132+00:00] [INFO] reEvalMacsParams: Total MACs: 352753152
[2026-05-06T11:12:08.132+00:00] [INFO] reEvalMacsParams: Total Params Count: 92102400
[2026-05-06T11:12:08.471+00:00] [INFO] 2026-05-06 11:12:08,470 - 278 - INFO - Quantized Model saved at: /tmp/tmpayf9cjir/graph_mn2_j93e.dlc 
[2026-05-06T11:12:08.536+00:00] [INFO]  12737.0ms [  INFO ] Freeing graphsInfo
[2026-05-06T11:12:08.536+00:00] [INFO]  12737.0ms [WARNING] Profile Logger with name = defaultKey doesn't exist! Returning nullptr
[2026-05-06T11:12:08.536+00:00] [INFO]  12738.8ms [  INFO ] [QNN_CPU] QnnContext Free start
[2026-05-06T11:12:08.537+00:00] [INFO]  12753.2ms [  INFO ] [QNN_CPU] QnnContext Free end
[2026-05-06T11:12:08.537+00:00] [INFO]  12752.4ms [WARNING] Profile Logger with name = defaultKey doesn't exist!
[2026-05-06T11:12:08.537+00:00] [INFO]  12754.3ms [  INFO ] [QNN_CPU] QnnBackend Free start
[2026-05-06T11:12:08.537+00:00] [INFO]  12754.3ms [  INFO ] [QNN_CPU] QnnBackend Free end
[2026-05-06T11:12:08.598+00:00] [INFO] -=- Generating .json file from .dlc model (qairt-dlc-to-json) -=-
[2026-05-06T11:12:08.599+00:00] [INFO] Running /qairt_sdk/default/2.45.0/bin/x86_64-linux-clang/qairt-dlc-to-json -i /tmp/tmp6xnl6s_g.dlc -o /tmp/tmpvz3r74xx.json
[2026-05-06T11:12:08.748+00:00] [INFO] Model Json saved at: /tmp/tmpvz3r74xx.json
[2026-05-06T11:12:08.815+00:00] [INFO] -=- Generating .json file from .dlc model (qairt-dlc-to-json) -=-
[2026-05-06T11:12:08.815+00:00] [INFO] Running /qairt_sdk/default/2.45.0/bin/x86_64-linux-clang/qairt-dlc-to-json -i /tmp/tmp6xnl6s_g.dlc -o /tmp/tmpo_z0pwf4.json
[2026-05-06T11:12:08.963+00:00] [INFO] Model Json saved at: /tmp/tmpo_z0pwf4.json
[2026-05-06T11:12:08.987+00:00] [INFO] Saving model
[2026-05-06T11:12:09.262+00:00] [INFO] Uploading asset to https://tetrahub-qprod-userdata.s3.amazonaws.com/models/mqee7595q_5kNhbSTsJt52o0uf.dlc?uploadId=_zT8ycQ4.L6rGQQ5nscLKl9nKa1h3bdVR4WjAZBhxAjk672_glr4yaDfK6ck0Udwnbo12ajUKLdlolPkIs4bHWRlGDiOYn7ZFOk8fKcRrqPq.rcU5bi1tlu8N0muHSix&partNumber=1&AWSAccessKeyId=AKIAY25OF7UJ3SEYZQT3&Signature=vYOZxdKYRsAFzV3D
[2026-05-06T11:12:10.134+00:00] [INFO] Successfully uploaded asset with response status: 200
[2026-05-06T11:12:10.487+00:00] [INFO] -=- Generating .json file from .dlc model (qairt-dlc-to-json) -=-
[2026-05-06T11:12:10.487+00:00] [INFO] Running /qairt_sdk/default/2.45.0/bin/x86_64-linux-clang/qairt-dlc-to-json -i /tmp/tmp6xnl6s_g.dlc -o /tmp/tmpbxfgcgqb.json
[2026-05-06T11:12:10.636+00:00] [INFO] Model Json saved at: /tmp/tmpbxfgcgqb.json
[2026-05-06T11:12:10.906+00:00] [INFO] Uploading asset to https://tetrahub-qprod-userdata.s3-accelerate.amazonaws.com/
[2026-05-06T11:12:11.022+00:00] [INFO] Successfully uploaded asset with response status: 204
[2026-05-06T11:12:11.022+00:00] [INFO] Successfully computed visualization graph for mqee7595q
[2026-05-06T11:12:11.022+00:00] [INFO] Graph name: graph_mn2_j93e
[2026-05-06T11:12:11.029+00:00] [INFO] -=- QNN DLC models to QNN Context Binary (qnn-context-binary-generator) -=-
[2026-05-06T11:12:11.029+00:00] [INFO] Contents of HTP Settings: {'context': {'weight_sharing_enabled': False}, 'devices': [{'device_id': 0, 'dsp_arch': 'v68', 'soc_model': 93}], 'graphs': [{'fp16_relaxed_precision': 0, 'vtcm_mb': 0, 'O': 3.0, 'graph_names': ['graph_mn2_j93e']}]}
[2026-05-06T11:12:11.029+00:00] [INFO] Contents of HTP Config file used: {'context_configs': {'enable_graphs': ['graph_mn2_j93e']}, 'graph_configs': [{'graph_name': 'graph_mn2_j93e'}], 'backend_extensions': {'shared_library_path': 'libQnnHtpNetRunExtensions.so', 'config_file_path': '/tmp/tmp814w5bow/htp_setting.json'}}
[2026-05-06T11:12:11.030+00:00] [INFO] -=- Generating .json file from .dlc model (qairt-dlc-to-json) -=-
[2026-05-06T11:12:11.030+00:00] [INFO] Running /qairt_sdk/default/2.45.0/bin/x86_64-linux-clang/qairt-dlc-to-json -i /tmp/tmp6xnl6s_g.dlc -o /tmp/tmp5len4ahh.json
[2026-05-06T11:12:11.178+00:00] [INFO] Model Json saved at: /tmp/tmp5len4ahh.json
[2026-05-06T11:12:11.202+00:00] [INFO] Running /qairt_sdk/default/2.45.0/bin/x86_64-linux-clang/qnn-context-binary-generator --backend /qairt_sdk/default/2.45.0/lib/x86_64-linux-clang/libQnnHtp.so --dlc_path /tmp/tmp6xnl6s_g.dlc --output_dir /tmp/tmp814w5bow --binary_file qnn_model --config_file /tmp/tmp814w5bow/htp_context.json --profiling_level detailed --profiling_option optrace
[2026-05-06T11:12:11.204+00:00] [INFO] qnn-context-binary-generator pid:1013
[2026-05-06T11:12:11.343+00:00] [INFO]  <W> Initializing HtpProvider
[2026-05-06T11:12:11.343+00:00] [INFO] Starting stage: Graph Preparation Initializing
[2026-05-06T11:12:11.343+00:00] [INFO] Completed stage: Graph Preparation Initializing (207 us)
[2026-05-06T11:12:11.343+00:00] [INFO] Starting stage: Graph Optimizations
[2026-05-06T11:12:12.692+00:00] [INFO] Completed stage: Graph Optimizations (1349047 us)
[2026-05-06T11:12:12.692+00:00] [INFO] Starting stage: Post Graph Optimization
[2026-05-06T11:12:12.726+00:00] [INFO] Completed stage: Post Graph Optimization (34475 us)
[2026-05-06T11:12:12.966+00:00] [INFO] Starting stage: Graph Sequencing for Target
[2026-05-06T11:12:19.250+00:00] [INFO] Completed stage: Graph Sequencing for Target (6284126 us)
[2026-05-06T11:12:19.250+00:00] [INFO] Starting stage: VTCM Allocation
[2026-05-06T11:12:19.397+00:00] [INFO] Completed stage: VTCM Allocation (147509 us)
[2026-05-06T11:12:19.398+00:00] [INFO] Starting stage: Parallelization Optimization
[2026-05-06T11:12:19.419+00:00] [INFO] Completed stage: Parallelization Optimization (21173 us)
[2026-05-06T11:12:19.425+00:00] [INFO] Starting stage: Finalizing Graph Sequence
[2026-05-06T11:12:19.430+00:00] [INFO] ====== DDR bandwidth summary ======
[2026-05-06T11:12:19.430+00:00] [INFO] spill_bytes=983040
[2026-05-06T11:12:19.431+00:00] [INFO] fill_bytes=983040
[2026-05-06T11:12:19.431+00:00] [INFO] write_total_bytes=1032192
[2026-05-06T11:12:19.431+00:00] [INFO] read_total_bytes=95817728
[2026-05-06T11:12:19.949+00:00] [INFO] Completed stage: Finalizing Graph Sequence (523960 us)
[2026-05-06T11:12:19.949+00:00] [INFO] Starting stage: Completion
[2026-05-06T11:12:19.950+00:00] [INFO] Completed stage: Completion (993 us)
[2026-05-06T11:12:20.274+00:00] [INFO] -=- Getting JSON file for context binary model (qnn-context-binary-utility) -=-
[2026-05-06T11:12:20.275+00:00] [INFO] Running /qairt_sdk/default/2.45.0/bin/x86_64-linux-clang/qnn-context-binary-utility --context_binary /tmp/tmpcy26gygm/model.bin --json_file /tmp/tmp6lkyt45s.json
[2026-05-06T11:12:20.336+00:00] [INFO] Saving model
[2026-05-06T11:12:20.628+00:00] [INFO] Uploading asset to https://tetrahub-qprod-userdata.s3.amazonaws.com/models/mqyov9dxm_vBBBmjYCgbz1funF.bin?uploadId=L6VBxi6BpkmHsbD_F5k_C1q8xY2VAyRSNTHF1jsOiOZvb2x7NyNy1MLNsvZgcXHSKPAb1G7_IVM83Wnvx21h6Ln3uEfl5MeCBhX.HgnrIp_3n1xbqUqSoWPeHJQ_rI_f&partNumber=1&AWSAccessKeyId=AKIAY25OF7UJ3SEYZQT3&Signature=0K1uTlx9qRMMVUXC
[2026-05-06T11:12:21.506+00:00] [INFO] Successfully uploaded asset with response status: 200
[2026-05-06T11:12:21.788+00:00] [INFO] Uploading qnn schematic: default
[2026-05-06T11:12:22.643+00:00] [INFO] Uploading asset to https://tetrahub-qprod-userdata.s3-accelerate.amazonaws.com/
[2026-05-06T11:12:22.784+00:00] [INFO] Successfully uploaded asset with response status: 204
[2026-05-06T11:12:22.784+00:00] [INFO] Successfully computed visualization graph for mqyov9dxm
[2026-05-06T11:12:22.798+00:00] [INFO] -=- Compilation completed -=-
[2026-05-06T11:12:22.798+00:00] [INFO] [compile-post-compile] Memory: 1.9GiB / 40.0GiB (5%) | working_set: 1.7GiB | peak: 3.8GiB
