[2026-06-04T11:17:17.989+00:00] [INFO] [quantize-post-download] Memory: 1.5GiB | working_set: 1.4GiB | peak: 1.9GiB
[2026-06-04T11:17:20.138+00:00] [INFO] AIMET version: 2.31.0
[2026-06-04T11:17:20.189+00:00] [INFO] Using quant scheme: QuantScheme.post_training_tf_enhanced
[2026-06-04T11:17:27.253+00:00] [INFO] Creating Quantization Simulator...
[2026-06-04T11:17:30.439+00:00] [INFO] Finished Creating Quantization Simulator
[2026-06-04T11:17:30.440+00:00] [INFO] Computing Encodings...
[2026-06-04T11:17:46.682+00:00] [INFO] Memory: 6.7GiB | working_set: 6.3GiB | peak: 6.7GiB
[2026-06-04T11:18:46.742+00:00] [INFO] Memory: 7.0GiB | working_set: 6.5GiB | peak: 7.0GiB
[2026-06-04T11:19:46.802+00:00] [INFO] Memory: 7.0GiB | working_set: 6.5GiB | peak: 7.0GiB
[2026-06-04T11:20:46.862+00:00] [INFO] Memory: 7.0GiB | working_set: 6.5GiB | peak: 7.0GiB
[2026-06-04T11:21:46.922+00:00] [INFO] Memory: 7.0GiB | working_set: 6.5GiB | peak: 7.0GiB
[2026-06-04T11:22:46.983+00:00] [INFO] Memory: 7.0GiB | working_set: 6.5GiB | peak: 7.0GiB
[2026-06-04T11:23:47.042+00:00] [INFO] Memory: 7.0GiB | working_set: 6.5GiB | peak: 7.0GiB
[2026-06-04T11:24:47.103+00:00] [INFO] Memory: 7.0GiB | working_set: 6.5GiB | peak: 7.0GiB
[2026-06-04T11:25:47.162+00:00] [INFO] Memory: 7.0GiB | working_set: 6.5GiB | peak: 7.0GiB
[2026-06-04T11:26:47.192+00:00] [INFO] Memory: 7.0GiB | working_set: 6.5GiB | peak: 7.0GiB
[2026-06-04T11:27:47.252+00:00] [INFO] Memory: 7.0GiB | working_set: 6.5GiB | peak: 7.0GiB
[2026-06-04T11:28:47.312+00:00] [INFO] Memory: 7.0GiB | working_set: 6.5GiB | peak: 7.0GiB
[2026-06-04T11:29:47.372+00:00] [INFO] Memory: 7.0GiB | working_set: 6.5GiB | peak: 7.0GiB
[2026-06-04T11:30:47.379+00:00] [INFO] Memory: 7.0GiB | working_set: 6.5GiB | peak: 7.0GiB
[2026-06-04T11:31:47.432+00:00] [INFO] Memory: 7.0GiB | working_set: 6.5GiB | peak: 7.0GiB
[2026-06-04T11:32:47.493+00:00] [INFO] Memory: 7.0GiB | working_set: 6.5GiB | peak: 7.0GiB
[2026-06-04T11:33:47.552+00:00] [INFO] Memory: 7.0GiB | working_set: 6.5GiB | peak: 7.0GiB
[2026-06-04T11:34:22.552+00:00] [INFO] Finished Computing Encodings
[2026-06-04T11:34:47.613+00:00] [INFO] Memory: 7.4GiB | working_set: 6.9GiB | peak: 7.4GiB
[2026-06-04T11:35:47.672+00:00] [INFO] Memory: 7.4GiB | working_set: 6.9GiB | peak: 7.4GiB
[2026-06-04T11:36:47.732+00:00] [INFO] Memory: 7.4GiB | working_set: 6.9GiB | peak: 7.4GiB
[2026-06-04T11:37:47.792+00:00] [INFO] Memory: 7.4GiB | working_set: 6.9GiB | peak: 7.4GiB
[2026-06-04T11:38:47.614+00:00] [INFO] Finished per-layer analysis
[2026-06-04T11:38:47.614+00:00] [INFO] Re-Computing Encodings...
[2026-06-04T11:38:47.852+00:00] [INFO] Memory: 7.4GiB | working_set: 6.9GiB | peak: 7.4GiB
[2026-06-04T11:39:47.912+00:00] [INFO] Memory: 7.4GiB | working_set: 6.9GiB | peak: 7.4GiB
[2026-06-04T11:40:47.972+00:00] [INFO] Memory: 7.4GiB | working_set: 6.9GiB | peak: 7.4GiB
[2026-06-04T11:41:48.032+00:00] [INFO] Memory: 7.4GiB | working_set: 6.9GiB | peak: 7.4GiB
[2026-06-04T11:42:48.092+00:00] [INFO] Memory: 7.4GiB | working_set: 6.9GiB | peak: 7.4GiB
[2026-06-04T11:43:48.153+00:00] [INFO] Memory: 7.4GiB | working_set: 6.9GiB | peak: 7.4GiB
[2026-06-04T11:44:48.192+00:00] [INFO] Memory: 7.4GiB | working_set: 6.9GiB | peak: 7.4GiB
[2026-06-04T11:45:48.253+00:00] [INFO] Memory: 7.4GiB | working_set: 6.9GiB | peak: 7.4GiB
[2026-06-04T11:46:48.312+00:00] [INFO] Memory: 7.4GiB | working_set: 6.9GiB | peak: 7.4GiB
[2026-06-04T11:47:48.372+00:00] [INFO] Memory: 7.4GiB | working_set: 6.9GiB | peak: 7.4GiB
[2026-06-04T11:48:48.420+00:00] [INFO] Memory: 7.4GiB | working_set: 6.9GiB | peak: 7.4GiB
[2026-06-04T11:49:48.472+00:00] [INFO] Memory: 7.4GiB | working_set: 6.9GiB | peak: 7.4GiB
[2026-06-04T11:50:48.532+00:00] [INFO] Memory: 7.4GiB | working_set: 6.9GiB | peak: 7.4GiB
[2026-06-04T11:51:48.592+00:00] [INFO] Memory: 7.4GiB | working_set: 6.9GiB | peak: 7.4GiB
[2026-06-04T11:52:48.652+00:00] [INFO] Memory: 7.4GiB | working_set: 6.9GiB | peak: 7.4GiB
[2026-06-04T11:53:48.712+00:00] [INFO] Memory: 7.4GiB | working_set: 6.9GiB | peak: 7.4GiB
[2026-06-04T11:54:48.772+00:00] [INFO] Memory: 7.4GiB | working_set: 6.9GiB | peak: 7.4GiB
[2026-06-04T11:55:49.267+00:00] [INFO] Memory: 7.4GiB | working_set: 6.9GiB | peak: 7.4GiB
[2026-06-04T11:55:52.277+00:00] [INFO] Finished Re-Computing Encodings
[2026-06-04T11:55:52.289+00:00] [INFO] Exporting QDQ ONNX graph from AIMET quantsim...
[2026-06-04T11:55:56.545+00:00] [INFO] Completed export
| ---AIMET LOGS---
| 2026-06-04 11:17:28,134 - Quant - INFO - Selecting DefaultOpInstanceConfigGenerator to compute the specialized config. hw_version:None
| {"task_name": "quantize", "celery_task_id": null, "handler_name": "kubernetes.job", "job_id": "jgl7en9l5", "attempt_number": 0, "asctime": "04/Jun/2026:11:17:46.682487 +0000", "name": "kubernetes.job", "process": 1, "levelname": "INFO", "message": "Memory: 6.7GiB | working_set: 6.3GiB | peak: 6.7GiB"}
| {"task_name": "quantize", "celery_task_id": null, "handler_name": "kubernetes.job", "job_id": "jgl7en9l5", "attempt_number": 0, "asctime": "04/Jun/2026:11:18:46.742388 +0000", "name": "kubernetes.job", "process": 1, "levelname": "INFO", "message": "Memory: 7.0GiB | working_set: 6.5GiB | peak: 7.0GiB"}
| {"task_name": "quantize", "celery_task_id": null, "handler_name": "kubernetes.job", "job_id": "jgl7en9l5", "attempt_number": 0, "asctime": "04/Jun/2026:11:19:46.802288 +0000", "name": "kubernetes.job", "process": 1, "levelname": "INFO", "message": "Memory: 7.0GiB | working_set: 6.5GiB | peak: 7.0GiB"}
| {"task_name": "quantize", "celery_task_id": null, "handler_name": "kubernetes.job", "job_id": "jgl7en9l5", "attempt_number": 0, "asctime": "04/Jun/2026:11:20:46.862249 +0000", "name": "kubernetes.job", "process": 1, "levelname": "INFO", "message": "Memory: 7.0GiB | working_set: 6.5GiB | peak: 7.0GiB"}
| {"task_name": "quantize", "celery_task_id": null, "handler_name": "kubernetes.job", "job_id": "jgl7en9l5", "attempt_number": 0, "asctime": "04/Jun/2026:11:21:46.922853 +0000", "name": "kubernetes.job", "process": 1, "levelname": "INFO", "message": "Memory: 7.0GiB | working_set: 6.5GiB | peak: 7.0GiB"}
| {"task_name": "quantize", "celery_task_id": null, "handler_name": "kubernetes.job", "job_id": "jgl7en9l5", "attempt_number": 0, "asctime": "04/Jun/2026:11:22:46.983761 +0000", "name": "kubernetes.job", "process": 1, "levelname": "INFO", "message": "Memory: 7.0GiB | working_set: 6.5GiB | peak: 7.0GiB"}
| {"task_name": "quantize", "celery_task_id": null, "handler_name": "kubernetes.job", "job_id": "jgl7en9l5", "attempt_number": 0, "asctime": "04/Jun/2026:11:23:47.042263 +0000", "name": "kubernetes.job", "process": 1, "levelname": "INFO", "message": "Memory: 7.0GiB | working_set: 6.5GiB | peak: 7.0GiB"}
| {"task_name": "quantize", "celery_task_id": null, "handler_name": "kubernetes.job", "job_id": "jgl7en9l5", "attempt_number": 0, "asctime": "04/Jun/2026:11:24:47.103120 +0000", "name": "kubernetes.job", "process": 1, "levelname": "INFO", "message": "Memory: 7.0GiB | working_set: 6.5GiB | peak: 7.0GiB"}
| {"task_name": "quantize", "celery_task_id": null, "handler_name": "kubernetes.job", "job_id": "jgl7en9l5", "attempt_number": 0, "asctime": "04/Jun/2026:11:25:47.162293 +0000", "name": "kubernetes.job", "process": 1, "levelname": "INFO", "message": "Memory: 7.0GiB | working_set: 6.5GiB | peak: 7.0GiB"}
| {"task_name": "quantize", "celery_task_id": null, "handler_name": "kubernetes.job", "job_id": "jgl7en9l5", "attempt_number": 0, "asctime": "04/Jun/2026:11:26:47.192681 +0000", "name": "kubernetes.job", "process": 1, "levelname": "INFO", "message": "Memory: 7.0GiB | working_set: 6.5GiB | peak: 7.0GiB"}
| {"task_name": "quantize", "celery_task_id": null, "handler_name": "kubernetes.job", "job_id": "jgl7en9l5", "attempt_number": 0, "asctime": "04/Jun/2026:11:27:47.252335 +0000", "name": "kubernetes.job", "process": 1, "levelname": "INFO", "message": "Memory: 7.0GiB | working_set: 6.5GiB | peak: 7.0GiB"}
| {"task_name": "quantize", "celery_task_id": null, "handler_name": "kubernetes.job", "job_id": "jgl7en9l5", "attempt_number": 0, "asctime": "04/Jun/2026:11:28:47.312250 +0000", "name": "kubernetes.job", "process": 1, "levelname": "INFO", "message": "Memory: 7.0GiB | working_set: 6.5GiB | peak: 7.0GiB"}
| {"task_name": "quantize", "celery_task_id": null, "handler_name": "kubernetes.job", "job_id": "jgl7en9l5", "attempt_number": 0, "asctime": "04/Jun/2026:11:29:47.372268 +0000", "name": "kubernetes.job", "process": 1, "levelname": "INFO", "message": "Memory: 7.0GiB | working_set: 6.5GiB | peak: 7.0GiB"}
| {"task_name": "quantize", "celery_task_id": null, "handler_name": "kubernetes.job", "job_id": "jgl7en9l5", "attempt_number": 0, "asctime": "04/Jun/2026:11:30:47.379884 +0000", "name": "kubernetes.job", "process": 1, "levelname": "INFO", "message": "Memory: 7.0GiB | working_set: 6.5GiB | peak: 7.0GiB"}
| {"task_name": "quantize", "celery_task_id": null, "handler_name": "kubernetes.job", "job_id": "jgl7en9l5", "attempt_number": 0, "asctime": "04/Jun/2026:11:31:47.432295 +0000", "name": "kubernetes.job", "process": 1, "levelname": "INFO", "message": "Memory: 7.0GiB | working_set: 6.5GiB | peak: 7.0GiB"}
| {"task_name": "quantize", "celery_task_id": null, "handler_name": "kubernetes.job", "job_id": "jgl7en9l5", "attempt_number": 0, "asctime": "04/Jun/2026:11:32:47.493040 +0000", "name": "kubernetes.job", "process": 1, "levelname": "INFO", "message": "Memory: 7.0GiB | working_set: 6.5GiB | peak: 7.0GiB"}
| {"task_name": "quantize", "celery_task_id": null, "handler_name": "kubernetes.job", "job_id": "jgl7en9l5", "attempt_number": 0, "asctime": "04/Jun/2026:11:33:47.552247 +0000", "name": "kubernetes.job", "process": 1, "levelname": "INFO", "message": "Memory: 7.0GiB | working_set: 6.5GiB | peak: 7.0GiB"}
| 2026-06-04 11:55:52,290 - Quant - INFO - onnx::QuantizeLinear and DequantizeLinear with INT4/INT16 are only supported in opset >= 21; got opset=18
| 2026-06-04 11:55:56,254 - Utils - INFO - The opset of the onnx model is updated to 21.
| ---END AIMET LOGS---
[2026-06-04T11:55:56.763+00:00] [INFO] ONNX graph successfully converted to QDQ format
[2026-06-04T11:55:56.763+00:00] [INFO] Computing PSNR between FP32 and INT8 model output...
[2026-06-04T11:56:00.730+00:00] [INFO] PSNR: {'image_embedding': 18.672220763900697}
[2026-06-04T11:56:00.807+00:00] [INFO] [quantize-post-quantize] Memory: 7.6GiB | working_set: 7.2GiB | peak: 9.8GiB
[2026-06-04T11:56:13.091+00:00] [INFO] Uploading asset to https://tetrahub-qprod-userdata.s3.amazonaws.com/models/mqk9g33kn_vRpK6PgIF4yD1pFN.onnx.zip?uploadId=4jb1A6e82Y415aobFWGhynG7mbc0YFmL2bmm7uI_ZijDxhZ8HU1dIYiD5DXx9pcJKlEijYu1MR07Kk5..7wJjMU0oaXRD2EpDkrr.1AglN6xXPfIHcdgZlTMmXdQMsmg&partNumber=1&AWSAccessKeyId=AKIAY25OF7UJV2IL2L3T&Signature=FTVX9rupTS5
[2026-06-04T11:56:16.712+00:00] [INFO] Successfully uploaded asset with response status: 200
[2026-06-04T11:56:17.450+00:00] [INFO] Uploading asset to https://tetrahub-qprod-userdata.s3-accelerate.amazonaws.com/
[2026-06-04T11:56:17.622+00:00] [INFO] Successfully uploaded asset with response status: 204
[2026-06-04T11:56:17.623+00:00] [INFO] Successfully computed visualization graph for mqk9g33kn
