[2026-04-15T06:39:14.180+00:00] [INFO] Compiling model ID mng5l79em
[2026-04-15T06:39:14.180+00:00] [INFO] [compile-pre-compile] Memory: 858.6MiB / 40.0GiB (2%) | working_set: 572.2MiB | peak: 1.0GiB
[2026-04-15T06:39:15.134+00:00] [INFO] -=- Converting ONNX graph: decompose GeLU layers -=-
[2026-04-15T06:39:15.156+00:00] [INFO] Applying ONNX IR shape inference
[2026-04-15T06:39:15.578+00:00] [INFO] Applying ONNX IR rewriter with rules
[2026-04-15T06:39:17.125+00:00] [INFO] Ran 36 passes, 8 triggered
[2026-04-15T06:39:17.125+00:00] [INFO] Passes triggered:
[2026-04-15T06:39:17.151+00:00] [INFO] +---------------------------------+----------+
[2026-04-15T06:39:17.151+00:00] [INFO] | Pass Name                       | Triggers |
[2026-04-15T06:39:17.151+00:00] [INFO] +---------------------------------+----------+
[2026-04-15T06:39:17.151+00:00] [INFO] | OverrideFoldConstantsPass       |        2 |
[2026-04-15T06:39:17.151+00:00] [INFO] | FuseQkvMatMulPass               |        1 |
[2026-04-15T06:39:17.152+00:00] [INFO] | RewritePass                     |        1 |
[2026-04-15T06:39:17.152+00:00] [INFO] | LiftConstantsToInitializersPass |        2 |
[2026-04-15T06:39:17.152+00:00] [INFO] | ShapeInferencePass              |        1 |
[2026-04-15T06:39:17.152+00:00] [INFO] | DeduplicateInitializersPass     |        1 |
[2026-04-15T06:39:17.152+00:00] [INFO] +---------------------------------+----------+
[2026-04-15T06:39:17.154+00:00] [INFO] Model metrics comparison:
[2026-04-15T06:39:17.154+00:00] [INFO] +--------------------+----------+----------+---------+
[2026-04-15T06:39:17.154+00:00] [INFO] | Metric             |   Before |    After |   Delta |
[2026-04-15T06:39:17.154+00:00] [INFO] +--------------------+----------+----------+---------+
[2026-04-15T06:39:17.155+00:00] [INFO] | Op count           |      618 |      508 |    [32m-110[0m |
[2026-04-15T06:39:17.155+00:00] [INFO] | Model size         | 177.3MiB | 176.2MiB | [32m-1.1MiB[0m |
[2026-04-15T06:39:17.155+00:00] [INFO] | Add                |      128 |      127 |      [32m-1[0m |
[2026-04-15T06:39:17.155+00:00] [INFO] | Concat             |       33 |        0 |     [32m-33[0m |
[2026-04-15T06:39:17.155+00:00] [INFO] | Conv               |        1 |        1 |      +0 |
[2026-04-15T06:39:17.155+00:00] [INFO] | Gather             |        4 |        3 |      [32m-1[0m |
[2026-04-15T06:39:17.155+00:00] [INFO] | Gemm               |        1 |        1 |      +0 |
[2026-04-15T06:39:17.155+00:00] [INFO] | LayerNormalization |       26 |       26 |      +0 |
[2026-04-15T06:39:17.155+00:00] [INFO] | MatMul             |      102 |       77 |     [32m-25[0m |
[2026-04-15T06:39:17.155+00:00] [INFO] | Mul                |       78 |       76 |      [32m-2[0m |
[2026-04-15T06:39:17.155+00:00] [INFO] | Pow                |       13 |       13 |      +0 |
[2026-04-15T06:39:17.155+00:00] [INFO] | Reshape            |       80 |       78 |      [32m-2[0m |
[2026-04-15T06:39:17.155+00:00] [INFO] | Shape              |       13 |        0 |     [32m-13[0m |
[2026-04-15T06:39:17.155+00:00] [INFO] | Slice              |       36 |        0 |     [32m-36[0m |
[2026-04-15T06:39:17.155+00:00] [INFO] | Softmax            |       13 |       13 |      +0 |
[2026-04-15T06:39:17.155+00:00] [INFO] | Split              |        2 |       12 |     [31m+10[0m |
[2026-04-15T06:39:17.155+00:00] [INFO] | Squeeze            |        2 |        1 |      [32m-1[0m |
[2026-04-15T06:39:17.155+00:00] [INFO] | Tanh               |       13 |       13 |      +0 |
[2026-04-15T06:39:17.156+00:00] [INFO] | Tile               |        1 |        0 |      [32m-1[0m |
[2026-04-15T06:39:17.156+00:00] [INFO] | Transpose          |       71 |       67 |      [32m-4[0m |
[2026-04-15T06:39:17.156+00:00] [INFO] | Unsqueeze          |        1 |        0 |      [32m-1[0m |
[2026-04-15T06:39:17.156+00:00] [INFO] +--------------------+----------+----------+---------+
[2026-04-15T06:39:24.092+00:00] [INFO] Saving model
[2026-04-15T06:39:24.368+00:00] [INFO] Uploading asset to https://tetrahub-qprod-userdata.s3.amazonaws.com/models/mqe1l0lvm_ir3pIiJEvd19W67n.onnx.zip?uploadId=Tm.jIl.KkILk1I3Zc1xMiYfw433_s50kg.hFZVMLp4jQfwEw.QauqUYw6JZrOukNOju1jn52vIJEe.w_anjPRbVeyYCGnByP6.5789_B7AANnHxNZqvZN.IViPS5uzXz&partNumber=1&AWSAccessKeyId=AKIAY25OF7UJVNKUQANH&Signature=1kMVLn%2BPs
[2026-04-15T06:39:25.901+00:00] [INFO] Successfully uploaded asset with response status: 200
[2026-04-15T06:39:26.541+00:00] [INFO] Uploading asset to https://tetrahub-qprod-userdata.s3-accelerate.amazonaws.com/
[2026-04-15T06:39:26.703+00:00] [INFO] Successfully uploaded asset with response status: 204
[2026-04-15T06:39:26.703+00:00] [INFO] Successfully computed visualization graph for mqe1l0lvm
[2026-04-15T06:39:26.718+00:00] [INFO] =================================== Run compile_to_qnn_dlc =================================== 
[2026-04-15T06:39:26.752+00:00] [INFO] Applying HTP-specific optimizations
[2026-04-15T06:39:27.084+00:00] [INFO] -=- ONNX to QNN DLC (qairt-converter) -=-
[2026-04-15T06:39:27.084+00:00] [INFO] Running /tetra/qairt_env/default/2.45.0/bin/python3 /qairt_sdk/default/2.45.0/bin/x86_64-linux-clang/qairt-converter --input_network /tmp/tmp12j8sbex/tmpquhq7gg0.onnx --output_path /tmp/tmp12j8sbex/graph_gszcug_o.dlc --preserve_io_datatype image output_0 --preserve_onnx_output_order
[2026-04-15T06:39:27.801+00:00] [INFO] 2026-04-15 06:39:27,800 - 278 - INFO - INFO_INITIALIZATION_SUCCESS: 
[2026-04-15T06:39:27.992+00:00] [INFO] 2026-04-15 06:39:27,992 - 283 - WARNING - Unable to register converter supported Operation [Inverse:Version 1] with your Onnx installation. Converter will bail if Model contains this Op.
[2026-04-15T06:39:27.998+00:00] [INFO] 2026-04-15 06:39:27,998 - 283 - WARNING - Unable to register converter supported Operation [RMSNormalization:Version 23] with your Onnx installation. Converter will bail if Model contains this Op.
[2026-04-15T06:39:28.005+00:00] [INFO] 2026-04-15 06:39:28,005 - 283 - WARNING - Unable to register converter supported Operation [RotaryEmbedding:Version 23] with your Onnx installation. Converter will bail if Model contains this Op.
[2026-04-15T06:39:28.172+00:00] [INFO] 2026-04-15 06:39:28,172 - 283 - WARNING - --desired_input_shape and -d are deprecated. Use --source_model_input_shape or -s for achieving this functionality
[2026-04-15T06:39:28.173+00:00] [INFO] 2026-04-15 06:39:28,172 - 278 - INFO - Input shape info 
[2026-04-15T06:39:28.492+00:00] [INFO] 2026-04-15 06:39:28,491 - 283 - WARNING - Symbolic shape inference Failed. Exception: Onnxruntime package not found in current environment. Symbolic Shape Inference will be skipped.. Running normal shape inference.
[2026-04-15T06:39:29.005+00:00] [INFO] 2026-04-15 06:39:29,004 - 283 - WARNING - Onnx model simplification failed due to: No module named 'onnxsim'
[2026-04-15T06:39:29.005+00:00] [INFO] 2026-04-15 06:39:29,005 - 283 - WARNING - Simplified model validation failed
[2026-04-15T06:39:29.250+00:00] [INFO] 2026-04-15 06:39:29,250 - 283 - WARNING - Onnx model simplification failed due to: No module named 'onnxsim'
[2026-04-15T06:39:29.250+00:00] [INFO] 2026-04-15 06:39:29,250 - 283 - WARNING - Simplified model validation failed
[2026-04-15T06:39:29.858+00:00] [INFO] 2026-04-15 06:39:29,858 - 283 - WARNING - GEMM operation is not supported in the general case, attempting to interpret as FC
[2026-04-15T06:39:29.968+00:00] [INFO] 2026-04-15 06:39:29,968 - 283 - WARNING - Unused Input nodes found: []
[2026-04-15T06:39:34.430+00:00] [INFO] 2026-04-15 06:39:34,430 - 278 - INFO - INFO_INITIALIZATION_SUCCESS: 
[2026-04-15T06:39:34.609+00:00] [INFO] handleReshapeOp: Squash Reshape Op: Reshape_post_node_select_2_identity due to IdentityOp. Input shape: IrTensorShape(dims = [1,768] , dy_axes=[]), shape after IrTensorShape(dims = [1,768] , dy_axes=[])
[2026-04-15T06:39:34.614+00:00] [INFO] reEvalMacsParams: Re-evaluated graph statistics after IrOptimizer optimization passes:
[2026-04-15T06:39:34.614+00:00] [INFO] reEvalMacsParams: Total MACs: 335251200
[2026-04-15T06:39:34.614+00:00] [INFO] reEvalMacsParams: Total Params Count: 92074752
[2026-04-15T06:39:35.233+00:00] [INFO] 2026-04-15 06:39:35,233 - 278 - INFO - INFO_CONVERSION_SUCCESS: Conversion completed successfully
[2026-04-15T06:39:37.007+00:00] [INFO] 2026-04-15 06:39:37,007 - 278 - INFO - INFO_WRITE_SUCCESS: 
[2026-04-15T06:39:37.116+00:00] [INFO] -=- Generating .json file from .dlc model (qairt-dlc-to-json) -=-
[2026-04-15T06:39:37.116+00:00] [INFO] Running /qairt_sdk/default/2.45.0/bin/x86_64-linux-clang/qairt-dlc-to-json -i /tmp/tmpzyl6o6nq.dlc -o /tmp/tmp3nxs7458.json
[2026-04-15T06:39:37.274+00:00] [INFO] Model Json saved at: /tmp/tmp3nxs7458.json
[2026-04-15T06:39:37.343+00:00] [INFO] -=- Generating .json file from .dlc model (qairt-dlc-to-json) -=-
[2026-04-15T06:39:37.343+00:00] [INFO] Running /qairt_sdk/default/2.45.0/bin/x86_64-linux-clang/qairt-dlc-to-json -i /tmp/tmpzyl6o6nq.dlc -o /tmp/tmpngpmbj7f.json
[2026-04-15T06:39:37.491+00:00] [INFO] Model Json saved at: /tmp/tmpngpmbj7f.json
[2026-04-15T06:39:37.516+00:00] [INFO] Saving model
[2026-04-15T06:39:37.856+00:00] [INFO] Uploading asset to https://tetrahub-qprod-userdata.s3.amazonaws.com/models/mnzpkekdq_G9C5NjeQ9Dr9JMoy.dlc?uploadId=M8uZ_5lz5c2WENl31jsSUcYxqm1qfZv9WeviuUVHynwSJCrF7l8dLBf3N8zyvR2OHWvM8V4O6a7Db_sXZv68Dt3z0jJ2m6bQDTfwtCgVF927VOLjg3cdArpT_TYwWoIo&partNumber=1&AWSAccessKeyId=AKIAY25OF7UJVNKUQANH&Signature=BZnG6H7c78fmHiu3
[2026-04-15T06:39:41.101+00:00] [INFO] Successfully uploaded asset with response status: 200
[2026-04-15T06:39:41.423+00:00] [INFO] -=- Generating .json file from .dlc model (qairt-dlc-to-json) -=-
[2026-04-15T06:39:41.424+00:00] [INFO] Running /qairt_sdk/default/2.45.0/bin/x86_64-linux-clang/qairt-dlc-to-json -i /tmp/tmpzyl6o6nq.dlc -o /tmp/tmpeyplmw7o.json
[2026-04-15T06:39:41.573+00:00] [INFO] Model Json saved at: /tmp/tmpeyplmw7o.json
[2026-04-15T06:39:41.804+00:00] [INFO] Uploading asset to https://tetrahub-qprod-userdata.s3-accelerate.amazonaws.com/
[2026-04-15T06:39:41.920+00:00] [INFO] Successfully uploaded asset with response status: 204
[2026-04-15T06:39:41.921+00:00] [INFO] Successfully computed visualization graph for mnzpkekdq
[2026-04-15T06:39:41.921+00:00] [INFO] Graph name: graph_gszcug_o
[2026-04-15T06:39:41.959+00:00] [INFO] Tensor 'image' has a floating-point type which is not supported by the targeted device.
| Please quantize the model including its I/O and try again.
