[2026-06-06T12:06:16.348+00:00] [INFO] [quantize-post-download] Memory: 1.5GiB | working_set: 1.4GiB | peak: 1.9GiB
[2026-06-06T12:06:18.518+00:00] [INFO] AIMET version: 2.31.0
[2026-06-06T12:06:18.569+00:00] [INFO] Using quant scheme: QuantScheme.post_training_tf_enhanced
[2026-06-06T12:06:25.656+00:00] [INFO] Creating Quantization Simulator...
[2026-06-06T12:06:28.898+00:00] [INFO] Finished Creating Quantization Simulator
[2026-06-06T12:06:28.898+00:00] [INFO] Computing Encodings...
[2026-06-06T12:06:42.856+00:00] [INFO] Memory: 6.5GiB | working_set: 6.1GiB | peak: 6.5GiB
[2026-06-06T12:07:42.908+00:00] [INFO] Memory: 7.0GiB | working_set: 6.5GiB | peak: 7.0GiB
[2026-06-06T12:08:42.969+00:00] [INFO] Memory: 7.0GiB | working_set: 6.5GiB | peak: 7.0GiB
[2026-06-06T12:09:43.028+00:00] [INFO] Memory: 7.0GiB | working_set: 6.5GiB | peak: 7.0GiB
[2026-06-06T12:10:43.088+00:00] [INFO] Memory: 7.0GiB | working_set: 6.5GiB | peak: 7.0GiB
[2026-06-06T12:11:43.149+00:00] [INFO] Memory: 7.0GiB | working_set: 6.5GiB | peak: 7.0GiB
[2026-06-06T12:12:43.210+00:00] [INFO] Memory: 7.0GiB | working_set: 6.5GiB | peak: 7.0GiB
[2026-06-06T12:13:43.269+00:00] [INFO] Memory: 7.0GiB | working_set: 6.5GiB | peak: 7.0GiB
[2026-06-06T12:14:43.328+00:00] [INFO] Memory: 7.0GiB | working_set: 6.5GiB | peak: 7.0GiB
[2026-06-06T12:15:43.388+00:00] [INFO] Memory: 7.0GiB | working_set: 6.5GiB | peak: 7.0GiB
[2026-06-06T12:16:43.448+00:00] [INFO] Memory: 7.0GiB | working_set: 6.5GiB | peak: 7.0GiB
[2026-06-06T12:17:43.508+00:00] [INFO] Memory: 7.0GiB | working_set: 6.5GiB | peak: 7.0GiB
[2026-06-06T12:18:43.569+00:00] [INFO] Memory: 7.0GiB | working_set: 6.5GiB | peak: 7.0GiB
[2026-06-06T12:19:43.628+00:00] [INFO] Memory: 7.0GiB | working_set: 6.5GiB | peak: 7.0GiB
[2026-06-06T12:20:43.640+00:00] [INFO] Memory: 7.0GiB | working_set: 6.5GiB | peak: 7.0GiB
[2026-06-06T12:21:43.699+00:00] [INFO] Memory: 7.0GiB | working_set: 6.5GiB | peak: 7.0GiB
[2026-06-06T12:22:43.758+00:00] [INFO] Memory: 7.0GiB | working_set: 6.5GiB | peak: 7.0GiB
[2026-06-06T12:23:28.838+00:00] [INFO] Finished Computing Encodings
[2026-06-06T12:23:43.784+00:00] [INFO] Memory: 7.4GiB | working_set: 6.9GiB | peak: 7.4GiB
[2026-06-06T12:24:43.838+00:00] [INFO] Memory: 7.4GiB | working_set: 6.9GiB | peak: 7.4GiB
[2026-06-06T12:25:43.893+00:00] [INFO] Memory: 7.4GiB | working_set: 6.9GiB | peak: 7.4GiB
[2026-06-06T12:26:43.948+00:00] [INFO] Memory: 7.4GiB | working_set: 6.9GiB | peak: 7.4GiB
[2026-06-06T12:27:44.008+00:00] [INFO] Memory: 7.4GiB | working_set: 6.9GiB | peak: 7.4GiB
[2026-06-06T12:28:00.009+00:00] [INFO] Finished per-layer analysis
[2026-06-06T12:28:00.009+00:00] [INFO] Re-Computing Encodings...
[2026-06-06T12:28:44.068+00:00] [INFO] Memory: 7.4GiB | working_set: 6.9GiB | peak: 7.4GiB
[2026-06-06T12:29:44.128+00:00] [INFO] Memory: 7.4GiB | working_set: 6.9GiB | peak: 7.4GiB
[2026-06-06T12:30:44.188+00:00] [INFO] Memory: 7.4GiB | working_set: 6.9GiB | peak: 7.4GiB
[2026-06-06T12:31:44.248+00:00] [INFO] Memory: 7.4GiB | working_set: 6.9GiB | peak: 7.4GiB
[2026-06-06T12:32:44.308+00:00] [INFO] Memory: 7.4GiB | working_set: 6.9GiB | peak: 7.4GiB
[2026-06-06T12:33:44.368+00:00] [INFO] Memory: 7.4GiB | working_set: 6.9GiB | peak: 7.4GiB
[2026-06-06T12:34:44.428+00:00] [INFO] Memory: 7.4GiB | working_set: 6.9GiB | peak: 7.4GiB
[2026-06-06T12:35:44.488+00:00] [INFO] Memory: 7.4GiB | working_set: 6.9GiB | peak: 7.4GiB
[2026-06-06T12:36:44.548+00:00] [INFO] Memory: 7.4GiB | working_set: 6.9GiB | peak: 7.4GiB
[2026-06-06T12:37:44.609+00:00] [INFO] Memory: 7.4GiB | working_set: 6.9GiB | peak: 7.4GiB
[2026-06-06T12:38:44.668+00:00] [INFO] Memory: 7.4GiB | working_set: 6.9GiB | peak: 7.4GiB
[2026-06-06T12:39:44.709+00:00] [INFO] Memory: 7.4GiB | working_set: 6.9GiB | peak: 7.4GiB
[2026-06-06T12:40:44.768+00:00] [INFO] Memory: 7.4GiB | working_set: 6.9GiB | peak: 7.4GiB
[2026-06-06T12:41:44.828+00:00] [INFO] Memory: 7.4GiB | working_set: 6.9GiB | peak: 7.4GiB
[2026-06-06T12:42:44.888+00:00] [INFO] Memory: 7.4GiB | working_set: 6.9GiB | peak: 7.4GiB
[2026-06-06T12:43:45.033+00:00] [INFO] Memory: 7.4GiB | working_set: 6.9GiB | peak: 7.4GiB
[2026-06-06T12:43:53.175+00:00] [INFO] Finished Re-Computing Encodings
[2026-06-06T12:43:53.182+00:00] [INFO] Exporting QDQ ONNX graph from AIMET quantsim...
[2026-06-06T12:43:55.854+00:00] [INFO] Completed export
| ---AIMET LOGS---
| 2026-06-06 12:06:26,557 - Quant - INFO - Selecting DefaultOpInstanceConfigGenerator to compute the specialized config. hw_version:None
| {"task_name": "quantize", "celery_task_id": null, "handler_name": "kubernetes.job", "job_id": "jpe2lnmvp", "attempt_number": 0, "asctime": "06/Jun/2026:12:06:42.856579 +0000", "name": "kubernetes.job", "process": 1, "levelname": "INFO", "message": "Memory: 6.5GiB | working_set: 6.1GiB | peak: 6.5GiB"}
| {"task_name": "quantize", "celery_task_id": null, "handler_name": "kubernetes.job", "job_id": "jpe2lnmvp", "attempt_number": 0, "asctime": "06/Jun/2026:12:07:42.908280 +0000", "name": "kubernetes.job", "process": 1, "levelname": "INFO", "message": "Memory: 7.0GiB | working_set: 6.5GiB | peak: 7.0GiB"}
| {"task_name": "quantize", "celery_task_id": null, "handler_name": "kubernetes.job", "job_id": "jpe2lnmvp", "attempt_number": 0, "asctime": "06/Jun/2026:12:08:42.969198 +0000", "name": "kubernetes.job", "process": 1, "levelname": "INFO", "message": "Memory: 7.0GiB | working_set: 6.5GiB | peak: 7.0GiB"}
| {"task_name": "quantize", "celery_task_id": null, "handler_name": "kubernetes.job", "job_id": "jpe2lnmvp", "attempt_number": 0, "asctime": "06/Jun/2026:12:09:43.028229 +0000", "name": "kubernetes.job", "process": 1, "levelname": "INFO", "message": "Memory: 7.0GiB | working_set: 6.5GiB | peak: 7.0GiB"}
| {"task_name": "quantize", "celery_task_id": null, "handler_name": "kubernetes.job", "job_id": "jpe2lnmvp", "attempt_number": 0, "asctime": "06/Jun/2026:12:10:43.088559 +0000", "name": "kubernetes.job", "process": 1, "levelname": "INFO", "message": "Memory: 7.0GiB | working_set: 6.5GiB | peak: 7.0GiB"}
| {"task_name": "quantize", "celery_task_id": null, "handler_name": "kubernetes.job", "job_id": "jpe2lnmvp", "attempt_number": 0, "asctime": "06/Jun/2026:12:11:43.149280 +0000", "name": "kubernetes.job", "process": 1, "levelname": "INFO", "message": "Memory: 7.0GiB | working_set: 6.5GiB | peak: 7.0GiB"}
| {"task_name": "quantize", "celery_task_id": null, "handler_name": "kubernetes.job", "job_id": "jpe2lnmvp", "attempt_number": 0, "asctime": "06/Jun/2026:12:12:43.210053 +0000", "name": "kubernetes.job", "process": 1, "levelname": "INFO", "message": "Memory: 7.0GiB | working_set: 6.5GiB | peak: 7.0GiB"}
| {"task_name": "quantize", "celery_task_id": null, "handler_name": "kubernetes.job", "job_id": "jpe2lnmvp", "attempt_number": 0, "asctime": "06/Jun/2026:12:13:43.269410 +0000", "name": "kubernetes.job", "process": 1, "levelname": "INFO", "message": "Memory: 7.0GiB | working_set: 6.5GiB | peak: 7.0GiB"}
| {"task_name": "quantize", "celery_task_id": null, "handler_name": "kubernetes.job", "job_id": "jpe2lnmvp", "attempt_number": 0, "asctime": "06/Jun/2026:12:14:43.328246 +0000", "name": "kubernetes.job", "process": 1, "levelname": "INFO", "message": "Memory: 7.0GiB | working_set: 6.5GiB | peak: 7.0GiB"}
| {"task_name": "quantize", "celery_task_id": null, "handler_name": "kubernetes.job", "job_id": "jpe2lnmvp", "attempt_number": 0, "asctime": "06/Jun/2026:12:15:43.388224 +0000", "name": "kubernetes.job", "process": 1, "levelname": "INFO", "message": "Memory: 7.0GiB | working_set: 6.5GiB | peak: 7.0GiB"}
| {"task_name": "quantize", "celery_task_id": null, "handler_name": "kubernetes.job", "job_id": "jpe2lnmvp", "attempt_number": 0, "asctime": "06/Jun/2026:12:16:43.448218 +0000", "name": "kubernetes.job", "process": 1, "levelname": "INFO", "message": "Memory: 7.0GiB | working_set: 6.5GiB | peak: 7.0GiB"}
| {"task_name": "quantize", "celery_task_id": null, "handler_name": "kubernetes.job", "job_id": "jpe2lnmvp", "attempt_number": 0, "asctime": "06/Jun/2026:12:17:43.508208 +0000", "name": "kubernetes.job", "process": 1, "levelname": "INFO", "message": "Memory: 7.0GiB | working_set: 6.5GiB | peak: 7.0GiB"}
| {"task_name": "quantize", "celery_task_id": null, "handler_name": "kubernetes.job", "job_id": "jpe2lnmvp", "attempt_number": 0, "asctime": "06/Jun/2026:12:18:43.569046 +0000", "name": "kubernetes.job", "process": 1, "levelname": "INFO", "message": "Memory: 7.0GiB | working_set: 6.5GiB | peak: 7.0GiB"}
| {"task_name": "quantize", "celery_task_id": null, "handler_name": "kubernetes.job", "job_id": "jpe2lnmvp", "attempt_number": 0, "asctime": "06/Jun/2026:12:19:43.628251 +0000", "name": "kubernetes.job", "process": 1, "levelname": "INFO", "message": "Memory: 7.0GiB | working_set: 6.5GiB | peak: 7.0GiB"}
| {"task_name": "quantize", "celery_task_id": null, "handler_name": "kubernetes.job", "job_id": "jpe2lnmvp", "attempt_number": 0, "asctime": "06/Jun/2026:12:20:43.640355 +0000", "name": "kubernetes.job", "process": 1, "levelname": "INFO", "message": "Memory: 7.0GiB | working_set: 6.5GiB | peak: 7.0GiB"}
| {"task_name": "quantize", "celery_task_id": null, "handler_name": "kubernetes.job", "job_id": "jpe2lnmvp", "attempt_number": 0, "asctime": "06/Jun/2026:12:21:43.699823 +0000", "name": "kubernetes.job", "process": 1, "levelname": "INFO", "message": "Memory: 7.0GiB | working_set: 6.5GiB | peak: 7.0GiB"}
| {"task_name": "quantize", "celery_task_id": null, "handler_name": "kubernetes.job", "job_id": "jpe2lnmvp", "attempt_number": 0, "asctime": "06/Jun/2026:12:22:43.758251 +0000", "name": "kubernetes.job", "process": 1, "levelname": "INFO", "message": "Memory: 7.0GiB | working_set: 6.5GiB | peak: 7.0GiB"}
| ---END AIMET LOGS---
[2026-06-06T12:43:56.090+00:00] [INFO] ONNX graph successfully converted to QDQ format
[2026-06-06T12:43:56.090+00:00] [INFO] Computing PSNR between FP32 and INT8 model output...
[2026-06-06T12:43:59.714+00:00] [INFO] PSNR: {'image_embedding': 20.095267352727326}
[2026-06-06T12:43:59.801+00:00] [INFO] [quantize-post-quantize] Memory: 7.6GiB | working_set: 7.2GiB | peak: 9.4GiB
[2026-06-06T12:44:12.100+00:00] [INFO] Uploading asset to https://tetrahub-qprod-userdata.s3.amazonaws.com/models/mqk9rlk1n_x5ljrkYAYDFPMHYb.onnx.zip?uploadId=OnO8cG5pviuFfhbtrsVoqbHTgc8v2xc2TcrwYu8HrDFeuOxTTLUOauLlcfrJOSTZQ.B4uTEsQzLp2TD2yB4sPiM31vRUSN87XRtRFLn65aAI6PB3cubrjJWoY3BA9hUE&partNumber=1&AWSAccessKeyId=AKIAY25OF7UJWUDZG47O&Signature=FiXLNkev8Vv
[2026-06-06T12:44:15.019+00:00] [INFO] Successfully uploaded asset with response status: 200
[2026-06-06T12:44:15.743+00:00] [INFO] Uploading asset to https://tetrahub-qprod-userdata.s3-accelerate.amazonaws.com/
[2026-06-06T12:44:15.866+00:00] [INFO] Successfully uploaded asset with response status: 204
[2026-06-06T12:44:15.867+00:00] [INFO] Successfully computed visualization graph for mqk9rlk1n
