[2026-05-06T08:01:10.635+00:00] [INFO] Compiling model ID mnle6e43q
[2026-05-06T08:01:10.635+00:00] [INFO] [compile-pre-compile] Memory: 1.0GiB / 40.0GiB (3%) | working_set: 577.7MiB | peak: 1.4GiB
[2026-05-06T08:01:12.555+00:00] [INFO] -=- Converting ONNX graph: decompose GeLU layers -=-
[2026-05-06T08:01:12.572+00:00] [INFO] Applying ONNX IR shape inference
[2026-05-06T08:01:12.829+00:00] [INFO] Upgrading model from opset version 18 to 21 for optimization compatibility
[2026-05-06T08:01:14.672+00:00] [INFO] The opset of the onnx model is updated to 21.
[2026-05-06T08:01:14.684+00:00] [INFO] Applying ONNX IR rewriter with rules
[2026-05-06T08:01:17.410+00:00] [INFO] Ran 57 passes, 19 triggered
[2026-05-06T08:01:17.410+00:00] [INFO] Passes triggered:
[2026-05-06T08:01:17.432+00:00] [INFO] +------------------------------------+----------+
[2026-05-06T08:01:17.432+00:00] [INFO] | Pass Name                          | Triggers |
[2026-05-06T08:01:17.432+00:00] [INFO] +------------------------------------+----------+
[2026-05-06T08:01:17.432+00:00] [INFO] | OverrideFoldConstantsPass          |        2 |
[2026-05-06T08:01:17.432+00:00] [INFO] | FuseQkvMatMulPass                  |        1 |
[2026-05-06T08:01:17.432+00:00] [INFO] | DistributeMulOverAddConstants      |        1 |
[2026-05-06T08:01:17.432+00:00] [INFO] | ReshapeUnsqueeze                   |        2 |
[2026-05-06T08:01:17.432+00:00] [INFO] | ReshapeTransposeReshape            |        2 |
[2026-05-06T08:01:17.432+00:00] [INFO] | _MulIdentity                       |        1 |
[2026-05-06T08:01:17.433+00:00] [INFO] | LiftConstantsToInitializersPass    |        2 |
[2026-05-06T08:01:17.433+00:00] [INFO] | CommonSubexpressionEliminationPass |        3 |
[2026-05-06T08:01:17.433+00:00] [INFO] | ShapeInferencePass                 |        2 |
[2026-05-06T08:01:17.433+00:00] [INFO] | TransposeTranspose                 |        1 |
[2026-05-06T08:01:17.433+00:00] [INFO] | ReshapeSqueeze                     |        1 |
[2026-05-06T08:01:17.433+00:00] [INFO] | DeduplicateInitializersPass        |        1 |
[2026-05-06T08:01:17.433+00:00] [INFO] +------------------------------------+----------+
[2026-05-06T08:01:17.434+00:00] [INFO] Model metrics comparison:
[2026-05-06T08:01:17.434+00:00] [INFO] +--------------------+----------+----------+---------+
[2026-05-06T08:01:17.434+00:00] [INFO] | Metric             |   Before |    After |   Delta |
[2026-05-06T08:01:17.435+00:00] [INFO] +--------------------+----------+----------+---------+
[2026-05-06T08:01:17.435+00:00] [INFO] | Op count           |      618 |      448 |    -170 |
[2026-05-06T08:01:17.435+00:00] [INFO] | Model size         | 354.6MiB | 352.3MiB | -2.3MiB |
[2026-05-06T08:01:17.435+00:00] [INFO] | Add                |      128 |      103 |     -25 |
[2026-05-06T08:01:17.435+00:00] [INFO] | Concat             |       33 |        0 |     -33 |
[2026-05-06T08:01:17.435+00:00] [INFO] | Conv               |        1 |        1 |      +0 |
[2026-05-06T08:01:17.435+00:00] [INFO] | Gather             |        4 |        3 |      -1 |
[2026-05-06T08:01:17.435+00:00] [INFO] | Gemm               |        1 |        1 |      +0 |
[2026-05-06T08:01:17.435+00:00] [INFO] | LayerNormalization |       26 |       26 |      +0 |
[2026-05-06T08:01:17.435+00:00] [INFO] | MatMul             |      102 |       77 |     -25 |
[2026-05-06T08:01:17.435+00:00] [INFO] | Mul                |       78 |       76 |      -2 |
[2026-05-06T08:01:17.435+00:00] [INFO] | Pow                |       13 |       13 |      +0 |
[2026-05-06T08:01:17.435+00:00] [INFO] | Reshape            |       80 |       54 |     -26 |
[2026-05-06T08:01:17.435+00:00] [INFO] | Shape              |       13 |        0 |     -13 |
[2026-05-06T08:01:17.435+00:00] [INFO] | Slice              |       36 |        0 |     -36 |
[2026-05-06T08:01:17.435+00:00] [INFO] | Softmax            |       13 |       13 |      +0 |
[2026-05-06T08:01:17.435+00:00] [INFO] | Split              |        2 |       12 |     +10 |
[2026-05-06T08:01:17.435+00:00] [INFO] | Squeeze            |        2 |        1 |      -1 |
[2026-05-06T08:01:17.435+00:00] [INFO] | Tanh               |       13 |       13 |      +0 |
[2026-05-06T08:01:17.435+00:00] [INFO] | Tile               |        1 |        0 |      -1 |
[2026-05-06T08:01:17.435+00:00] [INFO] | Transpose          |       71 |       55 |     -16 |
[2026-05-06T08:01:17.435+00:00] [INFO] | Unsqueeze          |        1 |        0 |      -1 |
[2026-05-06T08:01:17.435+00:00] [INFO] +--------------------+----------+----------+---------+
[2026-05-06T08:01:17.435+00:00] [INFO] ONNX IR rewriter with rules applied
[2026-05-06T08:01:29.881+00:00] [INFO] Saving model
[2026-05-06T08:01:30.154+00:00] [INFO] Uploading asset to https://tetrahub-qprod-userdata.s3.amazonaws.com/models/mnje4ezdm_PK7VBOq2h6TyjX6E.onnx.zip?uploadId=fLv4h3NF8DjumQD1mPGyCZ4Gcjz9B_S8v6EXfWysM1MkB.sMsLbfQV.jTBs63HomEObD071bKcqYJVjByqkbX4rNz4eDKihGiUyKR6a_oh7XInautKVuwDIn2ti3JSpS&partNumber=1&AWSAccessKeyId=AKIAY25OF7UJ3SEYZQT3&Signature=EWTcLYTmaOx
[2026-05-06T08:01:33.260+00:00] [INFO] Successfully uploaded asset with response status: 200
[2026-05-06T08:01:34.071+00:00] [INFO] Uploading asset to https://tetrahub-qprod-userdata.s3-accelerate.amazonaws.com/
[2026-05-06T08:01:34.162+00:00] [INFO] Successfully uploaded asset with response status: 204
[2026-05-06T08:01:34.162+00:00] [INFO] Successfully computed visualization graph for mnje4ezdm
[2026-05-06T08:01:34.200+00:00] [INFO] =================================== Run compile_to_qnn_dlc =================================== 
[2026-05-06T08:01:34.200+00:00] [INFO] Applying ONNX IR rewriter with rules
[2026-05-06T08:01:37.616+00:00] [INFO] Ran 316 passes, 124 triggered
[2026-05-06T08:01:37.616+00:00] [INFO] Passes triggered:
[2026-05-06T08:01:37.616+00:00] [INFO] +------------------------------------+----------+
[2026-05-06T08:01:37.616+00:00] [INFO] | Pass Name                          | Triggers |
[2026-05-06T08:01:37.616+00:00] [INFO] +------------------------------------+----------+
[2026-05-06T08:01:37.616+00:00] [INFO] | RewriteSplit3ToSlices              |       25 |
[2026-05-06T08:01:37.616+00:00] [INFO] | FuseSiblingSlicesToSplitPass       |       24 |
[2026-05-06T08:01:37.616+00:00] [INFO] | RemoveUnusedNodesPass              |       25 |
[2026-05-06T08:01:37.616+00:00] [INFO] | CommonSubexpressionEliminationPass |       25 |
[2026-05-06T08:01:37.616+00:00] [INFO] | ShapeInferencePass                 |       24 |
[2026-05-06T08:01:37.616+00:00] [INFO] | LiftConstantsToInitializersPass    |        1 |
[2026-05-06T08:01:37.616+00:00] [INFO] +------------------------------------+----------+
[2026-05-06T08:01:37.618+00:00] [INFO] Model metrics comparison:
[2026-05-06T08:01:37.618+00:00] [INFO] +--------------------+----------+----------+---------+
[2026-05-06T08:01:37.618+00:00] [INFO] | Metric             |   Before |    After |   Delta |
[2026-05-06T08:01:37.618+00:00] [INFO] +--------------------+----------+----------+---------+
[2026-05-06T08:01:37.618+00:00] [INFO] | Op count           |      448 |      472 |     +24 |
[2026-05-06T08:01:37.618+00:00] [INFO] | Model size         | 352.3MiB | 352.3MiB | +2.4KiB |
[2026-05-06T08:01:37.618+00:00] [INFO] | Add                |      103 |      103 |      +0 |
[2026-05-06T08:01:37.618+00:00] [INFO] | Conv               |        1 |        1 |      +0 |
[2026-05-06T08:01:37.618+00:00] [INFO] | Gather             |        3 |        3 |      +0 |
[2026-05-06T08:01:37.618+00:00] [INFO] | Gemm               |        1 |        1 |      +0 |
[2026-05-06T08:01:37.618+00:00] [INFO] | LayerNormalization |       26 |       26 |      +0 |
[2026-05-06T08:01:37.619+00:00] [INFO] | MatMul             |       77 |       77 |      +0 |
[2026-05-06T08:01:37.619+00:00] [INFO] | Mul                |       76 |       76 |      +0 |
[2026-05-06T08:01:37.619+00:00] [INFO] | Pow                |       13 |       13 |      +0 |
[2026-05-06T08:01:37.619+00:00] [INFO] | Reshape            |       54 |       54 |      +0 |
[2026-05-06T08:01:37.619+00:00] [INFO] | Slice              |        0 |       36 |     +36 |
[2026-05-06T08:01:37.619+00:00] [INFO] | Softmax            |       13 |       13 |      +0 |
[2026-05-06T08:01:37.619+00:00] [INFO] | Split              |       12 |        0 |     -12 |
[2026-05-06T08:01:37.619+00:00] [INFO] | Squeeze            |        1 |        1 |      +0 |
[2026-05-06T08:01:37.619+00:00] [INFO] | Tanh               |       13 |       13 |      +0 |
[2026-05-06T08:01:37.619+00:00] [INFO] | Transpose          |       55 |       55 |      +0 |
[2026-05-06T08:01:37.619+00:00] [INFO] +--------------------+----------+----------+---------+
[2026-05-06T08:01:37.619+00:00] [INFO] ONNX IR rewriter with rules applied
[2026-05-06T08:01:38.284+00:00] [INFO] -=- ONNX to QNN DLC (qairt-converter) -=-
[2026-05-06T08:01:38.284+00:00] [INFO] Running /tetra/qairt_env/default/2.45.0/bin/python3 /qairt_sdk/default/2.45.0/bin/x86_64-linux-clang/qairt-converter --input_network /tmp/tmp5zzjwwa3/tmp9o4rmsz5.onnx --output_path /tmp/tmp5zzjwwa3/graph_6cgblq1d.dlc --preserve_io_datatype image output_0 --preserve_io_datatype image output_0 --preserve_onnx_output_order
[2026-05-06T08:01:38.936+00:00] [INFO] 2026-05-06 08:01:38,936 - 278 - INFO - INFO_INITIALIZATION_SUCCESS: 
[2026-05-06T08:01:39.106+00:00] [INFO] 2026-05-06 08:01:39,106 - 283 - WARNING - Unable to register converter supported Operation [Inverse:Version 1] with your Onnx installation. Converter will bail if Model contains this Op.
[2026-05-06T08:01:39.112+00:00] [INFO] 2026-05-06 08:01:39,111 - 283 - WARNING - Unable to register converter supported Operation [RMSNormalization:Version 23] with your Onnx installation. Converter will bail if Model contains this Op.
[2026-05-06T08:01:39.117+00:00] [INFO] 2026-05-06 08:01:39,117 - 283 - WARNING - Unable to register converter supported Operation [RotaryEmbedding:Version 23] with your Onnx installation. Converter will bail if Model contains this Op.
[2026-05-06T08:01:39.259+00:00] [INFO] 2026-05-06 08:01:39,259 - 283 - WARNING - --desired_input_shape and -d are deprecated. Use --source_model_input_shape or -s for achieving this functionality
[2026-05-06T08:01:39.260+00:00] [INFO] 2026-05-06 08:01:39,259 - 278 - INFO - Input shape info 
[2026-05-06T08:01:39.619+00:00] [INFO] 2026-05-06 08:01:39,619 - 283 - WARNING - Symbolic shape inference Failed. Exception: Onnxruntime package not found in current environment. Symbolic Shape Inference will be skipped.. Running normal shape inference.
[2026-05-06T08:01:40.058+00:00] [INFO] 2026-05-06 08:01:40,057 - 283 - WARNING - Onnx model simplification failed due to: No module named 'onnxsim'
[2026-05-06T08:01:40.058+00:00] [INFO] 2026-05-06 08:01:40,058 - 283 - WARNING - Simplified model validation failed
[2026-05-06T08:01:40.285+00:00] [INFO] 2026-05-06 08:01:40,284 - 283 - WARNING - Onnx model simplification failed due to: No module named 'onnxsim'
[2026-05-06T08:01:40.285+00:00] [INFO] 2026-05-06 08:01:40,285 - 283 - WARNING - Simplified model validation failed
[2026-05-06T08:01:40.719+00:00] [INFO] 2026-05-06 08:01:40,719 - 283 - WARNING - GEMM operation is not supported in the general case, attempting to interpret as FC
[2026-05-06T08:01:40.797+00:00] [INFO] 2026-05-06 08:01:40,797 - 283 - WARNING - Unused Input nodes found: []
[2026-05-06T08:01:43.932+00:00] [INFO] 2026-05-06 08:01:43,932 - 278 - INFO - INFO_INITIALIZATION_SUCCESS: 
[2026-05-06T08:01:44.060+00:00] [INFO] handleReshapeOp: Squash Reshape Op: Reshape_post_node_select_2_identity due to IdentityOp. Input shape: IrTensorShape(dims = [1,768] , dy_axes=[]), shape after IrTensorShape(dims = [1,768] , dy_axes=[])
[2026-05-06T08:01:44.064+00:00] [INFO] reEvalMacsParams: Re-evaluated graph statistics after IrOptimizer optimization passes:
[2026-05-06T08:01:44.064+00:00] [INFO] reEvalMacsParams: Total MACs: 328173312
[2026-05-06T08:01:44.064+00:00] [INFO] reEvalMacsParams: Total Params Count: 92102400
[2026-05-06T08:01:44.646+00:00] [INFO] 2026-05-06 08:01:44,646 - 278 - INFO - INFO_CONVERSION_SUCCESS: Conversion completed successfully
[2026-05-06T08:01:46.398+00:00] [INFO] 2026-05-06 08:01:46,398 - 278 - INFO - INFO_WRITE_SUCCESS: 
[2026-05-06T08:01:47.235+00:00] [INFO] -=- Generating .json file from .dlc model (qairt-dlc-to-json) -=-
[2026-05-06T08:01:47.236+00:00] [INFO] Running /qairt_sdk/default/2.45.0/bin/x86_64-linux-clang/qairt-dlc-to-json -i /tmp/tmp5zzjwwa3/graph_6cgblq1d.dlc -o /tmp/tmpo6rwr3bm.json
[2026-05-06T08:01:47.397+00:00] [INFO] Model Json saved at: /tmp/tmpo6rwr3bm.json
[2026-05-06T08:01:47.544+00:00] [INFO] -=- Quantize DLC (qairt-quantizer) -=-
[2026-05-06T08:01:47.544+00:00] [INFO] Running /tetra/qairt_env/default/2.45.0/bin/python3 /qairt_sdk/default/2.45.0/bin/x86_64-linux-clang/qairt-quantizer --input_dlc /tmp/tmp5zzjwwa3/graph_6cgblq1d.dlc --output_dlc /tmp/tmp5zzjwwa3/graph_6cgblq1d.dlc --preserve_io_datatype image output_0 --input_list /tmp/tmp5zzjwwa3/input_list.txt --weights_bitwidth 8 --act_bitwidth 8
[2026-05-06T08:01:47.935+00:00] [INFO] Memory: 3.3GiB / 40.0GiB (8%) | working_set: 2.8GiB | peak: 3.8GiB
[2026-05-06T08:01:48.844+00:00] [INFO]      0.1ms [  INFO ] Inferences will run in sync mode
[2026-05-06T08:01:48.845+00:00] [INFO] Processing inference input(s):
[2026-05-06T08:01:48.845+00:00] [INFO] image -> /tmp/tmp5zzjwwa3/inputs0_0.raw
[2026-05-06T08:01:50.003+00:00] [INFO] WARNING: Failed to set thread affinity for cpuset 01. errno = 0. Setting the thread affinity to cpuset fff instead. 
[2026-05-06T08:01:50.003+00:00] [INFO] WARNING: Failed to set thread affinity for cpuset 00. errno = 0. Setting the thread affinity to cpuset fff instead. 
[2026-05-06T08:01:50.003+00:00] [INFO] WARNING: Failed to set thread affinity for cpuset 00. errno = 0. Setting the thread affinity to cpuset fff instead. 
[2026-05-06T08:01:50.003+00:00] [INFO] WARNING: Failed to set thread affinity for cpuset 00. errno = 0. Setting the thread affinity to cpuset fff instead. 
[2026-05-06T08:01:50.003+00:00] [INFO] WARNING: Failed to set thread affinity for cpuset 00. errno = 0. Setting the thread affinity to cpuset fff instead. 
[2026-05-06T08:01:50.003+00:00] [INFO] WARNING: Failed to set thread affinity for cpuset 00. errno = 0. Setting the thread affinity to cpuset fff instead. 
[2026-05-06T08:01:50.003+00:00] [INFO] WARNING: Failed to set thread affinity for cpuset 00. errno = 0. Setting the thread affinity to cpuset fff instead. 
[2026-05-06T08:01:50.003+00:00] [INFO] WARNING: Failed to set thread affinity for cpuset 00. errno = 0. Setting the thread affinity to cpuset fff instead. 
[2026-05-06T08:01:50.003+00:00] [INFO] WARNING: Failed to set thread affinity for cpuset 00. errno = 0. Setting the thread affinity to cpuset fff instead. 
[2026-05-06T08:01:50.004+00:00] [INFO] WARNING: Failed to set thread affinity for cpuset 00. errno = 0. Setting the thread affinity to cpuset fff instead. 
[2026-05-06T08:01:50.004+00:00] [INFO] WARNING: Failed to set thread affinity for cpuset 00. errno = 0. Setting the thread affinity to cpuset fff instead. 
[2026-05-06T08:01:50.004+00:00] [INFO] WARNING: Failed to set thread affinity for cpuset 00. errno = 0. Setting the thread affinity to cpuset fff instead. 
[2026-05-06T08:01:50.004+00:00] [INFO] WARNING: Failed to set thread affinity for cpuset 00. errno = 0. Setting the thread affinity to cpuset fff instead. 
[2026-05-06T08:01:50.004+00:00] [INFO] WARNING: Failed to set thread affinity for cpuset 00. errno = 0. Setting the thread affinity to cpuset fff instead. 
[2026-05-06T08:01:50.004+00:00] [INFO] WARNING: Failed to set thread affinity for cpuset 00. errno = 0. Setting the thread affinity to cpuset fff instead. 
[2026-05-06T08:01:50.004+00:00] [INFO] WARNING: Failed to set thread affinity for cpuset 00. errno = 0. Setting the thread affinity to cpuset fff instead. 
[2026-05-06T08:01:50.004+00:00] [INFO] WARNING: Failed to set thread affinity for cpuset 00. errno = 0. Setting the thread affinity to cpuset fff instead. 
[2026-05-06T08:01:50.004+00:00] [INFO] WARNING: Failed to set thread affinity for cpuset 00. errno = 0. Setting the thread affinity to cpuset fff instead. 
[2026-05-06T08:01:50.004+00:00] [INFO] WARNING: Failed to set thread affinity for cpuset 00. errno = 0. Setting the thread affinity to cpuset fff instead. 
[2026-05-06T08:01:50.004+00:00] [INFO] WARNING: Failed to set thread affinity for cpuset 00. errno = 0. Setting the thread affinity to cpuset fff instead. 
[2026-05-06T08:01:50.004+00:00] [INFO] WARNING: Failed to set thread affinity for cpuset 00. errno = 0. Setting the thread affinity to cpuset fff instead. 
[2026-05-06T08:01:50.004+00:00] [INFO] WARNING: Failed to set thread affinity for cpuset 00. errno = 0. Setting the thread affinity to cpuset fff instead. 
[2026-05-06T08:01:50.004+00:00] [INFO] WARNING: Failed to set thread affinity for cpuset 00. errno = 0. Setting the thread affinity to cpuset fff instead. 
[2026-05-06T08:01:50.004+00:00] [INFO] WARNING: Failed to set thread affinity for cpuset 00. errno = 0. Setting the thread affinity to cpuset fff instead. 
[2026-05-06T08:01:50.005+00:00] [INFO] WARNING: Failed to set thread affinity for cpuset 00. errno = 0. Setting the thread affinity to cpuset fff instead. 
[2026-05-06T08:01:50.005+00:00] [INFO] WARNING: Failed to set thread affinity for cpuset 00. errno = 0. Setting the thread affinity to cpuset fff instead. 
[2026-05-06T08:01:50.005+00:00] [INFO] WARNING: Failed to set thread affinity for cpuset 00. errno = 0. Setting the thread affinity to cpuset fff instead. 
[2026-05-06T08:01:50.005+00:00] [INFO] WARNING: Failed to set thread affinity for cpuset 00. errno = 0. Setting the thread affinity to cpuset fff instead. 
[2026-05-06T08:01:50.005+00:00] [INFO] WARNING: Failed to set thread affinity for cpuset 00. errno = 0. Setting the thread affinity to cpuset fff instead. 
[2026-05-06T08:01:50.005+00:00] [INFO] WARNING: Failed to set thread affinity for cpuset 00. errno = 0. Setting the thread affinity to cpuset fff instead. 
[2026-05-06T08:01:50.005+00:00] [INFO] WARNING: Failed to set thread affinity for cpuset 00. errno = 0. Setting the thread affinity to cpuset fff instead. 
[2026-05-06T08:01:50.005+00:00] [INFO] WARNING: Failed to set thread affinity for cpuset 00. errno = 0. Setting the thread affinity to cpuset fff instead. 
[2026-05-06T08:01:50.005+00:00] [INFO] WARNING: Failed to set thread affinity for cpuset 00. errno = 0. Setting the thread affinity to cpuset fff instead. 
[2026-05-06T08:01:50.005+00:00] [INFO] WARNING: Failed to set thread affinity for cpuset 00. errno = 0. Setting the thread affinity to cpuset fff instead. 
[2026-05-06T08:01:50.005+00:00] [INFO] WARNING: Failed to set thread affinity for cpuset 00. errno = 0. Setting the thread affinity to cpuset fff instead. 
[2026-05-06T08:01:50.005+00:00] [INFO] WARNING: Failed to set thread affinity for cpuset 00. errno = 0. Setting the thread affinity to cpuset fff instead. 
[2026-05-06T08:01:50.005+00:00] [INFO] WARNING: Failed to set thread affinity for cpuset 00. errno = 0. Setting the thread affinity to cpuset fff instead. 
[2026-05-06T08:01:50.005+00:00] [INFO] WARNING: Failed to set thread affinity for cpuset 00. errno = 0. Setting the thread affinity to cpuset fff instead. 
[2026-05-06T08:01:50.005+00:00] [INFO] WARNING: Failed to set thread affinity for cpuset 00. errno = 0. Setting the thread affinity to cpuset fff instead. 
[2026-05-06T08:01:50.005+00:00] [INFO] WARNING: Failed to set thread affinity for cpuset 00. errno = 0. Setting the thread affinity to cpuset fff instead. 
[2026-05-06T08:01:50.006+00:00] [INFO] WARNING: Failed to set thread affinity for cpuset 00. errno = 0. Setting the thread affinity to cpuset fff instead. 
[2026-05-06T08:01:50.006+00:00] [INFO] WARNING: Failed to set thread affinity for cpuset 00. errno = 0. Setting the thread affinity to cpuset fff instead. 
[2026-05-06T08:01:50.006+00:00] [INFO] WARNING: WARNING: Failed to set thread affinity for cpuset 00. errno = 0. Setting the thread affinity to cpuset fff instead. 
[2026-05-06T08:01:50.006+00:00] [INFO] Failed to set thread affinity for cpuset 00. errno = 0. Setting the thread affinity to cpuset fff instead. 
[2026-05-06T08:01:50.006+00:00] [INFO] WARNING: Failed to set thread affinity for cpuset 00. errno = 0. Setting the thread affinity to cpuset fff instead. 
[2026-05-06T08:01:50.006+00:00] [INFO] WARNING: Failed to set thread affinity for cpuset 00. errno = 0. Setting the thread affinity to cpuset fff instead. 
[2026-05-06T08:01:50.006+00:00] [INFO] WARNING: Failed to set thread affinity for cpuset 00. errno = 0. Setting the thread affinity to cpuset fff instead. 
[2026-05-06T08:01:50.006+00:00] [INFO] WARNING: Failed to set thread affinity for cpuset 00. errno = 0. Setting the thread affinity to cpuset fff instead. 
[2026-05-06T08:01:50.006+00:00] [INFO] WARNING: Failed to set thread affinity for cpuset 00. errno = 0. Setting the thread affinity to cpuset fff instead. 
[2026-05-06T08:01:50.006+00:00] [INFO] WARNING: Failed to set thread affinity for cpuset 00. errno = 0. Setting the thread affinity to cpuset fff instead. 
[2026-05-06T08:01:50.006+00:00] [INFO] WARNING: Failed to set thread affinity for cpuset 00. errno = 0. Setting the thread affinity to cpuset fff instead. 
[2026-05-06T08:01:50.006+00:00] [INFO] WARNING: Failed to set thread affinity for cpuset 00. errno = 0. Setting the thread affinity to cpuset fff instead. 
[2026-05-06T08:01:50.006+00:00] [INFO] WARNING: Failed to set thread affinity for cpuset 00. errno = 0. Setting the thread affinity to cpuset fff instead. 
[2026-05-06T08:01:50.006+00:00] [INFO] WARNING: Failed to set thread affinity for cpuset 00. errno = 0. Setting the thread affinity to cpuset fff instead. 
[2026-05-06T08:01:50.006+00:00] [INFO] WARNING: Failed to set thread affinity for cpuset 00. errno = 0. Setting the thread affinity to cpuset fff instead. 
[2026-05-06T08:01:50.007+00:00] [INFO] WARNING: Failed to set thread affinity for cpuset 00. errno = 0. Setting the thread affinity to cpuset fff instead. 
[2026-05-06T08:01:50.007+00:00] [INFO] WARNING: Failed to set thread affinity for cpuset 00. errno = 0. Setting the thread affinity to cpuset fff instead. 
[2026-05-06T08:01:50.007+00:00] [INFO] WARNING: Failed to set thread affinity for cpuset 00. errno = 0. Setting the thread affinity to cpuset fff instead. 
[2026-05-06T08:01:50.007+00:00] [INFO] WARNING: Failed to set thread affinity for cpuset 00. errno = 0. Setting the thread affinity to cpuset fff instead. 
[2026-05-06T08:01:50.007+00:00] [INFO] WARNING: Failed to set thread affinity for cpuset 00. errno = 0. Setting the thread affinity to cpuset fff instead. 
[2026-05-06T08:01:50.007+00:00] [INFO] WARNING: Failed to set thread affinity for cpuset 00. errno = 0. Setting the thread affinity to cpuset fff instead. 
[2026-05-06T08:01:50.007+00:00] [INFO] WARNING: Failed to set thread affinity for cpuset 00. errno = 0. Setting the thread affinity to cpuset fff instead. 
[2026-05-06T08:01:50.007+00:00] [INFO] WARNING: Failed to set thread affinity for cpuset 00. errno = 0. Setting the thread affinity to cpuset fff instead. 
[2026-05-06T08:01:50.007+00:00] [INFO] WARNING: Failed to set thread affinity for cpuset 00. errno = 0. Setting the thread affinity to cpuset fff instead. 
[2026-05-06T08:01:50.007+00:00] [INFO] WARNING: Failed to set thread affinity for cpuset 02. errno = 0. Setting the thread affinity to cpuset fff instead. 
[2026-05-06T08:01:50.007+00:00] [INFO] WARNING: Failed to set thread affinity for cpuset 04. errno = 0. Setting the thread affinity to cpuset fff instead. 
[2026-05-06T08:01:50.007+00:00] [INFO] WARNING: Failed to set thread affinity for cpuset 08. errno = 0. Setting the thread affinity to cpuset fff instead. 
[2026-05-06T08:01:50.007+00:00] [INFO] WARNING: Failed to set thread affinity for cpuset 10. errno = 0. Setting the thread affinity to cpuset fff instead. 
[2026-05-06T08:01:50.007+00:00] [INFO] WARNING: Failed to set thread affinity for cpuset 20. errno = 0. Setting the thread affinity to cpuset fff instead. 
[2026-05-06T08:01:50.008+00:00] [INFO] WARNING: Failed to set thread affinity for cpuset 40. errno = 0. Setting the thread affinity to cpuset fff instead. 
[2026-05-06T08:01:50.008+00:00] [INFO] WARNING: Failed to set thread affinity for cpuset 00. errno = 0. Setting the thread affinity to cpuset fff instead. 
[2026-05-06T08:01:50.008+00:00] [INFO] WARNING: Failed to set thread affinity for cpuset 00. errno = 0. Setting the thread affinity to cpuset fff instead. 
[2026-05-06T08:01:50.008+00:00] [INFO] WARNING: Failed to set thread affinity for cpuset 00. errno = 0. Setting the thread affinity to cpuset fff instead. 
[2026-05-06T08:01:50.008+00:00] [INFO] WARNING: Failed to set thread affinity for cpuset 400. errno = 0. Setting the thread affinity to cpuset fff instead. 
[2026-05-06T08:01:50.008+00:00] [INFO] WARNING: Failed to set thread affinity for cpuset 00. errno = 0. Setting the thread affinity to cpuset fff instead. 
[2026-05-06T08:01:50.008+00:00] [INFO] WARNING: Failed to set thread affinity for cpuset 00. errno = 0. Setting the thread affinity to cpuset fff instead. 
[2026-05-06T08:01:50.008+00:00] [INFO] WARNING: Failed to set thread affinity for cpuset 00. errno = 0. Setting the thread affinity to cpuset fff instead. 
[2026-05-06T08:01:50.008+00:00] [INFO] WARNING: Failed to set thread affinity for cpuset 00. errno = 0. Setting the thread affinity to cpuset fff instead. 
[2026-05-06T08:01:50.008+00:00] [INFO] WARNING: Failed to set thread affinity for cpuset 00. errno = 0. Setting the thread affinity to cpuset fff instead. 
[2026-05-06T08:01:50.008+00:00] [INFO] WARNING: Failed to set thread affinity for cpuset 200. errno = 0. Setting the thread affinity to cpuset fff instead. 
[2026-05-06T08:01:50.008+00:00] [INFO] WARNING: Failed to set thread affinity for cpuset 00. errno = 0. Setting the thread affinity to cpuset fff instead. 
[2026-05-06T08:01:50.008+00:00] [INFO] WARNING: Failed to set thread affinity for cpuset 00. errno = 0. Setting the thread affinity to cpuset fff instead. 
[2026-05-06T08:01:50.008+00:00] [INFO] WARNING: Failed to set thread affinity for cpuset 00. errno = 0. Setting the thread affinity to cpuset fff instead. 
[2026-05-06T08:01:50.009+00:00] [INFO] WARNING: Failed to set thread affinity for cpuset 00. errno = 0. Setting the thread affinity to cpuset fff instead. 
[2026-05-06T08:01:50.009+00:00] [INFO] WARNING: Failed to set thread affinity for cpuset 00. errno = 0. Setting the thread affinity to cpuset fff instead. 
[2026-05-06T08:01:50.009+00:00] [INFO] WARNING: Failed to set thread affinity for cpuset 00. errno = 0. Setting the thread affinity to cpuset fff instead. 
[2026-05-06T08:01:50.009+00:00] [INFO] WARNING: Failed to set thread affinity for cpuset 100. errno = 0. Setting the thread affinity to cpuset fff instead. 
[2026-05-06T08:01:50.009+00:00] [INFO] WARNING: Failed to set thread affinity for cpuset 800. errno = 0. Setting the thread affinity to cpuset fff instead. 
[2026-05-06T08:01:50.009+00:00] [INFO] WARNING: Failed to set thread affinity for cpuset 00. errno = 0. Setting the thread affinity to cpuset fff instead. 
[2026-05-06T08:01:50.009+00:00] [INFO] WARNING: Failed to set thread affinity for cpuset 00. errno = 0. Setting the thread affinity to cpuset fff instead. 
[2026-05-06T08:01:50.010+00:00] [INFO] WARNING: Failed to set thread affinity for cpuset 00. errno = 0. Setting the thread affinity to cpuset fff instead. 
[2026-05-06T08:01:50.010+00:00] [INFO] WARNING: Failed to set thread affinity for cpuset 00. errno = 0. Setting the thread affinity to cpuset fff instead. 
[2026-05-06T08:01:50.010+00:00] [INFO] WARNING: Failed to set thread affinity for cpuset 00. errno = 0. Setting the thread affinity to cpuset fff instead. 
[2026-05-06T08:01:50.011+00:00] [INFO] WARNING: Failed to set thread affinity for cpuset 00. errno = 0. Setting the thread affinity to cpuset fff instead. 
[2026-05-06T08:01:50.011+00:00] [INFO] WARNING: Failed to set thread affinity for cpuset 00. errno = 0. Setting the thread affinity to cpuset fff instead. 
[2026-05-06T08:01:50.012+00:00] [INFO] WARNING: Failed to set thread affinity for cpuset 00. errno = 0. Setting the thread affinity to cpuset fff instead. 
[2026-05-06T08:01:50.012+00:00] [INFO] WARNING: Failed to set thread affinity for cpuset 00. errno = 0. Setting the thread affinity to cpuset fff instead. 
[2026-05-06T08:01:50.012+00:00] [INFO] WARNING: Failed to set thread affinity for cpuset 00. errno = 0. Setting the thread affinity to cpuset fff instead. 
[2026-05-06T08:01:50.013+00:00] [INFO] WARNING: Failed to set thread affinity for cpuset 00. errno = 0. Setting the thread affinity to cpuset fff instead. 
[2026-05-06T08:01:50.013+00:00] [INFO] WARNING: Failed to set thread affinity for cpuset 00. errno = 0. Setting the thread affinity to cpuset fff instead. 
[2026-05-06T08:01:50.013+00:00] [INFO] WARNING: Failed to set thread affinity for cpuset 00. errno = 0. Setting the thread affinity to cpuset fff instead. 
[2026-05-06T08:01:50.016+00:00] [INFO] WARNING: Failed to set thread affinity for cpuset 00. errno = 0. Setting the thread affinity to cpuset fff instead. 
[2026-05-06T08:01:50.016+00:00] [INFO] WARNING: Failed to set thread affinity for cpuset 00. errno = 0. Setting the thread affinity to cpuset fff instead. 
[2026-05-06T08:01:50.016+00:00] [INFO] WARNING: Failed to set thread affinity for cpuset 00. errno = 0. Setting the thread affinity to cpuset fff instead. 
[2026-05-06T08:01:50.016+00:00] [INFO] WARNING: Failed to set thread affinity for cpuset 00. errno = 0. Setting the thread affinity to cpuset fff instead. 
[2026-05-06T08:01:50.016+00:00] [INFO] WARNING: Failed to set thread affinity for cpuset 00. errno = 0. Setting the thread affinity to cpuset fff instead. 
[2026-05-06T08:01:50.016+00:00] [INFO] WARNING: Failed to set thread affinity for cpuset 00. errno = 0. Setting the thread affinity to cpuset fff instead. 
[2026-05-06T08:01:50.016+00:00] [INFO] WARNING: Failed to set thread affinity for cpuset 00. errno = 0. Setting the thread affinity to cpuset fff instead. 
[2026-05-06T08:01:50.017+00:00] [INFO] WARNING: Failed to set thread affinity for cpuset 00. errno = 0. Setting the thread affinity to cpuset fff instead. 
[2026-05-06T08:01:50.017+00:00] [INFO] WARNING: Failed to set thread affinity for cpuset 00. errno = 0. Setting the thread affinity to cpuset fff instead. 
[2026-05-06T08:01:50.017+00:00] [INFO] WARNING: Failed to set thread affinity for cpuset 00. errno = 0. Setting the thread affinity to cpuset fff instead. 
[2026-05-06T08:01:50.017+00:00] [INFO] WARNING: Failed to set thread affinity for cpuset 00. errno = 0. Setting the thread affinity to cpuset fff instead. 
[2026-05-06T08:01:50.017+00:00] [INFO] WARNING: Failed to set thread affinity for cpuset 400. errno = 0. Setting the thread affinity to cpuset fff instead. 
[2026-05-06T08:01:50.017+00:00] [INFO] WARNING: Failed to set thread affinity for cpuset 00. errno = 0. Setting the thread affinity to cpuset fff instead. 
[2026-05-06T08:01:50.017+00:00] [INFO] WARNING: Failed to set thread affinity for cpuset 00. errno = 0. Setting the thread affinity to cpuset fff instead. 
[2026-05-06T08:01:50.017+00:00] [INFO] WARNING: Failed to set thread affinity for cpuset 00. errno = 0. Setting the thread affinity to cpuset fff instead. 
[2026-05-06T08:01:50.017+00:00] [INFO] WARNING: Failed to set thread affinity for cpuset 00. errno = 0. Setting the thread affinity to cpuset fff instead. 
[2026-05-06T08:01:50.018+00:00] [INFO] WARNING: Failed to set thread affinity for cpuset 00. errno = 0. Setting the thread affinity to cpuset fff instead. 
[2026-05-06T08:01:50.018+00:00] [INFO] WARNING: Failed to set thread affinity for cpuset 200. errno = 0. Setting the thread affinity to cpuset fff instead. 
[2026-05-06T08:01:50.018+00:00] [INFO] WARNING: Failed to set thread affinity for cpuset 00. errno = 0. Setting the thread affinity to cpuset fff instead. 
[2026-05-06T08:01:50.018+00:00] [INFO] WARNING: Failed to set thread affinity for cpuset 00. errno = 0. Setting the thread affinity to cpuset fff instead. 
[2026-05-06T08:01:50.018+00:00] [INFO] WARNING: Failed to set thread affinity for cpuset 00. errno = 0. Setting the thread affinity to cpuset fff instead. 
[2026-05-06T08:01:50.018+00:00] [INFO] WARNING: Failed to set thread affinity for cpuset 00. errno = 0. Setting the thread affinity to cpuset fff instead. 
[2026-05-06T08:01:50.018+00:00] [INFO] WARNING: Failed to set thread affinity for cpuset 00. errno = 0. Setting the thread affinity to cpuset fff instead. 
[2026-05-06T08:01:50.018+00:00] [INFO] WARNING: Failed to set thread affinity for cpuset 00. errno = 0. Setting the thread affinity to cpuset fff instead. 
[2026-05-06T08:01:50.018+00:00] [INFO] WARNING: Failed to set thread affinity for cpuset 00. errno = 0. Setting the thread affinity to cpuset fff instead. 
[2026-05-06T08:01:50.018+00:00] [INFO] WARNING: Failed to set thread affinity for cpuset 00. errno = 0. Setting the thread affinity to cpuset fff instead. 
[2026-05-06T08:01:50.018+00:00] [INFO] WARNING: Failed to set thread affinity for cpuset 00. errno = 0. Setting the thread affinity to cpuset fff instead. 
[2026-05-06T08:01:50.018+00:00] [INFO] WARNING: Failed to set thread affinity for cpuset 00. errno = 0. Setting the thread affinity to cpuset fff instead. 
[2026-05-06T08:01:50.018+00:00] [INFO] WARNING: Failed to set thread affinity for cpuset 01. errno = 0. Setting the thread affinity to cpuset fff instead. 
[2026-05-06T08:01:50.018+00:00] [INFO] WARNING: Failed to set thread affinity for cpuset 00. errno = 0. Setting the thread affinity to cpuset fff instead. 
[2026-05-06T08:01:50.018+00:00] [INFO] WARNING: Failed to set thread affinity for cpuset 00. errno = 0. Setting the thread affinity to cpuset fff instead. 
[2026-05-06T08:01:50.018+00:00] [INFO] WARNING: Failed to set thread affinity for cpuset 00. errno = 0. Setting the thread affinity to cpuset fff instead. 
[2026-05-06T08:01:50.019+00:00] [INFO] WARNING: Failed to set thread affinity for cpuset 00. errno = 0. Setting the thread affinity to cpuset fff instead. 
[2026-05-06T08:01:50.019+00:00] [INFO] WARNING: Failed to set thread affinity for cpuset 00. errno = 0. Setting the thread affinity to cpuset fff instead. 
[2026-05-06T08:01:50.019+00:00] [INFO] WARNING: Failed to set thread affinity for cpuset 00. errno = 0. Setting the thread affinity to cpuset fff instead. 
[2026-05-06T08:01:50.019+00:00] [INFO] WARNING: Failed to set thread affinity for cpuset 00. errno = 0. Setting the thread affinity to cpuset fff instead. 
[2026-05-06T08:01:50.019+00:00] [INFO] WARNING: Failed to set thread affinity for cpuset 00. errno = 0. Setting the thread affinity to cpuset fff instead. 
[2026-05-06T08:01:50.019+00:00] [INFO] WARNING: Failed to set thread affinity for cpuset 00. errno = 0. Setting the thread affinity to cpuset fff instead. 
[2026-05-06T08:01:50.019+00:00] [INFO] WARNING: Failed to set thread affinity for cpuset 00. errno = 0. Setting the thread affinity to cpuset fff instead. 
[2026-05-06T08:01:50.019+00:00] [INFO] WARNING: Failed to set thread affinity for cpuset 00. errno = 0. Setting the thread affinity to cpuset fff instead. 
[2026-05-06T08:01:50.019+00:00] [INFO] WARNING: Failed to set thread affinity for cpuset 00. errno = 0. Setting the thread affinity to cpuset fff instead. 
[2026-05-06T08:01:50.019+00:00] [INFO] WARNING: Failed to set thread affinity for cpuset 00. errno = 0. Setting the thread affinity to cpuset fff instead. 
[2026-05-06T08:01:50.022+00:00] [INFO] WARNING: Failed to set thread affinity for cpuset 00. errno = 0. Setting the thread affinity to cpuset fff instead. 
[2026-05-06T08:01:50.022+00:00] [INFO] WARNING: Failed to set thread affinity for cpuset 00. errno = 0. Setting the thread affinity to cpuset fff instead. 
[2026-05-06T08:01:50.022+00:00] [INFO] WARNING: Failed to set thread affinity for cpuset 00. errno = 0. Setting the thread affinity to cpuset fff instead. 
[2026-05-06T08:01:50.022+00:00] [INFO] WARNING: Failed to set thread affinity for cpuset 00. errno = 0. Setting the thread affinity to cpuset fff instead. 
[2026-05-06T08:01:50.022+00:00] [INFO] WARNING: Failed to set thread affinity for cpuset 00. errno = 0. Setting the thread affinity to cpuset fff instead. 
[2026-05-06T08:01:50.022+00:00] [INFO] WARNING: Failed to set thread affinity for cpuset 00. errno = 0. Setting the thread affinity to cpuset fff instead. 
[2026-05-06T08:01:50.022+00:00] [INFO] WARNING: Failed to set thread affinity for cpuset 00. errno = 0. Setting the thread affinity to cpuset fff instead. 
[2026-05-06T08:01:50.022+00:00] [INFO] WARNING: Failed to set thread affinity for cpuset 00. errno = 0. Setting the thread affinity to cpuset fff instead. 
[2026-05-06T08:01:50.022+00:00] [INFO] WARNING: Failed to set thread affinity for cpuset 00. errno = 0. Setting the thread affinity to cpuset fff instead. 
[2026-05-06T08:01:50.022+00:00] [INFO] WARNING: Failed to set thread affinity for cpuset 00. errno = 0. Setting the thread affinity to cpuset fff instead. 
[2026-05-06T08:01:50.022+00:00] [INFO] WARNING: Failed to set thread affinity for cpuset 00. errno = 0. Setting the thread affinity to cpuset fff instead. 
[2026-05-06T08:01:50.022+00:00] [INFO] WARNING: Failed to set thread affinity for cpuset 00. errno = 0. Setting the thread affinity to cpuset fff instead. 
[2026-05-06T08:01:50.022+00:00] [INFO] WARNING: Failed to set thread affinity for cpuset 00. errno = 0. Setting the thread affinity to cpuset fff instead. 
[2026-05-06T08:01:50.023+00:00] [INFO] WARNING: Failed to set thread affinity for cpuset 00. errno = 0. Setting the thread affinity to cpuset fff instead. 
[2026-05-06T08:01:50.023+00:00] [INFO] WARNING: Failed to set thread affinity for cpuset 00. errno = 0. Setting the thread affinity to cpuset fff instead. 
[2026-05-06T08:01:50.023+00:00] [INFO] WARNING: Failed to set thread affinity for cpuset 00. errno = 0. Setting the thread affinity to cpuset fff instead. 
[2026-05-06T08:01:50.023+00:00] [INFO] WARNING: Failed to set thread affinity for cpuset 00. errno = 0. Setting the thread affinity to cpuset fff instead. 
[2026-05-06T08:01:50.023+00:00] [INFO] WARNING: Failed to set thread affinity for cpuset 00. errno = 0. Setting the thread affinity to cpuset fff instead. 
[2026-05-06T08:01:50.023+00:00] [INFO] WARNING: Failed to set thread affinity for cpuset 00. errno = 0. Setting the thread affinity to cpuset fff instead. 
[2026-05-06T08:01:50.023+00:00] [INFO] WARNING: Failed to set thread affinity for cpuset 00. errno = 0. Setting the thread affinity to cpuset fff instead. 
[2026-05-06T08:01:50.023+00:00] [INFO] WARNING: Failed to set thread affinity for cpuset 00. errno = 0. Setting the thread affinity to cpuset fff instead. 
[2026-05-06T08:01:50.023+00:00] [INFO] WARNING: Failed to set thread affinity for cpuset 00. errno = 0. Setting the thread affinity to cpuset fff instead. 
[2026-05-06T08:01:50.023+00:00] [INFO] WARNING: Failed to set thread affinity for cpuset 00. errno = 0. Setting the thread affinity to cpuset fff instead. 
[2026-05-06T08:01:50.023+00:00] [INFO] WARNING: Failed to set thread affinity for cpuset 00. errno = 0. Setting the thread affinity to cpuset fff instead. 
[2026-05-06T08:01:50.023+00:00] [INFO] WARNING: Failed to set thread affinity for cpuset 00. errno = 0. Setting the thread affinity to cpuset fff instead. 
[2026-05-06T08:01:50.023+00:00] [INFO] WARNING: Failed to set thread affinity for cpuset 00. errno = 0. Setting the thread affinity to cpuset fff instead. 
[2026-05-06T08:01:50.023+00:00] [INFO] WARNING: Failed to set thread affinity for cpuset 00. errno = 0. Setting the thread affinity to cpuset fff instead. 
[2026-05-06T08:01:50.023+00:00] [INFO] WARNING: Failed to set thread affinity for cpuset 00. errno = 0. Setting the thread affinity to cpuset fff instead. 
[2026-05-06T08:01:50.024+00:00] [INFO] WARNING: Failed to set thread affinity for cpuset 00. errno = 0. Setting the thread affinity to cpuset fff instead. 
[2026-05-06T08:01:50.024+00:00] [INFO] WARNING: Failed to set thread affinity for cpuset 00. errno = 0. Setting the thread affinity to cpuset fff instead. 
[2026-05-06T08:01:50.024+00:00] [INFO] WARNING: Failed to set thread affinity for cpuset 00. errno = 0. Setting the thread affinity to cpuset fff instead. 
[2026-05-06T08:01:50.024+00:00] [INFO] WARNING: Failed to set thread affinity for cpuset 00. errno = 0. Setting the thread affinity to cpuset fff instead. 
[2026-05-06T08:01:50.024+00:00] [INFO] WARNING: Failed to set thread affinity for cpuset 00. errno = 0. Setting the thread affinity to cpuset fff instead. 
[2026-05-06T08:01:50.024+00:00] [INFO] WARNING: Failed to set thread affinity for cpuset 00. errno = 0. Setting the thread affinity to cpuset fff instead. 
[2026-05-06T08:01:50.024+00:00] [INFO] WARNING: Failed to set thread affinity for cpuset 00. errno = 0. Setting the thread affinity to cpuset fff instead. 
[2026-05-06T08:01:50.024+00:00] [INFO] WARNING: Failed to set thread affinity for cpuset 00. errno = 0. Setting the thread affinity to cpuset fff instead. 
[2026-05-06T08:01:50.024+00:00] [INFO] WARNING: Failed to set thread affinity for cpuset 00. errno = 0. Setting the thread affinity to cpuset fff instead. 
[2026-05-06T08:01:50.024+00:00] [INFO] WARNING: Failed to set thread affinity for cpuset 00. errno = 0. Setting the thread affinity to cpuset fff instead. 
[2026-05-06T08:01:50.024+00:00] [INFO] WARNING: Failed to set thread affinity for cpuset 00. errno = 0. Setting the thread affinity to cpuset fff instead. 
[2026-05-06T08:01:50.024+00:00] [INFO] WARNING: Failed to set thread affinity for cpuset 00. errno = 0. Setting the thread affinity to cpuset fff instead. 
[2026-05-06T08:01:50.024+00:00] [INFO] WARNING: Failed to set thread affinity for cpuset 00. errno = 0. Setting the thread affinity to cpuset fff instead. 
[2026-05-06T08:01:50.024+00:00] [INFO] WARNING: Failed to set thread affinity for cpuset 00. errno = 0. Setting the thread affinity to cpuset fff instead. 
[2026-05-06T08:01:50.024+00:00] [INFO] WARNING: Failed to set thread affinity for cpuset 00. errno = 0. Setting the thread affinity to cpuset fff instead. 
[2026-05-06T08:01:50.024+00:00] [INFO] WARNING: Failed to set thread affinity for cpuset 00. errno = 0. Setting the thread affinity to cpuset fff instead. 
[2026-05-06T08:01:50.025+00:00] [INFO] WARNING: Failed to set thread affinity for cpuset 00. errno = 0. Setting the thread affinity to cpuset fff instead. 
[2026-05-06T08:01:50.025+00:00] [INFO] WARNING: Failed to set thread affinity for cpuset 08. errno = 0. Setting the thread affinity to cpuset fff instead. 
[2026-05-06T08:01:50.025+00:00] [INFO] WARNING: Failed to set thread affinity for cpuset 10. errno = 0. Setting the thread affinity to cpuset fff instead. 
[2026-05-06T08:01:50.027+00:00] [INFO] WARNING: Failed to set thread affinity for cpuset 04. errno = 0. Setting the thread affinity to cpuset fff instead. 
[2026-05-06T08:01:50.027+00:00] [INFO] WARNING: Failed to set thread affinity for cpuset 20. errno = 0. Setting the thread affinity to cpuset fff instead. 
[2026-05-06T08:01:50.027+00:00] [INFO] WARNING: Failed to set thread affinity for cpuset 40. errno = 0. Setting the thread affinity to cpuset fff instead. 
[2026-05-06T08:01:50.027+00:00] [INFO] WARNING: Failed to set thread affinity for cpuset 02. errno = 0. Setting the thread affinity to cpuset fff instead. 
[2026-05-06T08:01:50.027+00:00] [INFO] WARNING: Failed to set thread affinity for cpuset 100. errno = 0. Setting the thread affinity to cpuset fff instead. 
[2026-05-06T08:01:50.027+00:00] [INFO] WARNING: Failed to set thread affinity for cpuset 800. errno = 0. Setting the thread affinity to cpuset fff instead. 
[2026-05-06T08:02:03.539+00:00] [INFO] WARNING: Failed to set thread affinity for cpuset 01. errno = 0. Setting the thread affinity to cpuset fff instead. 
[2026-05-06T08:02:03.539+00:00] [INFO] WARNING: Failed to set thread affinity for cpuset 02. errno = 0. Setting the thread affinity to cpuset fff instead. 
[2026-05-06T08:02:03.539+00:00] [INFO] WARNING: Failed to set thread affinity for cpuset 04. errno = 0. Setting the thread affinity to cpuset fff instead. 
[2026-05-06T08:02:03.539+00:00] [INFO] WARNING: Failed to set thread affinity for cpuset 08. errno = 0. Setting the thread affinity to cpuset fff instead. 
[2026-05-06T08:02:03.539+00:00] [INFO] WARNING: Failed to set thread affinity for cpuset 01. errno = 0. Setting the thread affinity to cpuset fff instead. 
[2026-05-06T08:02:03.539+00:00] [INFO] WARNING: Failed to set thread affinity for cpuset 02. errno = 0. Setting the thread affinity to cpuset fff instead. 
[2026-05-06T08:02:03.540+00:00] [INFO] WARNING: Failed to set thread affinity for cpuset 04. errno = 0. Setting the thread affinity to cpuset fff instead. 
[2026-05-06T08:02:03.540+00:00] [INFO] WARNING: Failed to set thread affinity for cpuset 08. errno = 0. Setting the thread affinity to cpuset fff instead. 
[2026-05-06T08:02:03.541+00:00] [INFO] WARNING: Failed to set thread affinity for cpuset 01. errno = 0. Setting the thread affinity to cpuset fff instead. 
[2026-05-06T08:02:03.541+00:00] [INFO] WARNING: Failed to set thread affinity for cpuset 02. errno = 0. Setting the thread affinity to cpuset fff instead. 
[2026-05-06T08:02:03.541+00:00] [INFO] WARNING: Failed to set thread affinity for cpuset 04. errno = 0. Setting the thread affinity to cpuset fff instead. 
[2026-05-06T08:02:03.542+00:00] [INFO] WARNING: Failed to set thread affinity for cpuset 08. errno = 0. Setting the thread affinity to cpuset fff instead. 
[2026-05-06T08:02:04.383+00:00] [INFO] 2026-05-06 08:02:04,383 - 278 - INFO - Quantization completed successfully: 
[2026-05-06T08:02:04.384+00:00] [INFO]      0.3ms [  INFO ] No BackendExtensions lib provided;initializing NetRunBackend Interface
[2026-05-06T08:02:04.384+00:00] [INFO]      0.3ms [  INFO ] No platform-specific callback implementation available
[2026-05-06T08:02:04.384+00:00] [INFO]      0.3ms [  INFO ] [QNN_CPU] CpuBackend creation start
[2026-05-06T08:02:04.384+00:00] [INFO]      0.3ms [  INFO ] [QNN_CPU] CpuBackend creation end
[2026-05-06T08:02:04.384+00:00] [INFO]      0.6ms [WARNING] Unable to find a device with NetRunDeviceKeyDefault in Library NetRunBackendLibKeyDefault
[2026-05-06T08:02:04.384+00:00] [INFO]      0.6ms [WARNING] Profile Logger with name = defaultKey doesn't exist! Returning nullptr
[2026-05-06T08:02:04.385+00:00] [INFO]      0.3ms [  INFO ] [QNN_CPU] QnnContext create start
[2026-05-06T08:02:04.385+00:00] [INFO]      0.3ms [  INFO ] [QNN_CPU] QnnContext create end
[2026-05-06T08:02:04.385+00:00] [INFO]      2.6ms [  INFO ] Entering QuantizeRuntimeApp flow
[2026-05-06T08:02:04.385+00:00] [INFO]      2.7ms [WARNING] Profile Logger with name = defaultKey doesn't exist! Returning nullptr
[2026-05-06T08:02:04.385+00:00] [INFO]    655.8ms [  INFO ] [QNN_CPU] CpuGraph creation start
[2026-05-06T08:02:04.385+00:00] [INFO]    655.8ms [  INFO ] [QNN_CPU] CpuGraph creation end
[2026-05-06T08:02:04.385+00:00] [INFO]    655.8ms [  INFO ] [QNN_CPU] QnnGraph create end
[2026-05-06T08:02:04.385+00:00] [INFO]   1143.7ms [  INFO ] [QNN_CPU] QnnGraph finalize start
[2026-05-06T08:02:04.385+00:00] [INFO]   1145.8ms [  INFO ] [QNN_CPU] QnnGraph finalize end
[2026-05-06T08:02:04.385+00:00] [INFO]   1146.4ms [  INFO ] [QNN_CPU] QnnGraph execute start
[2026-05-06T08:02:04.385+00:00] [INFO]  14697.7ms [  INFO ] [QNN_CPU] QnnGraph execute end
[2026-05-06T08:02:04.385+00:00] [INFO]  14696.1ms [  INFO ] cleaning up resources for input tensors
[2026-05-06T08:02:04.385+00:00] [INFO]  14696.1ms [  INFO ] cleaning up resources for output tensors
[2026-05-06T08:02:04.385+00:00] [INFO] reEvalMacsParams: Re-evaluated graph statistics after IrOptimizer optimization passes:
[2026-05-06T08:02:04.385+00:00] [INFO] reEvalMacsParams: Total MACs: 352753152
[2026-05-06T08:02:04.385+00:00] [INFO] reEvalMacsParams: Total Params Count: 92102400
[2026-05-06T08:02:04.785+00:00] [INFO] 2026-05-06 08:02:04,785 - 278 - INFO - Quantized Model saved at: /tmp/tmp5zzjwwa3/graph_6cgblq1d.dlc 
[2026-05-06T08:02:04.853+00:00] [INFO]  15537.7ms [  INFO ] Freeing graphsInfo
[2026-05-06T08:02:04.853+00:00] [INFO]  15537.7ms [WARNING] Profile Logger with name = defaultKey doesn't exist! Returning nullptr
[2026-05-06T08:02:04.853+00:00] [INFO]  15540.1ms [  INFO ] [QNN_CPU] QnnContext Free start
[2026-05-06T08:02:04.853+00:00] [INFO]  15555.8ms [  INFO ] [QNN_CPU] QnnContext Free end
[2026-05-06T08:02:04.854+00:00] [INFO]  15554.7ms [WARNING] Profile Logger with name = defaultKey doesn't exist!
[2026-05-06T08:02:04.854+00:00] [INFO]  15557.1ms [  INFO ] [QNN_CPU] QnnBackend Free start
[2026-05-06T08:02:04.854+00:00] [INFO]  15557.1ms [  INFO ] [QNN_CPU] QnnBackend Free end
[2026-05-06T08:02:04.919+00:00] [INFO] -=- Generating .json file from .dlc model (qairt-dlc-to-json) -=-
[2026-05-06T08:02:04.919+00:00] [INFO] Running /qairt_sdk/default/2.45.0/bin/x86_64-linux-clang/qairt-dlc-to-json -i /tmp/tmp3jxrnxao.dlc -o /tmp/tmpwzc76e_7.json
[2026-05-06T08:02:05.047+00:00] [INFO] Model Json saved at: /tmp/tmpwzc76e_7.json
[2026-05-06T08:02:05.105+00:00] [INFO] -=- Generating .json file from .dlc model (qairt-dlc-to-json) -=-
[2026-05-06T08:02:05.105+00:00] [INFO] Running /qairt_sdk/default/2.45.0/bin/x86_64-linux-clang/qairt-dlc-to-json -i /tmp/tmp3jxrnxao.dlc -o /tmp/tmp4mwohdy3.json
[2026-05-06T08:02:05.231+00:00] [INFO] Model Json saved at: /tmp/tmp4mwohdy3.json
[2026-05-06T08:02:05.258+00:00] [INFO] Saving model
[2026-05-06T08:02:05.534+00:00] [INFO] Uploading asset to https://tetrahub-qprod-userdata.s3.amazonaws.com/models/mn01j179m_C9pMkraF8VMt2U1G.dlc?uploadId=MP2x1Ej62znUnxlYPgMxu3xL4dmgO0uucQ5uhSsTku0ngzLt_xBNitpRA6YN_dSjWwrAvO_v.tiAd38bjYMEkLUWXWW2scj9mlz8d6HRkt0XPwfwHr4wvB0r55T.BYKP&partNumber=1&AWSAccessKeyId=AKIAY25OF7UJ3SEYZQT3&Signature=hX%2BgPxori2mIeb
[2026-05-06T08:02:06.447+00:00] [INFO] Successfully uploaded asset with response status: 200
[2026-05-06T08:02:06.738+00:00] [INFO] -=- Generating .json file from .dlc model (qairt-dlc-to-json) -=-
[2026-05-06T08:02:06.739+00:00] [INFO] Running /qairt_sdk/default/2.45.0/bin/x86_64-linux-clang/qairt-dlc-to-json -i /tmp/tmp3jxrnxao.dlc -o /tmp/tmpzz7cp5we.json
[2026-05-06T08:02:06.866+00:00] [INFO] Model Json saved at: /tmp/tmpzz7cp5we.json
[2026-05-06T08:02:07.133+00:00] [INFO] Uploading asset to https://tetrahub-qprod-userdata.s3-accelerate.amazonaws.com/
[2026-05-06T08:02:07.276+00:00] [INFO] Successfully uploaded asset with response status: 204
[2026-05-06T08:02:07.277+00:00] [INFO] Successfully computed visualization graph for mn01j179m
[2026-05-06T08:02:07.277+00:00] [INFO] Graph name: graph_6cgblq1d
[2026-05-06T08:02:07.290+00:00] [INFO] Tensor 'image' has a floating-point type which is not supported by the targeted device.
| Please quantize the model including its I/O and try again.
