[2026-06-21T08:11:19.086+00:00] [INFO] [quantize-post-download] Memory: 1.3GiB | working_set: 1.3GiB | peak: 1.6GiB
[2026-06-21T08:11:21.085+00:00] [INFO] AIMET version: 2.31.0
[2026-06-21T08:11:21.140+00:00] [INFO] Using quant scheme: QuantScheme.post_training_tf_enhanced
[2026-06-21T08:11:24.019+00:00] [INFO] Creating Quantization Simulator...
[2026-06-21T08:11:27.147+00:00] [INFO] Finished Creating Quantization Simulator
[2026-06-21T08:11:27.148+00:00] [INFO] Computing Encodings...
[2026-06-21T08:11:59.287+00:00] [INFO] Memory: 5.4GiB | working_set: 5.0GiB | peak: 5.4GiB
[2026-06-21T08:12:59.336+00:00] [INFO] Memory: 5.4GiB | working_set: 5.0GiB | peak: 5.4GiB
[2026-06-21T08:13:59.376+00:00] [INFO] Memory: 5.4GiB | working_set: 5.0GiB | peak: 5.4GiB
[2026-06-21T08:14:59.436+00:00] [INFO] Memory: 5.4GiB | working_set: 5.0GiB | peak: 5.4GiB
[2026-06-21T08:15:59.477+00:00] [INFO] Memory: 5.4GiB | working_set: 5.0GiB | peak: 5.4GiB
[2026-06-21T08:16:59.486+00:00] [INFO] Memory: 5.4GiB | working_set: 5.0GiB | peak: 5.4GiB
[2026-06-21T08:17:20.660+00:00] [INFO] Finished Computing Encodings
[2026-06-21T08:17:20.660+00:00] [INFO] Exporting QDQ ONNX graph from AIMET quantsim...
[2026-06-21T08:17:23.614+00:00] [INFO] Completed export
| ---AIMET LOGS---
| {"task_name": null, "celery_task_id": null, "handler_name": null, "job_id": null, "attempt_number": null, "asctime": "21/Jun/2026:08:11:24.160185 +0000", "name": "onnx_ir.passes.common.unused_removal", "process": 1, "levelname": "INFO", "message": "Removed 16 unused nodes"}
| 2026-06-21 08:11:24,883 - Quant - INFO - Selecting DefaultOpInstanceConfigGenerator to compute the specialized config. hw_version:None
| {"task_name": "quantize", "celery_task_id": null, "handler_name": "kubernetes.job", "job_id": "jgjoly0ep", "attempt_number": 0, "asctime": "21/Jun/2026:08:11:59.287224 +0000", "name": "kubernetes.job", "process": 1, "levelname": "INFO", "message": "Memory: 5.4GiB | working_set: 5.0GiB | peak: 5.4GiB"}
| {"task_name": "quantize", "celery_task_id": null, "handler_name": "kubernetes.job", "job_id": "jgjoly0ep", "attempt_number": 0, "asctime": "21/Jun/2026:08:12:59.336993 +0000", "name": "kubernetes.job", "process": 1, "levelname": "INFO", "message": "Memory: 5.4GiB | working_set: 5.0GiB | peak: 5.4GiB"}
| {"task_name": "quantize", "celery_task_id": null, "handler_name": "kubernetes.job", "job_id": "jgjoly0ep", "attempt_number": 0, "asctime": "21/Jun/2026:08:13:59.376963 +0000", "name": "kubernetes.job", "process": 1, "levelname": "INFO", "message": "Memory: 5.4GiB | working_set: 5.0GiB | peak: 5.4GiB"}
| {"task_name": "quantize", "celery_task_id": null, "handler_name": "kubernetes.job", "job_id": "jgjoly0ep", "attempt_number": 0, "asctime": "21/Jun/2026:08:14:59.436929 +0000", "name": "kubernetes.job", "process": 1, "levelname": "INFO", "message": "Memory: 5.4GiB | working_set: 5.0GiB | peak: 5.4GiB"}
| {"task_name": "quantize", "celery_task_id": null, "handler_name": "kubernetes.job", "job_id": "jgjoly0ep", "attempt_number": 0, "asctime": "21/Jun/2026:08:15:59.477029 +0000", "name": "kubernetes.job", "process": 1, "levelname": "INFO", "message": "Memory: 5.4GiB | working_set: 5.0GiB | peak: 5.4GiB"}
| {"task_name": "quantize", "celery_task_id": null, "handler_name": "kubernetes.job", "job_id": "jgjoly0ep", "attempt_number": 0, "asctime": "21/Jun/2026:08:16:59.486939 +0000", "name": "kubernetes.job", "process": 1, "levelname": "INFO", "message": "Memory: 5.4GiB | working_set: 5.0GiB | peak: 5.4GiB"}
| ---END AIMET LOGS---
[2026-06-21T08:17:23.826+00:00] [INFO] ONNX graph successfully converted to QDQ format
[2026-06-21T08:17:23.826+00:00] [INFO] Computing PSNR between FP32 and INT8 model output...
[2026-06-21T08:17:26.495+00:00] [INFO] PSNR: {'text_embedding': 29.335006930891975}
[2026-06-21T08:17:26.585+00:00] [INFO] [quantize-post-quantize] Memory: 5.9GiB | working_set: 5.5GiB | peak: 7.7GiB
[2026-06-21T08:17:38.952+00:00] [INFO] Uploading asset to https://tetrahub-qprod-userdata.s3.amazonaws.com/models/mqk6w6lzn_niKOkvOi44f5q5cK.onnx.zip?uploadId=c380mZoXuoN9EPJcO6KrJ7GIdN4txBXZZn3ZIvbvOFkC6E2klSSgv1NNqZ7F3B3gtvhBQBNhWChwUxFb8wGV9lQ8jB7Uk3wq1xPGES2rWnuKrofx97ANIN0l7bafWx7p&partNumber=1&AWSAccessKeyId=AKIAY25OF7UJ3LDDUB4E&Signature=u6Pay%2BXO8
[2026-06-21T08:17:41.640+00:00] [INFO] Successfully uploaded asset with response status: 200
[2026-06-21T08:17:42.311+00:00] [INFO] Uploading asset to https://tetrahub-qprod-userdata.s3-accelerate.amazonaws.com/
[2026-06-21T08:17:42.413+00:00] [INFO] Successfully uploaded asset with response status: 204
[2026-06-21T08:17:42.413+00:00] [INFO] Successfully computed visualization graph for mqk6w6lzn
