[2026-06-17T16:38:37.477+00:00] [INFO] [quantize-post-download] Memory: 1.5GiB | working_set: 1.4GiB | peak: 1.9GiB
[2026-06-17T16:38:39.468+00:00] [INFO] AIMET version: 2.31.0
[2026-06-17T16:38:39.521+00:00] [INFO] Using quant scheme: QuantScheme.post_training_tf_enhanced
[2026-06-17T16:38:47.035+00:00] [INFO] Creating Quantization Simulator...
[2026-06-17T16:38:50.359+00:00] [INFO] Finished Creating Quantization Simulator
[2026-06-17T16:38:50.359+00:00] [INFO] Computing Encodings...
[2026-06-17T16:39:03.569+00:00] [INFO] Memory: 6.4GiB | working_set: 6.0GiB | peak: 6.4GiB
[2026-06-17T16:40:03.629+00:00] [INFO] Memory: 6.9GiB | working_set: 6.5GiB | peak: 6.9GiB
[2026-06-17T16:41:03.689+00:00] [INFO] Memory: 6.9GiB | working_set: 6.5GiB | peak: 6.9GiB
[2026-06-17T16:42:03.749+00:00] [INFO] Memory: 6.9GiB | working_set: 6.5GiB | peak: 6.9GiB
[2026-06-17T16:43:03.809+00:00] [INFO] Memory: 6.9GiB | working_set: 6.5GiB | peak: 6.9GiB
[2026-06-17T16:44:03.870+00:00] [INFO] Memory: 6.9GiB | working_set: 6.5GiB | peak: 6.9GiB
[2026-06-17T16:45:03.929+00:00] [INFO] Memory: 6.9GiB | working_set: 6.5GiB | peak: 6.9GiB
[2026-06-17T16:46:03.989+00:00] [INFO] Memory: 6.9GiB | working_set: 6.5GiB | peak: 6.9GiB
[2026-06-17T16:47:04.050+00:00] [INFO] Memory: 6.9GiB | working_set: 6.5GiB | peak: 6.9GiB
[2026-06-17T16:48:04.109+00:00] [INFO] Memory: 6.9GiB | working_set: 6.5GiB | peak: 6.9GiB
[2026-06-17T16:49:04.170+00:00] [INFO] Memory: 6.9GiB | working_set: 6.5GiB | peak: 6.9GiB
[2026-06-17T16:50:04.229+00:00] [INFO] Memory: 6.9GiB | working_set: 6.5GiB | peak: 6.9GiB
[2026-06-17T16:50:25.994+00:00] [INFO] Finished Computing Encodings
[2026-06-17T16:50:25.994+00:00] [INFO] Exporting QDQ ONNX graph from AIMET quantsim...
[2026-06-17T16:50:29.348+00:00] [INFO] Completed export
| ---AIMET LOGS---
| 2026-06-17 16:38:47,969 - Quant - INFO - Selecting DefaultOpInstanceConfigGenerator to compute the specialized config. hw_version:None
| {"task_name": "quantize", "celery_task_id": null, "handler_name": "kubernetes.job", "job_id": "j57krdwvp", "attempt_number": 0, "asctime": "17/Jun/2026:16:39:03.569445 +0000", "name": "kubernetes.job", "process": 1, "levelname": "INFO", "message": "Memory: 6.4GiB | working_set: 6.0GiB | peak: 6.4GiB"}
| {"task_name": "quantize", "celery_task_id": null, "handler_name": "kubernetes.job", "job_id": "j57krdwvp", "attempt_number": 0, "asctime": "17/Jun/2026:16:40:03.629269 +0000", "name": "kubernetes.job", "process": 1, "levelname": "INFO", "message": "Memory: 6.9GiB | working_set: 6.5GiB | peak: 6.9GiB"}
| {"task_name": "quantize", "celery_task_id": null, "handler_name": "kubernetes.job", "job_id": "j57krdwvp", "attempt_number": 0, "asctime": "17/Jun/2026:16:41:03.689258 +0000", "name": "kubernetes.job", "process": 1, "levelname": "INFO", "message": "Memory: 6.9GiB | working_set: 6.5GiB | peak: 6.9GiB"}
| {"task_name": "quantize", "celery_task_id": null, "handler_name": "kubernetes.job", "job_id": "j57krdwvp", "attempt_number": 0, "asctime": "17/Jun/2026:16:42:03.749320 +0000", "name": "kubernetes.job", "process": 1, "levelname": "INFO", "message": "Memory: 6.9GiB | working_set: 6.5GiB | peak: 6.9GiB"}
| {"task_name": "quantize", "celery_task_id": null, "handler_name": "kubernetes.job", "job_id": "j57krdwvp", "attempt_number": 0, "asctime": "17/Jun/2026:16:43:03.809261 +0000", "name": "kubernetes.job", "process": 1, "levelname": "INFO", "message": "Memory: 6.9GiB | working_set: 6.5GiB | peak: 6.9GiB"}
| {"task_name": "quantize", "celery_task_id": null, "handler_name": "kubernetes.job", "job_id": "j57krdwvp", "attempt_number": 0, "asctime": "17/Jun/2026:16:44:03.870049 +0000", "name": "kubernetes.job", "process": 1, "levelname": "INFO", "message": "Memory: 6.9GiB | working_set: 6.5GiB | peak: 6.9GiB"}
| {"task_name": "quantize", "celery_task_id": null, "handler_name": "kubernetes.job", "job_id": "j57krdwvp", "attempt_number": 0, "asctime": "17/Jun/2026:16:45:03.929296 +0000", "name": "kubernetes.job", "process": 1, "levelname": "INFO", "message": "Memory: 6.9GiB | working_set: 6.5GiB | peak: 6.9GiB"}
| {"task_name": "quantize", "celery_task_id": null, "handler_name": "kubernetes.job", "job_id": "j57krdwvp", "attempt_number": 0, "asctime": "17/Jun/2026:16:46:03.989316 +0000", "name": "kubernetes.job", "process": 1, "levelname": "INFO", "message": "Memory: 6.9GiB | working_set: 6.5GiB | peak: 6.9GiB"}
| {"task_name": "quantize", "celery_task_id": null, "handler_name": "kubernetes.job", "job_id": "j57krdwvp", "attempt_number": 0, "asctime": "17/Jun/2026:16:47:04.050081 +0000", "name": "kubernetes.job", "process": 1, "levelname": "INFO", "message": "Memory: 6.9GiB | working_set: 6.5GiB | peak: 6.9GiB"}
| {"task_name": "quantize", "celery_task_id": null, "handler_name": "kubernetes.job", "job_id": "j57krdwvp", "attempt_number": 0, "asctime": "17/Jun/2026:16:48:04.109274 +0000", "name": "kubernetes.job", "process": 1, "levelname": "INFO", "message": "Memory: 6.9GiB | working_set: 6.5GiB | peak: 6.9GiB"}
| {"task_name": "quantize", "celery_task_id": null, "handler_name": "kubernetes.job", "job_id": "j57krdwvp", "attempt_number": 0, "asctime": "17/Jun/2026:16:49:04.170041 +0000", "name": "kubernetes.job", "process": 1, "levelname": "INFO", "message": "Memory: 6.9GiB | working_set: 6.5GiB | peak: 6.9GiB"}
| {"task_name": "quantize", "celery_task_id": null, "handler_name": "kubernetes.job", "job_id": "j57krdwvp", "attempt_number": 0, "asctime": "17/Jun/2026:16:50:04.229274 +0000", "name": "kubernetes.job", "process": 1, "levelname": "INFO", "message": "Memory: 6.9GiB | working_set: 6.5GiB | peak: 6.9GiB"}
| ---END AIMET LOGS---
[2026-06-17T16:50:29.591+00:00] [INFO] ONNX graph successfully converted to QDQ format
[2026-06-17T16:50:29.591+00:00] [INFO] Computing PSNR between FP32 and INT8 model output...
[2026-06-17T16:50:33.380+00:00] [INFO] PSNR: {'image_embedding': 30.81119700555826}
[2026-06-17T16:50:33.475+00:00] [INFO] [quantize-post-quantize] Memory: 7.4GiB | working_set: 7.0GiB | peak: 9.3GiB
[2026-06-17T16:50:46.755+00:00] [INFO] Uploading asset to https://tetrahub-qprod-userdata.s3.amazonaws.com/models/mmd6925vn_SpOgW7WUzMq7zGIi.onnx.zip?uploadId=H7ZMC6CgJOtew2rBYQjTLP_a3fuEOS8siimYtJfWV2UR0fF8xgGKkS0fuTN5yOAzjiftiuRsNa4HGTmWipc9uPX3VmTaxN2PmzuOek4MDbBn5KrhOKkYskwimB4qAIIe&partNumber=1&AWSAccessKeyId=AKIAY25OF7UJSD2ABZ6V&Signature=ClW4AZ%2FxP
[2026-06-17T16:50:49.677+00:00] [INFO] Successfully uploaded asset with response status: 200
[2026-06-17T16:50:50.412+00:00] [INFO] Uploading asset to https://tetrahub-qprod-userdata.s3-accelerate.amazonaws.com/
[2026-06-17T16:50:50.543+00:00] [INFO] Successfully uploaded asset with response status: 204
[2026-06-17T16:50:50.544+00:00] [INFO] Successfully computed visualization graph for mmd6925vn
