[2026-06-19T02:13:32.204+00:00] [INFO] [quantize-post-download] Memory: 2.5GiB | working_set: 2.4GiB | peak: 3.9GiB
[2026-06-19T02:13:34.339+00:00] [INFO] AIMET version: 2.31.0
[2026-06-19T02:13:34.393+00:00] [INFO] Using quant scheme: QuantScheme.post_training_tf_enhanced
[2026-06-19T02:13:35.464+00:00] [INFO] Creating Quantization Simulator...
[2026-06-19T02:13:45.358+00:00] [INFO] Finished Creating Quantization Simulator
[2026-06-19T02:13:45.358+00:00] [INFO] Computing Encodings...
[2026-06-19T02:14:04.711+00:00] [INFO] Memory: 10.6GiB | working_set: 9.5GiB | peak: 10.6GiB
[2026-06-19T02:15:04.770+00:00] [INFO] Memory: 10.6GiB | working_set: 9.5GiB | peak: 10.6GiB
[2026-06-19T02:16:04.830+00:00] [INFO] Memory: 10.6GiB | working_set: 9.5GiB | peak: 10.6GiB
[2026-06-19T02:17:04.890+00:00] [INFO] Memory: 10.6GiB | working_set: 9.5GiB | peak: 10.6GiB
[2026-06-19T02:18:04.950+00:00] [INFO] Memory: 10.6GiB | working_set: 9.5GiB | peak: 10.6GiB
[2026-06-19T02:19:05.010+00:00] [INFO] Memory: 10.6GiB | working_set: 9.5GiB | peak: 10.6GiB
[2026-06-19T02:19:29.944+00:00] [INFO] Finished Computing Encodings
[2026-06-19T02:19:29.944+00:00] [INFO] Exporting QDQ ONNX graph from AIMET quantsim...
[2026-06-19T02:19:34.566+00:00] [INFO] Completed export
| ---AIMET LOGS---
| 2026-06-19 02:13:38,622 - Quant - INFO - Selecting DefaultOpInstanceConfigGenerator to compute the specialized config. hw_version:None
| {"task_name": "quantize", "celery_task_id": null, "handler_name": "kubernetes.job", "job_id": "jp17y648p", "attempt_number": 0, "asctime": "19/Jun/2026:02:14:04.711093 +0000", "name": "kubernetes.job", "process": 1, "levelname": "INFO", "message": "Memory: 10.6GiB | working_set: 9.5GiB | peak: 10.6GiB"}
| {"task_name": "quantize", "celery_task_id": null, "handler_name": "kubernetes.job", "job_id": "jp17y648p", "attempt_number": 0, "asctime": "19/Jun/2026:02:15:04.770893 +0000", "name": "kubernetes.job", "process": 1, "levelname": "INFO", "message": "Memory: 10.6GiB | working_set: 9.5GiB | peak: 10.6GiB"}
| {"task_name": "quantize", "celery_task_id": null, "handler_name": "kubernetes.job", "job_id": "jp17y648p", "attempt_number": 0, "asctime": "19/Jun/2026:02:16:04.830861 +0000", "name": "kubernetes.job", "process": 1, "levelname": "INFO", "message": "Memory: 10.6GiB | working_set: 9.5GiB | peak: 10.6GiB"}
| {"task_name": "quantize", "celery_task_id": null, "handler_name": "kubernetes.job", "job_id": "jp17y648p", "attempt_number": 0, "asctime": "19/Jun/2026:02:17:04.890922 +0000", "name": "kubernetes.job", "process": 1, "levelname": "INFO", "message": "Memory: 10.6GiB | working_set: 9.5GiB | peak: 10.6GiB"}
| {"task_name": "quantize", "celery_task_id": null, "handler_name": "kubernetes.job", "job_id": "jp17y648p", "attempt_number": 0, "asctime": "19/Jun/2026:02:18:04.950887 +0000", "name": "kubernetes.job", "process": 1, "levelname": "INFO", "message": "Memory: 10.6GiB | working_set: 9.5GiB | peak: 10.6GiB"}
| {"task_name": "quantize", "celery_task_id": null, "handler_name": "kubernetes.job", "job_id": "jp17y648p", "attempt_number": 0, "asctime": "19/Jun/2026:02:19:05.010905 +0000", "name": "kubernetes.job", "process": 1, "levelname": "INFO", "message": "Memory: 10.6GiB | working_set: 9.5GiB | peak: 10.6GiB"}
| ---END AIMET LOGS---
[2026-06-19T02:19:35.942+00:00] [INFO] ONNX graph successfully converted to QDQ format
[2026-06-19T02:19:35.943+00:00] [INFO] Computing PSNR between FP32 and INT8 model output...
[2026-06-19T02:19:39.212+00:00] [INFO] PSNR: {'text_embedding': 41.31460626778916}
[2026-06-19T02:19:39.434+00:00] [INFO] [quantize-post-quantize] Memory: 9.5GiB | working_set: 8.4GiB | peak: 15.3GiB
[2026-06-19T02:20:05.071+00:00] [INFO] Memory: 10.2GiB | working_set: 9.1GiB | peak: 15.3GiB
[2026-06-19T02:20:18.854+00:00] [INFO] Uploading asset to https://tetrahub-qprod-userdata.s3.amazonaws.com/models/mmr90986m_ASRDyY4VhBzz0Bls.onnx.zip?uploadId=kodWdr5VaSqu9RqLzzRHkgZiiETCjdNS_ZYBoiJCH4xaELcCQrJHa..ltbEz2bVpfB5aDHlr010qx96U5w8Ugkwnn3o3N._qIZcMinJpC34BY6kuUoxaIqzMYiXTc.l4&partNumber=1&AWSAccessKeyId=AKIAY25OF7UJ5FCLCQQZ&Signature=FaHGLHi8xV%
[2026-06-19T02:20:27.799+00:00] [INFO] Successfully uploaded asset with response status: 200
[2026-06-19T02:20:29.464+00:00] [INFO] Uploading asset to https://tetrahub-qprod-userdata.s3-accelerate.amazonaws.com/
[2026-06-19T02:20:29.566+00:00] [INFO] Successfully uploaded asset with response status: 204
[2026-06-19T02:20:29.566+00:00] [INFO] Successfully computed visualization graph for mmr90986m
