[34m[1mwandb[0m: logging graph, to disable use `wandb.watch(log_graph=False)`
You are using a CUDA device ('NVIDIA GeForce RTX 3060') that has Tensor Cores. To properly utilize them, you should set `torch.set_float32_matmul_precision('medium' | 'high')` which will trade-off precision for performance. For more details, read https://pytorch.org/docs/stable/generated/torch.set_float32_matmul_precision.html#torch.set_float32_matmul_precision
LOCAL_RANK: 0 - CUDA_VISIBLE_DEVICES: [0]
Validation DataLoader 0: |                                                           | 63/? [00:11<00:00,  5.32it/s]
[32m2026-07-11 14:41:03.365[0m | [1mINFO    [0m | [36mmsiglip.lightning_models[0m:[36m_log_metrics[0m:[36m346[0m - [1m
Val Results:
+------+-------+-------+-------+-------+-------+
| Task |   R1  |   R5  |  R10  |  mAP  |  mINP |
+------+-------+-------+-------+-------+-------+
| t2i  | 10.38 | 24.93 | 34.45 | 14.48 | 10.62 |
| i2t  |  9.80 | 22.20 | 30.65 |  8.47 |  2.12 |
+------+-------+-------+-------+-------+-------+[0m
┏━━━━━━━━━━━━━━━━━━━━━━━━━━━┳━━━━━━━━━━━━━━━━━━━━━━━━━━━┓
┃[1m [0m[1m     Validate metric     [0m[1m [0m┃[1m [0m[1m      DataLoader 0       [0m[1m [0m┃
┡━━━━━━━━━━━━━━━━━━━━━━━━━━━╇━━━━━━━━━━━━━━━━━━━━━━━━━━━┩
│[36m [0m[36m       val_i2t_R1        [0m[36m [0m│[35m [0m[35m    9.800000190734863    [0m[35m [0m│
│[36m [0m[36m       val_i2t_R10       [0m[36m [0m│[35m [0m[35m   30.650001525878906    [0m[35m [0m│
│[36m [0m[36m       val_i2t_R5        [0m[36m [0m│[35m [0m[35m   22.200002670288086    [0m[35m [0m│
│[36m [0m[36m       val_i2t_mAP       [0m[36m [0m│[35m [0m[35m    8.472945213317871    [0m[35m [0m│
│[36m [0m[36m      val_i2t_mINP       [0m[36m [0m│[35m [0m[35m    2.120851516723633    [0m[35m [0m│
│[36m [0m[36m        val_score        [0m[36m [0m│[35m [0m[35m   10.375000953674316    [0m[35m [0m│
│[36m [0m[36m       val_t2i_R1        [0m[36m [0m│[35m [0m[35m   10.375000953674316    [0m[35m [0m│
│[36m [0m[36m       val_t2i_R10       [0m[36m [0m│[35m [0m[35m    34.45000076293945    [0m[35m [0m│
│[36m [0m[36m       val_t2i_R5        [0m[36m [0m│[35m [0m[35m    24.92500114440918    [0m[35m [0m│
│[36m [0m[36m       val_t2i_mAP       [0m[36m [0m│[35m [0m[35m   14.481576919555664    [0m[35m [0m│
│[36m [0m[36m      val_t2i_mINP       [0m[36m [0m│[35m [0m[35m   10.620572090148926    [0m[35m [0m│
└───────────────────────────┴───────────────────────────┘
[32m2026-07-11 14:41:03.970[0m | [1mINFO    [0m | [36mmsiglip.train[0m:[36mrun[0m:[36m130[0m - [1mStarting training from scratch[0m
LOCAL_RANK: 0 - CUDA_VISIBLE_DEVICES: [0]
[32m2026-07-11 14:41:04.222[0m | [1mINFO    [0m | [36mmsiglip.solver.build[0m:[36mbuild_optimizer[0m:[36m77[0m - [1mUsing torch.optim.AdamW optimizer with information: AdamW (
Parameter Group 0
    amsgrad: False
    betas: [0.9, 0.999]
    capturable: False
    decoupled_weight_decay: True
    differentiable: False
    end_lr: 1e-05
    eps: 1e-08
    foreach: None
    fused: None
    lr: 0.0001
    maximize: False
    name: lora
    start_lr: 1e-06
    weight_decay: 0.0
    weight_decay_bias: 0.0

Parameter Group 1
    amsgrad: False
    betas: [0.9, 0.999]
    capturable: False
    decoupled_weight_decay: True
    differentiable: False
    end_lr: 1e-05
    eps: 1e-08
    foreach: None
    fused: None
    lr: 0.0001
    maximize: False
    name: simclr
    start_lr: 1e-06
    weight_decay: 0.05
    weight_decay_bias: 0.0
)[0m
[32m2026-07-11 14:41:04.222[0m | [1mINFO    [0m | [36mmsiglip.solver.build[0m:[36mbuild_lr_scheduler[0m:[36m90[0m - [1mUsing msiglip.solver.lr_scheduler.LRSchedulerWithWarmup scheduler.[0m

  | Name     | Type                          | Params | Mode
-------------------------------------------------------------------
0 | backbone | PeftModelForFeatureExtraction | 375 M  | train
1 | model    | TBPS                          | 376 M  | train
-------------------------------------------------------------------
5.9 M     Trainable params
370 M     Non-trainable params
376 M     Total params
1,506.300 Total estimated model params size (MB)
1289      Modules in train mode
0         Modules in eval mode
Epoch 3: 100%|█| 717/717 [10:51<00:00,  1.10it/s, v_num=lyd0, total_loss_step=5.630, cw_step=0.000, grad_norm_step=4
[32m2026-07-11 14:41:05.759[0m | [1mINFO    [0m | [36mmsiglip.lightning_models[0m:[36mtraining_step[0m:[36m184[0m - [1mInitial loss: 37.1116[0m
Validation DataLoader 0: |                                                           | 63/? [00:10<00:00,  6.03it/s]
[32m2026-07-11 14:52:05.363[0m | [1mINFO    [0m | [36mmsiglip.lightning_models[0m:[36m_log_metrics[0m:[36m346[0m - [1m
Val Results:
+------+-------+-------+-------+-------+-------+
| Task |   R1  |   R5  |  R10  |  mAP  |  mINP |
+------+-------+-------+-------+-------+-------+
| t2i  | 15.53 | 34.68 | 45.60 | 20.68 | 16.07 |
| i2t  | 14.95 | 34.40 | 46.90 | 13.75 |  4.76 |
+------+-------+-------+-------+-------+-------+[0m
[32m2026-07-11 15:03:13.171[0m | [1mINFO    [0m | [36mmsiglip.lightning_models[0m:[36m_log_metrics[0m:[36m346[0m - [1m
Val Results:
+------+-------+-------+-------+-------+-------+
| Task |   R1  |   R5  |  R10  |  mAP  |  mINP |
+------+-------+-------+-------+-------+-------+
| t2i  | 22.62 | 46.88 | 59.15 | 29.28 | 24.07 |
| i2t  | 20.50 | 46.35 | 58.05 | 18.50 |  7.23 |
+------+-------+-------+-------+-------+-------+[0m
[32m2026-07-11 15:14:41.798[0m | [1mINFO    [0m | [36mmsiglip.lightning_models[0m:[36m_log_metrics[0m:[36m346[0m - [1m
Val Results:
+------+-------+-------+-------+-------+-------+
| Task |   R1  |   R5  |  R10  |  mAP  |  mINP |
+------+-------+-------+-------+-------+-------+
| t2i  | 28.73 | 55.83 | 66.55 | 35.49 | 29.70 |
| i2t  | 24.95 | 52.45 | 65.65 | 22.24 |  9.52 |
+------+-------+-------+-------+-------+-------+[0m
[32m2026-07-11 15:26:09.701[0m | [1mINFO    [0m | [36mmsiglip.lightning_models[0m:[36m_log_metrics[0m:[36m346[0m - [1m
Val Results:
+------+-------+-------+-------+-------+-------+
| Task |   R1  |   R5  |  R10  |  mAP  |  mINP |
+------+-------+-------+-------+-------+-------+
| t2i  | 35.20 | 61.75 | 72.90 | 40.95 | 34.46 |
| i2t  | 30.05 | 60.25 | 72.40 | 27.55 | 13.19 |
+------+-------+-------+-------+-------+-------+[0m
[32m2026-07-11 15:37:38.270[0m | [1mINFO    [0m | [36mmsiglip.lightning_models[0m:[36m_log_metrics[0m:[36m346[0m - [1m
Val Results:
+------+-------+-------+-------+-------+-------+
| Task |   R1  |   R5  |  R10  |  mAP  |  mINP |
+------+-------+-------+-------+-------+-------+
| t2i  | 36.78 | 64.45 | 75.45 | 43.34 | 37.30 |
| i2t  | 35.55 | 64.95 | 76.65 | 31.79 | 16.09 |
+------+-------+-------+-------+-------+-------+[0m
[32m2026-07-11 15:49:08.672[0m | [1mINFO    [0m | [36mmsiglip.lightning_models[0m:[36m_log_metrics[0m:[36m346[0m - [1m
Val Results:
+------+-------+-------+-------+-------+-------+
| Task |   R1  |   R5  |  R10  |  mAP  |  mINP |
+------+-------+-------+-------+-------+-------+
| t2i  | 37.70 | 65.48 | 76.45 | 44.28 | 38.36 |
| i2t  | 36.30 | 67.10 | 78.55 | 33.59 | 17.67 |
+------+-------+-------+-------+-------+-------+[0m
[32m2026-07-11 16:00:51.822[0m | [1mINFO    [0m | [36mmsiglip.lightning_models[0m:[36m_log_metrics[0m:[36m346[0m - [1m
Val Results:
+------+-------+-------+-------+-------+-------+
| Task |   R1  |   R5  |  R10  |  mAP  |  mINP |
+------+-------+-------+-------+-------+-------+
| t2i  | 40.95 | 68.28 | 79.18 | 47.22 | 41.11 |
| i2t  | 42.10 | 71.80 | 82.95 | 38.26 | 21.38 |
+------+-------+-------+-------+-------+-------+[0m
[32m2026-07-11 16:12:25.304[0m | [1mINFO    [0m | [36mmsiglip.lightning_models[0m:[36m_log_metrics[0m:[36m346[0m - [1m
Val Results:
+------+-------+-------+-------+-------+-------+
| Task |   R1  |   R5  |  R10  |  mAP  |  mINP |
+------+-------+-------+-------+-------+-------+
| t2i  | 40.73 | 69.22 | 79.98 | 47.47 | 41.41 |
| i2t  | 41.45 | 71.55 | 81.55 | 37.50 | 21.09 |
+------+-------+-------+-------+-------+-------+[0m
[32m2026-07-11 16:23:59.566[0m | [1mINFO    [0m | [36mmsiglip.lightning_models[0m:[36m_log_metrics[0m:[36m346[0m - [1m
Val Results:
+------+-------+-------+-------+-------+-------+
| Task |   R1  |   R5  |  R10  |  mAP  |  mINP |
+------+-------+-------+-------+-------+-------+
| t2i  | 42.42 | 69.70 | 80.18 | 48.44 | 42.22 |
| i2t  | 42.15 | 71.10 | 81.70 | 37.73 | 20.98 |
+------+-------+-------+-------+-------+-------+[0m
[32m2026-07-11 16:35:33.150[0m | [1mINFO    [0m | [36mmsiglip.lightning_models[0m:[36m_log_metrics[0m:[36m346[0m - [1m
Val Results:
+------+-------+-------+-------+-------+-------+
| Task |   R1  |   R5  |  R10  |  mAP  |  mINP |
+------+-------+-------+-------+-------+-------+
| t2i  | 43.15 | 70.50 | 81.47 | 49.09 | 42.66 |
| i2t  | 40.80 | 70.90 | 81.15 | 38.20 | 22.45 |
+------+-------+-------+-------+-------+-------+[0m
[32m2026-07-11 16:47:06.901[0m | [1mINFO    [0m | [36mmsiglip.lightning_models[0m:[36m_log_metrics[0m:[36m346[0m - [1m
Val Results:
+------+-------+-------+-------+-------+-------+
| Task |   R1  |   R5  |  R10  |  mAP  |  mINP |
+------+-------+-------+-------+-------+-------+
| t2i  | 43.98 | 71.68 | 81.15 | 49.67 | 43.22 |
| i2t  | 41.70 | 70.45 | 80.40 | 37.80 | 21.80 |
+------+-------+-------+-------+-------+-------+[0m
[32m2026-07-11 16:58:40.404[0m | [1mINFO    [0m | [36mmsiglip.lightning_models[0m:[36m_log_metrics[0m:[36m346[0m - [1m
Val Results:
+------+-------+-------+-------+-------+-------+
| Task |   R1  |   R5  |  R10  |  mAP  |  mINP |
+------+-------+-------+-------+-------+-------+
| t2i  | 43.23 | 71.20 | 81.60 | 49.75 | 43.65 |
| i2t  | 41.15 | 66.45 | 76.35 | 38.02 | 23.06 |
+------+-------+-------+-------+-------+-------+[0m
[32m2026-07-11 17:10:13.914[0m | [1mINFO    [0m | [36mmsiglip.lightning_models[0m:[36m_log_metrics[0m:[36m346[0m - [1m
Val Results:
+------+-------+-------+-------+-------+-------+
| Task |   R1  |   R5  |  R10  |  mAP  |  mINP |
+------+-------+-------+-------+-------+-------+
| t2i  | 43.40 | 71.78 | 82.28 | 49.66 | 43.35 |
| i2t  | 45.30 | 72.05 | 82.25 | 40.88 | 24.71 |
+------+-------+-------+-------+-------+-------+[0m
[32m2026-07-11 17:21:48.116[0m | [1mINFO    [0m | [36mmsiglip.lightning_models[0m:[36m_log_metrics[0m:[36m346[0m - [1m
Val Results:
+------+-------+-------+-------+-------+-------+
| Task |   R1  |   R5  |  R10  |  mAP  |  mINP |
+------+-------+-------+-------+-------+-------+
| t2i  | 45.10 | 72.73 | 82.40 | 51.11 | 44.72 |
| i2t  | 46.10 | 73.90 | 84.05 | 42.52 | 25.90 |
+------+-------+-------+-------+-------+-------+[0m
[32m2026-07-11 17:33:21.767[0m | [1mINFO    [0m | [36mmsiglip.lightning_models[0m:[36m_log_metrics[0m:[36m346[0m - [1m
Val Results:
+------+-------+-------+-------+-------+-------+
| Task |   R1  |   R5  |  R10  |  mAP  |  mINP |
+------+-------+-------+-------+-------+-------+
| t2i  | 44.95 | 72.78 | 82.48 | 51.28 | 45.20 |
| i2t  | 45.20 | 71.35 | 81.85 | 41.83 | 26.10 |
+------+-------+-------+-------+-------+-------+[0m
[32m2026-07-11 17:44:55.408[0m | [1mINFO    [0m | [36mmsiglip.lightning_models[0m:[36m_log_metrics[0m:[36m346[0m - [1m
Val Results:
+------+-------+-------+-------+-------+-------+
| Task |   R1  |   R5  |  R10  |  mAP  |  mINP |
+------+-------+-------+-------+-------+-------+
| t2i  | 42.95 | 69.65 | 79.40 | 48.46 | 42.07 |
| i2t  | 41.80 | 67.00 | 77.60 | 38.25 | 23.38 |
+------+-------+-------+-------+-------+-------+[0m
[32m2026-07-11 17:56:20.730[0m | [1mINFO    [0m | [36mmsiglip.lightning_models[0m:[36m_log_metrics[0m:[36m346[0m - [1m
Val Results:
+------+-------+-------+-------+-------+-------+
| Task |   R1  |   R5  |  R10  |  mAP  |  mINP |
+------+-------+-------+-------+-------+-------+
| t2i  | 44.75 | 72.70 | 83.12 | 50.86 | 44.54 |
| i2t  | 46.55 | 75.30 | 84.80 | 42.38 | 25.73 |
+------+-------+-------+-------+-------+-------+[0m
[32m2026-07-11 18:07:54.860[0m | [1mINFO    [0m | [36mmsiglip.lightning_models[0m:[36m_log_metrics[0m:[36m346[0m - [1m
Val Results:
+------+-------+-------+-------+-------+-------+
| Task |   R1  |   R5  |  R10  |  mAP  |  mINP |
+------+-------+-------+-------+-------+-------+
| t2i  | 44.33 | 72.00 | 82.28 | 50.21 | 43.77 |
| i2t  | 43.15 | 69.35 | 80.00 | 40.22 | 24.84 |
+------+-------+-------+-------+-------+-------+[0m
[32m2026-07-11 18:19:20.623[0m | [1mINFO    [0m | [36mmsiglip.lightning_models[0m:[36m_log_metrics[0m:[36m346[0m - [1m
Val Results:
+------+-------+-------+-------+-------+-------+
| Task |   R1  |   R5  |  R10  |  mAP  |  mINP |
+------+-------+-------+-------+-------+-------+
| t2i  | 45.42 | 74.10 | 83.95 | 52.06 | 46.06 |
| i2t  | 48.50 | 75.85 | 84.90 | 44.77 | 28.57 |
+------+-------+-------+-------+-------+-------+[0m
[32m2026-07-11 18:30:56.554[0m | [1mINFO    [0m | [36mmsiglip.lightning_models[0m:[36m_log_metrics[0m:[36m346[0m - [1m
Val Results:
+------+-------+-------+-------+-------+-------+
| Task |   R1  |   R5  |  R10  |  mAP  |  mINP |
+------+-------+-------+-------+-------+-------+
| t2i  | 45.88 | 73.68 | 83.48 | 52.39 | 46.46 |
| i2t  | 47.00 | 73.50 | 83.50 | 43.51 | 27.81 |
+------+-------+-------+-------+-------+-------+[0m
[32m2026-07-11 18:42:31.694[0m | [1mINFO    [0m | [36mmsiglip.lightning_models[0m:[36m_log_metrics[0m:[36m346[0m - [1m
Val Results:
+------+-------+-------+-------+-------+-------+
| Task |   R1  |   R5  |  R10  |  mAP  |  mINP |
+------+-------+-------+-------+-------+-------+
| t2i  | 46.50 | 73.60 | 83.78 | 52.52 | 46.45 |
| i2t  | 47.50 | 74.50 | 84.30 | 43.86 | 27.58 |
+------+-------+-------+-------+-------+-------+[0m
[32m2026-07-11 18:54:07.469[0m | [1mINFO    [0m | [36mmsiglip.lightning_models[0m:[36m_log_metrics[0m:[36m346[0m - [1m
Val Results:
+------+-------+-------+-------+-------+-------+
| Task |   R1  |   R5  |  R10  |  mAP  |  mINP |
+------+-------+-------+-------+-------+-------+
| t2i  | 46.58 | 75.00 | 84.50 | 52.84 | 46.62 |
| i2t  | 50.85 | 78.00 | 86.80 | 46.25 | 29.34 |
+------+-------+-------+-------+-------+-------+[0m
[32m2026-07-11 19:05:43.655[0m | [1mINFO    [0m | [36mmsiglip.lightning_models[0m:[36m_log_metrics[0m:[36m346[0m - [1m
Val Results:
+------+-------+-------+-------+-------+-------+
| Task |   R1  |   R5  |  R10  |  mAP  |  mINP |
+------+-------+-------+-------+-------+-------+
| t2i  | 46.50 | 73.75 | 83.12 | 52.15 | 45.69 |
| i2t  | 48.15 | 74.40 | 83.05 | 44.53 | 28.66 |
+------+-------+-------+-------+-------+-------+[0m
[32m2026-07-11 19:17:19.862[0m | [1mINFO    [0m | [36mmsiglip.lightning_models[0m:[36m_log_metrics[0m:[36m346[0m - [1m
Val Results:
+------+-------+-------+-------+-------+-------+
| Task |   R1  |   R5  |  R10  |  mAP  |  mINP |
+------+-------+-------+-------+-------+-------+
| t2i  | 45.23 | 73.53 | 83.48 | 51.84 | 45.97 |
| i2t  | 47.20 | 74.05 | 84.35 | 44.37 | 28.89 |
+------+-------+-------+-------+-------+-------+[0m
[32m2026-07-11 19:28:47.600[0m | [1mINFO    [0m | [36mmsiglip.lightning_models[0m:[36m_log_metrics[0m:[36m346[0m - [1m
Val Results:
+------+-------+-------+-------+-------+-------+
| Task |   R1  |   R5  |  R10  |  mAP  |  mINP |
+------+-------+-------+-------+-------+-------+
| t2i  | 45.20 | 73.63 | 83.88 | 51.85 | 45.73 |
| i2t  | 48.10 | 75.50 | 85.30 | 45.31 | 29.77 |
+------+-------+-------+-------+-------+-------+[0m
[32m2026-07-11 19:40:09.298[0m | [1mINFO    [0m | [36mmsiglip.lightning_models[0m:[36m_log_metrics[0m:[36m346[0m - [1m
Val Results:
+------+-------+-------+-------+-------+-------+
| Task |   R1  |   R5  |  R10  |  mAP  |  mINP |
+------+-------+-------+-------+-------+-------+
| t2i  | 46.28 | 73.60 | 83.48 | 52.61 | 46.73 |
| i2t  | 50.45 | 77.05 | 87.00 | 47.36 | 31.41 |
+------+-------+-------+-------+-------+-------+[0m
[32m2026-07-11 19:51:27.044[0m | [1mINFO    [0m | [36mmsiglip.lightning_models[0m:[36m_log_metrics[0m:[36m346[0m - [1m
Val Results:
+------+-------+-------+-------+-------+-------+
| Task |   R1  |   R5  |  R10  |  mAP  |  mINP |
+------+-------+-------+-------+-------+-------+
| t2i  | 46.38 | 73.93 | 83.80 | 52.50 | 46.38 |
| i2t  | 48.80 | 74.65 | 84.95 | 45.41 | 29.74 |
+------+-------+-------+-------+-------+-------+[0m
[32m2026-07-11 20:02:47.387[0m | [1mINFO    [0m | [36mmsiglip.lightning_models[0m:[36m_log_metrics[0m:[36m346[0m - [1m
Val Results:
+------+-------+-------+-------+-------+-------+
| Task |   R1  |   R5  |  R10  |  mAP  |  mINP |
+------+-------+-------+-------+-------+-------+
| t2i  | 46.28 | 73.05 | 82.93 | 52.31 | 46.26 |
| i2t  | 51.00 | 76.90 | 86.35 | 47.01 | 31.23 |
+------+-------+-------+-------+-------+-------+[0m
[32m2026-07-11 20:14:03.829[0m | [1mINFO    [0m | [36mmsiglip.lightning_models[0m:[36m_log_metrics[0m:[36m346[0m - [1m
Val Results:
+------+-------+-------+-------+-------+-------+
| Task |   R1  |   R5  |  R10  |  mAP  |  mINP |
+------+-------+-------+-------+-------+-------+
| t2i  | 46.68 | 74.35 | 84.53 | 52.85 | 46.68 |
| i2t  | 50.40 | 77.90 | 86.50 | 47.68 | 32.06 |
+------+-------+-------+-------+-------+-------+[0m
[32m2026-07-11 20:25:28.054[0m | [1mINFO    [0m | [36mmsiglip.lightning_models[0m:[36m_log_metrics[0m:[36m346[0m - [1m
Val Results:
+------+-------+-------+-------+-------+-------+
| Task |   R1  |   R5  |  R10  |  mAP  |  mINP |
+------+-------+-------+-------+-------+-------+
| t2i  | 47.20 | 74.18 | 84.20 | 53.14 | 47.04 |
| i2t  | 48.80 | 75.90 | 84.80 | 44.86 | 28.28 |
+------+-------+-------+-------+-------+-------+[0m
[32m2026-07-11 20:36:51.770[0m | [1mINFO    [0m | [36mmsiglip.lightning_models[0m:[36m_log_metrics[0m:[36m346[0m - [1m
Val Results:
+------+-------+-------+-------+-------+-------+
| Task |   R1  |   R5  |  R10  |  mAP  |  mINP |
+------+-------+-------+-------+-------+-------+
| t2i  | 46.68 | 73.98 | 84.28 | 53.08 | 47.18 |
| i2t  | 52.25 | 78.70 | 86.20 | 48.65 | 32.34 |
+------+-------+-------+-------+-------+-------+[0m
[32m2026-07-11 20:48:15.151[0m | [1mINFO    [0m | [36mmsiglip.lightning_models[0m:[36m_log_metrics[0m:[36m346[0m - [1m
Val Results:
+------+-------+-------+-------+-------+-------+
| Task |   R1  |   R5  |  R10  |  mAP  |  mINP |
+------+-------+-------+-------+-------+-------+
| t2i  | 47.53 | 75.15 | 84.95 | 54.17 | 48.32 |
| i2t  | 52.25 | 78.55 | 86.95 | 48.40 | 31.86 |
+------+-------+-------+-------+-------+-------+[0m
[32m2026-07-11 20:59:38.057[0m | [1mINFO    [0m | [36mmsiglip.lightning_models[0m:[36m_log_metrics[0m:[36m346[0m - [1m
Val Results:
+------+-------+-------+-------+-------+-------+
| Task |   R1  |   R5  |  R10  |  mAP  |  mINP |
+------+-------+-------+-------+-------+-------+
| t2i  | 47.23 | 74.38 | 84.73 | 53.63 | 47.79 |
| i2t  | 49.55 | 76.10 | 85.35 | 46.07 | 30.12 |
+------+-------+-------+-------+-------+-------+[0m
[32m2026-07-11 21:11:01.952[0m | [1mINFO    [0m | [36mmsiglip.lightning_models[0m:[36m_log_metrics[0m:[36m346[0m - [1m
Val Results:
+------+-------+-------+-------+-------+-------+
| Task |   R1  |   R5  |  R10  |  mAP  |  mINP |
+------+-------+-------+-------+-------+-------+
| t2i  | 47.50 | 76.05 | 85.03 | 54.25 | 48.43 |
| i2t  | 52.45 | 79.30 | 88.35 | 48.72 | 32.55 |
+------+-------+-------+-------+-------+-------+[0m
[32m2026-07-11 21:22:25.638[0m | [1mINFO    [0m | [36mmsiglip.lightning_models[0m:[36m_log_metrics[0m:[36m346[0m - [1m
Val Results:
+------+-------+-------+-------+-------+-------+
| Task |   R1  |   R5  |  R10  |  mAP  |  mINP |
+------+-------+-------+-------+-------+-------+
| t2i  | 48.03 | 76.18 | 85.18 | 54.41 | 48.52 |
| i2t  | 51.80 | 77.95 | 86.15 | 48.56 | 32.19 |
+------+-------+-------+-------+-------+-------+[0m
[32m2026-07-11 21:33:49.677[0m | [1mINFO    [0m | [36mmsiglip.lightning_models[0m:[36m_log_metrics[0m:[36m346[0m - [1m
Val Results:
+------+-------+-------+-------+-------+-------+
| Task |   R1  |   R5  |  R10  |  mAP  |  mINP |
+------+-------+-------+-------+-------+-------+
| t2i  | 48.23 | 76.53 | 85.90 | 54.73 | 48.82 |
| i2t  | 51.20 | 77.45 | 85.90 | 48.51 | 33.17 |
+------+-------+-------+-------+-------+-------+[0m
[32m2026-07-11 21:45:12.924[0m | [1mINFO    [0m | [36mmsiglip.lightning_models[0m:[36m_log_metrics[0m:[36m346[0m - [1m
Val Results:
+------+-------+-------+-------+-------+-------+
| Task |   R1  |   R5  |  R10  |  mAP  |  mINP |
+------+-------+-------+-------+-------+-------+
| t2i  | 47.48 | 75.45 | 85.50 | 53.75 | 47.59 |
| i2t  | 51.75 | 77.70 | 86.50 | 47.77 | 31.69 |
+------+-------+-------+-------+-------+-------+[0m
[32m2026-07-11 21:56:29.542[0m | [1mINFO    [0m | [36mmsiglip.lightning_models[0m:[36m_log_metrics[0m:[36m346[0m - [1m
Val Results:
+------+-------+-------+-------+-------+-------+
| Task |   R1  |   R5  |  R10  |  mAP  |  mINP |
+------+-------+-------+-------+-------+-------+
| t2i  | 47.83 | 75.83 | 86.45 | 54.10 | 47.97 |
| i2t  | 52.15 | 79.00 | 87.25 | 49.11 | 33.12 |
+------+-------+-------+-------+-------+-------+[0m
[32m2026-07-11 22:07:53.004[0m | [1mINFO    [0m | [36mmsiglip.lightning_models[0m:[36m_log_metrics[0m:[36m346[0m - [1m
Val Results:
+------+-------+-------+-------+-------+-------+
| Task |   R1  |   R5  |  R10  |  mAP  |  mINP |
+------+-------+-------+-------+-------+-------+
| t2i  | 48.45 | 76.75 | 86.23 | 54.65 | 48.52 |
| i2t  | 52.20 | 79.80 | 88.55 | 48.72 | 32.54 |
+------+-------+-------+-------+-------+-------+[0m
[32m2026-07-11 22:19:16.548[0m | [1mINFO    [0m | [36mmsiglip.lightning_models[0m:[36m_log_metrics[0m:[36m346[0m - [1m
Val Results:
+------+-------+-------+-------+-------+-------+
| Task |   R1  |   R5  |  R10  |  mAP  |  mINP |
+------+-------+-------+-------+-------+-------+
| t2i  | 48.42 | 77.03 | 87.05 | 55.02 | 49.18 |
| i2t  | 53.35 | 79.85 | 87.60 | 49.67 | 33.17 |
+------+-------+-------+-------+-------+-------+[0m
[32m2026-07-11 22:30:40.678[0m | [1mINFO    [0m | [36mmsiglip.lightning_models[0m:[36m_log_metrics[0m:[36m346[0m - [1m
Val Results:
+------+-------+-------+-------+-------+-------+
| Task |   R1  |   R5  |  R10  |  mAP  |  mINP |
+------+-------+-------+-------+-------+-------+
| t2i  | 50.03 | 77.60 | 86.60 | 55.48 | 48.97 |
| i2t  | 50.20 | 78.40 | 85.45 | 47.47 | 31.58 |
+------+-------+-------+-------+-------+-------+[0m
[32m2026-07-11 22:42:05.541[0m | [1mINFO    [0m | [36mmsiglip.lightning_models[0m:[36m_log_metrics[0m:[36m346[0m - [1m
Val Results:
+------+-------+-------+-------+-------+-------+
| Task |   R1  |   R5  |  R10  |  mAP  |  mINP |
+------+-------+-------+-------+-------+-------+
| t2i  | 48.93 | 77.35 | 86.45 | 55.38 | 49.20 |
| i2t  | 51.30 | 78.35 | 86.10 | 48.86 | 33.51 |
+------+-------+-------+-------+-------+-------+[0m
[32m2026-07-11 22:53:29.840[0m | [1mINFO    [0m | [36mmsiglip.lightning_models[0m:[36m_log_metrics[0m:[36m346[0m - [1m
Val Results:
+------+-------+-------+-------+-------+-------+
| Task |   R1  |   R5  |  R10  |  mAP  |  mINP |
+------+-------+-------+-------+-------+-------+
| t2i  | 49.18 | 77.28 | 87.30 | 55.53 | 49.38 |
| i2t  | 50.35 | 76.95 | 85.30 | 47.66 | 31.87 |
+------+-------+-------+-------+-------+-------+[0m
[32m2026-07-11 23:04:52.679[0m | [1mINFO    [0m | [36mmsiglip.lightning_models[0m:[36m_log_metrics[0m:[36m346[0m - [1m
Val Results:
+------+-------+-------+-------+-------+-------+
| Task |   R1  |   R5  |  R10  |  mAP  |  mINP |
+------+-------+-------+-------+-------+-------+
| t2i  | 49.43 | 78.30 | 86.90 | 55.76 | 49.86 |
| i2t  | 52.10 | 78.45 | 86.95 | 49.57 | 33.89 |
+------+-------+-------+-------+-------+-------+[0m
[32m2026-07-11 23:16:16.064[0m | [1mINFO    [0m | [36mmsiglip.lightning_models[0m:[36m_log_metrics[0m:[36m346[0m - [1m
Val Results:
+------+-------+-------+-------+-------+-------+
| Task |   R1  |   R5  |  R10  |  mAP  |  mINP |
+------+-------+-------+-------+-------+-------+
| t2i  | 49.75 | 78.00 | 86.68 | 55.70 | 49.62 |
| i2t  | 52.05 | 77.00 | 85.00 | 48.26 | 32.45 |
+------+-------+-------+-------+-------+-------+[0m
[32m2026-07-11 23:27:39.172[0m | [1mINFO    [0m | [36mmsiglip.lightning_models[0m:[36m_log_metrics[0m:[36m346[0m - [1m
Val Results:
+------+-------+-------+-------+-------+-------+
| Task |   R1  |   R5  |  R10  |  mAP  |  mINP |
+------+-------+-------+-------+-------+-------+
| t2i  | 48.90 | 77.78 | 87.05 | 55.51 | 49.59 |
| i2t  | 52.85 | 79.50 | 87.45 | 49.40 | 33.31 |
+------+-------+-------+-------+-------+-------+[0m
[32m2026-07-11 23:38:56.480[0m | [1mINFO    [0m | [36mmsiglip.lightning_models[0m:[36m_log_metrics[0m:[36m346[0m - [1m
Val Results:
+------+-------+-------+-------+-------+-------+
| Task |   R1  |   R5  |  R10  |  mAP  |  mINP |
+------+-------+-------+-------+-------+-------+
| t2i  | 49.50 | 77.90 | 87.12 | 55.97 | 50.03 |
| i2t  | 53.00 | 80.35 | 88.70 | 50.19 | 34.41 |
+------+-------+-------+-------+-------+-------+[0m
[32m2026-07-11 23:50:21.159[0m | [1mINFO    [0m | [36mmsiglip.lightning_models[0m:[36m_log_metrics[0m:[36m346[0m - [1m
Val Results:
+------+-------+-------+-------+-------+-------+
| Task |   R1  |   R5  |  R10  |  mAP  |  mINP |
+------+-------+-------+-------+-------+-------+
| t2i  | 49.03 | 77.33 | 86.45 | 55.47 | 49.56 |
| i2t  | 51.50 | 77.50 | 85.55 | 48.24 | 32.66 |
+------+-------+-------+-------+-------+-------+[0m
[32m2026-07-12 00:01:38.864[0m | [1mINFO    [0m | [36mmsiglip.lightning_models[0m:[36m_log_metrics[0m:[36m346[0m - [1m
Val Results:
+------+-------+-------+-------+-------+-------+
| Task |   R1  |   R5  |  R10  |  mAP  |  mINP |
+------+-------+-------+-------+-------+-------+
| t2i  | 49.98 | 78.13 | 87.10 | 56.28 | 50.22 |
| i2t  | 53.65 | 80.25 | 88.65 | 50.25 | 34.25 |
+------+-------+-------+-------+-------+-------+[0m
[32m2026-07-12 00:13:02.314[0m | [1mINFO    [0m | [36mmsiglip.lightning_models[0m:[36m_log_metrics[0m:[36m346[0m - [1m
Val Results:
+------+-------+-------+-------+-------+-------+
| Task |   R1  |   R5  |  R10  |  mAP  |  mINP |
+------+-------+-------+-------+-------+-------+
| t2i  | 48.93 | 76.83 | 86.70 | 55.25 | 49.28 |
| i2t  | 52.50 | 78.40 | 87.40 | 49.54 | 33.78 |
+------+-------+-------+-------+-------+-------+[0m
[32m2026-07-12 00:24:19.921[0m | [1mINFO    [0m | [36mmsiglip.lightning_models[0m:[36m_log_metrics[0m:[36m346[0m - [1m
Val Results:
+------+-------+-------+-------+-------+-------+
| Task |   R1  |   R5  |  R10  |  mAP  |  mINP |
+------+-------+-------+-------+-------+-------+
| t2i  | 49.55 | 77.30 | 87.03 | 55.35 | 49.14 |
| i2t  | 52.50 | 78.40 | 86.65 | 48.84 | 32.89 |
+------+-------+-------+-------+-------+-------+[0m
[32m2026-07-12 00:35:37.492[0m | [1mINFO    [0m | [36mmsiglip.lightning_models[0m:[36m_log_metrics[0m:[36m346[0m - [1m
Val Results:
+------+-------+-------+-------+-------+-------+
| Task |   R1  |   R5  |  R10  |  mAP  |  mINP |
+------+-------+-------+-------+-------+-------+
| t2i  | 49.95 | 77.85 | 86.98 | 56.09 | 50.08 |
| i2t  | 53.75 | 79.50 | 87.05 | 50.08 | 34.28 |
+------+-------+-------+-------+-------+-------+[0m
[32m2026-07-12 00:47:02.043[0m | [1mINFO    [0m | [36mmsiglip.lightning_models[0m:[36m_log_metrics[0m:[36m346[0m - [1m
Val Results:
+------+-------+-------+-------+-------+-------+
| Task |   R1  |   R5  |  R10  |  mAP  |  mINP |
+------+-------+-------+-------+-------+-------+
| t2i  | 50.43 | 78.48 | 87.43 | 56.53 | 50.50 |
| i2t  | 53.20 | 79.55 | 87.75 | 49.87 | 34.05 |
+------+-------+-------+-------+-------+-------+[0m
[32m2026-07-12 00:58:25.319[0m | [1mINFO    [0m | [36mmsiglip.lightning_models[0m:[36m_log_metrics[0m:[36m346[0m - [1m
Val Results:
+------+-------+-------+-------+-------+-------+
| Task |   R1  |   R5  |  R10  |  mAP  |  mINP |
+------+-------+-------+-------+-------+-------+
| t2i  | 49.65 | 78.35 | 87.53 | 56.33 | 50.48 |
| i2t  | 52.70 | 78.50 | 86.55 | 49.64 | 34.09 |
+------+-------+-------+-------+-------+-------+[0m
[32m2026-07-12 01:09:43.049[0m | [1mINFO    [0m | [36mmsiglip.lightning_models[0m:[36m_log_metrics[0m:[36m346[0m - [1m
Val Results:
+------+-------+-------+-------+-------+-------+
| Task |   R1  |   R5  |  R10  |  mAP  |  mINP |
+------+-------+-------+-------+-------+-------+
| t2i  | 50.00 | 78.35 | 87.55 | 56.34 | 50.39 |
| i2t  | 52.45 | 79.00 | 86.10 | 49.05 | 33.26 |
+------+-------+-------+-------+-------+-------+[0m
[32m2026-07-12 01:21:07.556[0m | [1mINFO    [0m | [36mmsiglip.lightning_models[0m:[36m_log_metrics[0m:[36m346[0m - [1m
Val Results:
+------+-------+-------+-------+-------+-------+
| Task |   R1  |   R5  |  R10  |  mAP  |  mINP |
+------+-------+-------+-------+-------+-------+
| t2i  | 49.90 | 77.88 | 87.43 | 56.20 | 50.26 |
| i2t  | 52.60 | 78.65 | 86.80 | 49.66 | 33.99 |
+------+-------+-------+-------+-------+-------+[0m
[32m2026-07-12 01:32:25.010[0m | [1mINFO    [0m | [36mmsiglip.lightning_models[0m:[36m_log_metrics[0m:[36m346[0m - [1m
Val Results:
+------+-------+-------+-------+-------+-------+
| Task |   R1  |   R5  |  R10  |  mAP  |  mINP |
+------+-------+-------+-------+-------+-------+
| t2i  | 49.90 | 77.65 | 87.15 | 56.13 | 50.15 |
| i2t  | 52.25 | 77.80 | 86.20 | 49.26 | 33.86 |
+------+-------+-------+-------+-------+-------+[0m
[32m2026-07-12 01:43:42.642[0m | [1mINFO    [0m | [36mmsiglip.lightning_models[0m:[36m_log_metrics[0m:[36m346[0m - [1m
Val Results:
+------+-------+-------+-------+-------+-------+
| Task |   R1  |   R5  |  R10  |  mAP  |  mINP |
+------+-------+-------+-------+-------+-------+
| t2i  | 50.05 | 78.18 | 86.95 | 56.19 | 50.14 |
| i2t  | 52.30 | 78.90 | 86.30 | 49.65 | 34.06 |
+------+-------+-------+-------+-------+-------+[0m
[32m2026-07-12 01:55:06.870[0m | [1mINFO    [0m | [36mmsiglip.lightning_models[0m:[36m_log_metrics[0m:[36m346[0m - [1m
Val Results:
+------+-------+-------+-------+-------+-------+
| Task |   R1  |   R5  |  R10  |  mAP  |  mINP |
+------+-------+-------+-------+-------+-------+
| t2i  | 50.35 | 78.38 | 87.43 | 56.40 | 50.29 |
| i2t  | 52.50 | 79.10 | 86.75 | 49.43 | 33.75 |
+------+-------+-------+-------+-------+-------+[0m
[32m2026-07-12 02:06:31.309[0m | [1mINFO    [0m | [36mmsiglip.lightning_models[0m:[36m_log_metrics[0m:[36m346[0m - [1m
Val Results:
+------+-------+-------+-------+-------+-------+
| Task |   R1  |   R5  |  R10  |  mAP  |  mINP |
+------+-------+-------+-------+-------+-------+
| t2i  | 50.30 | 78.43 | 87.18 | 56.44 | 50.43 |
| i2t  | 53.10 | 78.65 | 87.25 | 49.49 | 33.65 |
+------+-------+-------+-------+-------+-------+[0m
`Trainer.fit` stopped: `max_epochs=60` reached.
Restoring states from the checkpoint path at /mnt/data/user_data/lampt/PS/code/artifacts/training/runs/2026-07-11/14-40-19/checkpoints/epoch=52-val_score=50.43.ckpt
LOCAL_RANK: 0 - CUDA_VISIBLE_DEVICES: [0]
Loaded model weights from the checkpoint at /mnt/data/user_data/lampt/PS/code/artifacts/training/runs/2026-07-11/14-40-19/checkpoints/epoch=52-val_score=50.43.ckpt
[32m2026-07-12 02:07:04.734[0m | [1mINFO    [0m | [36mmsiglip.lightning_models[0m:[36m_log_metrics[0m:[36m346[0m - [1m
Test Results:
+------+-------+-------+-------+-------+-------+
| Task |   R1  |   R5  |  R10  |  mAP  |  mINP |
+------+-------+-------+-------+-------+-------+
| t2i  | 50.43 | 78.48 | 87.43 | 56.53 | 50.50 |
| i2t  | 53.20 | 79.55 | 87.75 | 49.87 | 34.05 |
+------+-------+-------+-------+-------+-------+[0m
┏━━━━━━━━━━━━━━━━━━━━━━━━━━━┳━━━━━━━━━━━━━━━━━━━━━━━━━━━┳━━━━━━━━━━━━━━━━━━━━━━━━━━━┓
┃[1m [0m[1m       Test metric       [0m[1m [0m┃[1m [0m[1m      DataLoader 0       [0m[1m [0m┃[1m [0m[1m      DataLoader 1       [0m[1m [0m┃
┡━━━━━━━━━━━━━━━━━━━━━━━━━━━╇━━━━━━━━━━━━━━━━━━━━━━━━━━━╇━━━━━━━━━━━━━━━━━━━━━━━━━━━┩
│[36m [0m[36m       test_i2t_R1       [0m[36m [0m│[35m [0m[35m    53.20000076293945    [0m[35m [0m│[35m [0m[35m    53.20000076293945    [0m[35m [0m│
│[36m [0m[36m      test_i2t_R10       [0m[36m [0m│[35m [0m[35m    87.75000762939453    [0m[35m [0m│[35m [0m[35m    87.75000762939453    [0m[35m [0m│
│[36m [0m[36m       test_i2t_R5       [0m[36m [0m│[35m [0m[35m    79.55000305175781    [0m[35m [0m│[35m [0m[35m    79.55000305175781    [0m[35m [0m│
│[36m [0m[36m      test_i2t_mAP       [0m[36m [0m│[35m [0m[35m   49.870643615722656    [0m[35m [0m│[35m [0m[35m   49.870643615722656    [0m[35m [0m│
│[36m [0m[36m      test_i2t_mINP      [0m[36m [0m│[35m [0m[35m   34.054996490478516    [0m[35m [0m│[35m [0m[35m   34.054996490478516    [0m[35m [0m│
│[36m [0m[36m       test_score        [0m[36m [0m│[35m [0m[35m    50.42500305175781    [0m[35m [0m│[35m [0m[35m    50.42500305175781    [0m[35m [0m│
│[36m [0m[36m       test_t2i_R1       [0m[36m [0m│[35m [0m[35m    50.42500305175781    [0m[35m [0m│[35m [0m[35m    50.42500305175781    [0m[35m [0m│
│[36m [0m[36m      test_t2i_R10       [0m[36m [0m│[35m [0m[35m    87.42500305175781    [0m[35m [0m│[35m [0m[35m    87.42500305175781    [0m[35m [0m│
│[36m [0m[36m       test_t2i_R5       [0m[36m [0m│[35m [0m[35m    78.47500610351562    [0m[35m [0m│[35m [0m[35m    78.47500610351562    [0m[35m [0m│
│[36m [0m[36m      test_t2i_mAP       [0m[36m [0m│[35m [0m[35m    56.52840042114258    [0m[35m [0m│[35m [0m[35m    56.52840042114258    [0m[35m [0m│
│[36m [0m[36m      test_t2i_mINP      [0m[36m [0m│[35m [0m[35m    50.49665069580078    [0m[35m [0m│[35m [0m[35m    50.49665069580078    [0m[35m [0m│
└───────────────────────────┴───────────────────────────┴───────────────────────────┘
