[34m[1mwandb[0m: logging graph, to disable use `wandb.watch(log_graph=False)`
You are using a CUDA device ('NVIDIA GeForce RTX 3060') that has Tensor Cores. To properly utilize them, you should set `torch.set_float32_matmul_precision('medium' | 'high')` which will trade-off precision for performance. For more details, read https://pytorch.org/docs/stable/generated/torch.set_float32_matmul_precision.html#torch.set_float32_matmul_precision
LOCAL_RANK: 0 - CUDA_VISIBLE_DEVICES: [0]
Validation DataLoader 0: |                                                           | 63/? [00:11<00:00,  5.48it/s]
[32m2026-04-09 07:46:30.579[0m | [1mINFO    [0m | [36mlightning_models[0m:[36m_log_metrics[0m:[36m284[0m - [1m
Val Results:
+------+-------+-------+-------+-------+-------+
| Task |   R1  |   R5  |  R10  |  mAP  |  mINP |
+------+-------+-------+-------+-------+-------+
| t2i  | 10.38 | 24.93 | 34.45 | 14.48 | 10.62 |
| i2t  |  9.80 | 22.20 | 30.65 |  8.47 |  2.12 |
+------+-------+-------+-------+-------+-------+[0m
────────────────────────────────────────────────────────────────────────────────────────────────────────────────────
     Validate metric           DataLoader 0
────────────────────────────────────────────────────────────────────────────────────────────────────────────────────
       val_i2t_R1            9.800000190734863
       val_i2t_R10          30.650001525878906
       val_i2t_R5           22.200002670288086
       val_i2t_mAP           8.472945213317871
      val_i2t_mINP           2.120851516723633
        val_score           10.375000953674316
       val_t2i_R1           10.375000953674316
       val_t2i_R10           34.45000076293945
       val_t2i_R5            24.92500114440918
       val_t2i_mAP          14.481576919555664
      val_t2i_mINP          10.620572090148926
────────────────────────────────────────────────────────────────────────────────────────────────────────────────────
[32m2026-04-09 07:46:31.167[0m | [1mINFO    [0m | [36m__main__[0m:[36mrun[0m:[36m123[0m - [1mStarting training from scratch[0m
LOCAL_RANK: 0 - CUDA_VISIBLE_DEVICES: [0]
[32m2026-04-09 07:46:31.408[0m | [1mINFO    [0m | [36msolver.build[0m:[36mbuild_optimizer[0m:[36m77[0m - [1mUsing torch.optim.AdamW optimizer with information: AdamW (
Parameter Group 0
    amsgrad: False
    betas: [0.9, 0.999]
    capturable: False
    decoupled_weight_decay: True
    differentiable: False
    end_lr: 1e-05
    eps: 1e-08
    foreach: None
    fused: None
    lr: 0.0001
    maximize: False
    name: lora
    start_lr: 1e-06
    weight_decay: 0.0
    weight_decay_bias: 0.0

Parameter Group 1
    amsgrad: False
    betas: [0.9, 0.999]
    capturable: False
    decoupled_weight_decay: True
    differentiable: False
    end_lr: 1e-05
    eps: 1e-08
    foreach: None
    fused: None
    lr: 0.0001
    maximize: False
    name: simclr
    start_lr: 1e-06
    weight_decay: 0.05
    weight_decay_bias: 0.0
)[0m
[32m2026-04-09 07:46:31.408[0m | [1mINFO    [0m | [36msolver.build[0m:[36mbuild_lr_scheduler[0m:[36m90[0m - [1mUsing solver.lr_scheduler.LRSchedulerWithWarmup scheduler.[0m

  | Name     | Type                          | Params | Mode
-------------------------------------------------------------------
0 | backbone | PeftModelForFeatureExtraction | 375 M  | train
1 | model    | TBPS                          | 376 M  | train
-------------------------------------------------------------------
5.9 M     Trainable params
370 M     Non-trainable params
376 M     Total params
1,506.300 Total estimated model params size (MB)
1289      Modules in train mode
0         Modules in eval mode
Epoch 3: 100%|█| 717/717 [09:31<00:00,  1.25it/s, v_num=2kk8, total_loss_step=2.990, cw_step=0.000, grad_norm_step=3
[32m2026-04-09 07:46:32.658[0m | [1mINFO    [0m | [36mlightning_models[0m:[36mtraining_step[0m:[36m181[0m - [1mInitial loss: 37.1714[0m
Validation DataLoader 0: |                                                           | 63/? [00:10<00:00,  6.05it/s]
[32m2026-04-09 07:56:13.498[0m | [1mINFO    [0m | [36mlightning_models[0m:[36m_log_metrics[0m:[36m284[0m - [1m
Val Results:
+------+-------+-------+-------+-------+-------+
| Task |   R1  |   R5  |  R10  |  mAP  |  mINP |
+------+-------+-------+-------+-------+-------+
| t2i  | 16.00 | 34.48 | 45.45 | 20.78 | 16.02 |
| i2t  | 14.65 | 34.35 | 46.15 | 13.49 |  4.69 |
+------+-------+-------+-------+-------+-------+[0m
[32m2026-04-09 08:06:02.746[0m | [1mINFO    [0m | [36mlightning_models[0m:[36m_log_metrics[0m:[36m284[0m - [1m
Val Results:
+------+-------+-------+-------+-------+-------+
| Task |   R1  |   R5  |  R10  |  mAP  |  mINP |
+------+-------+-------+-------+-------+-------+
| t2i  | 22.62 | 46.88 | 58.90 | 29.17 | 24.01 |
| i2t  | 21.35 | 45.35 | 58.25 | 18.44 |  7.24 |
+------+-------+-------+-------+-------+-------+[0m
[32m2026-04-09 08:16:12.648[0m | [1mINFO    [0m | [36mlightning_models[0m:[36m_log_metrics[0m:[36m284[0m - [1m
Val Results:
+------+-------+-------+-------+-------+-------+
| Task |   R1  |   R5  |  R10  |  mAP  |  mINP |
+------+-------+-------+-------+-------+-------+
| t2i  | 28.88 | 55.58 | 66.40 | 35.27 | 29.36 |
| i2t  | 27.45 | 56.00 | 68.55 | 24.18 | 10.77 |
+------+-------+-------+-------+-------+-------+[0m
[32m2026-04-09 08:26:17.104[0m | [1mINFO    [0m | [36mlightning_models[0m:[36m_log_metrics[0m:[36m284[0m - [1m
Val Results:
+------+-------+-------+-------+-------+-------+
| Task |   R1  |   R5  |  R10  |  mAP  |  mINP |
+------+-------+-------+-------+-------+-------+
| t2i  | 33.08 | 60.38 | 71.35 | 39.37 | 33.13 |
| i2t  | 31.20 | 59.90 | 72.05 | 27.96 | 13.54 |
+------+-------+-------+-------+-------+-------+[0m
[32m2026-04-09 08:36:22.344[0m | [1mINFO    [0m | [36mlightning_models[0m:[36m_log_metrics[0m:[36m284[0m - [1m
Val Results:
+------+-------+-------+-------+-------+-------+
| Task |   R1  |   R5  |  R10  |  mAP  |  mINP |
+------+-------+-------+-------+-------+-------+
| t2i  | 36.85 | 64.12 | 75.40 | 43.17 | 36.88 |
| i2t  | 36.00 | 66.00 | 77.05 | 32.89 | 17.06 |
+------+-------+-------+-------+-------+-------+[0m
[32m2026-04-09 08:46:23.138[0m | [1mINFO    [0m | [36mlightning_models[0m:[36m_log_metrics[0m:[36m284[0m - [1m
Val Results:
+------+-------+-------+-------+-------+-------+
| Task |   R1  |   R5  |  R10  |  mAP  |  mINP |
+------+-------+-------+-------+-------+-------+
| t2i  | 37.18 | 65.93 | 77.05 | 44.24 | 38.37 |
| i2t  | 35.30 | 65.15 | 77.60 | 32.93 | 17.91 |
+------+-------+-------+-------+-------+-------+[0m
[32m2026-04-09 08:57:44.712[0m | [1mINFO    [0m | [36mlightning_models[0m:[36m_log_metrics[0m:[36m284[0m - [1m
Val Results:
+------+-------+-------+-------+-------+-------+
| Task |   R1  |   R5  |  R10  |  mAP  |  mINP |
+------+-------+-------+-------+-------+-------+
| t2i  | 39.75 | 66.50 | 78.23 | 45.66 | 39.33 |
| i2t  | 40.50 | 69.40 | 80.75 | 36.95 | 20.48 |
+------+-------+-------+-------+-------+-------+[0m
[32m2026-04-09 09:09:06.866[0m | [1mINFO    [0m | [36mlightning_models[0m:[36m_log_metrics[0m:[36m284[0m - [1m
Val Results:
+------+-------+-------+-------+-------+-------+
| Task |   R1  |   R5  |  R10  |  mAP  |  mINP |
+------+-------+-------+-------+-------+-------+
| t2i  | 40.50 | 68.47 | 79.40 | 46.74 | 40.42 |
| i2t  | 45.25 | 72.35 | 83.25 | 40.53 | 23.63 |
+------+-------+-------+-------+-------+-------+[0m
[32m2026-04-09 09:20:28.736[0m | [1mINFO    [0m | [36mlightning_models[0m:[36m_log_metrics[0m:[36m284[0m - [1m
Val Results:
+------+-------+-------+-------+-------+-------+
| Task |   R1  |   R5  |  R10  |  mAP  |  mINP |
+------+-------+-------+-------+-------+-------+
| t2i  | 40.43 | 68.12 | 79.23 | 46.93 | 40.85 |
| i2t  | 41.80 | 71.00 | 82.15 | 38.82 | 22.38 |
+------+-------+-------+-------+-------+-------+[0m
[32m2026-04-09 09:31:51.325[0m | [1mINFO    [0m | [36mlightning_models[0m:[36m_log_metrics[0m:[36m284[0m - [1m
Val Results:
+------+-------+-------+-------+-------+-------+
| Task |   R1  |   R5  |  R10  |  mAP  |  mINP |
+------+-------+-------+-------+-------+-------+
| t2i  | 41.70 | 70.85 | 81.10 | 48.29 | 41.86 |
| i2t  | 42.20 | 71.20 | 81.85 | 38.51 | 22.09 |
+------+-------+-------+-------+-------+-------+[0m
[32m2026-04-09 09:43:13.274[0m | [1mINFO    [0m | [36mlightning_models[0m:[36m_log_metrics[0m:[36m284[0m - [1m
Val Results:
+------+-------+-------+-------+-------+-------+
| Task |   R1  |   R5  |  R10  |  mAP  |  mINP |
+------+-------+-------+-------+-------+-------+
| t2i  | 41.68 | 70.12 | 80.75 | 48.28 | 42.15 |
| i2t  | 41.10 | 70.25 | 80.95 | 38.35 | 22.79 |
+------+-------+-------+-------+-------+-------+[0m
[32m2026-04-09 09:54:34.365[0m | [1mINFO    [0m | [36mlightning_models[0m:[36m_log_metrics[0m:[36m284[0m - [1m
Val Results:
+------+-------+-------+-------+-------+-------+
| Task |   R1  |   R5  |  R10  |  mAP  |  mINP |
+------+-------+-------+-------+-------+-------+
| t2i  | 42.23 | 69.95 | 81.12 | 48.15 | 41.40 |
| i2t  | 42.80 | 70.30 | 80.55 | 40.57 | 24.94 |
+------+-------+-------+-------+-------+-------+[0m
[32m2026-04-09 10:05:56.623[0m | [1mINFO    [0m | [36mlightning_models[0m:[36m_log_metrics[0m:[36m284[0m - [1m
Val Results:
+------+-------+-------+-------+-------+-------+
| Task |   R1  |   R5  |  R10  |  mAP  |  mINP |
+------+-------+-------+-------+-------+-------+
| t2i  | 42.98 | 70.40 | 80.65 | 49.16 | 42.96 |
| i2t  | 44.55 | 70.95 | 81.60 | 41.43 | 25.33 |
+------+-------+-------+-------+-------+-------+[0m
[32m2026-04-09 10:17:18.471[0m | [1mINFO    [0m | [36mlightning_models[0m:[36m_log_metrics[0m:[36m284[0m - [1m
Val Results:
+------+-------+-------+-------+-------+-------+
| Task |   R1  |   R5  |  R10  |  mAP  |  mINP |
+------+-------+-------+-------+-------+-------+
| t2i  | 43.43 | 71.78 | 81.78 | 49.88 | 43.76 |
| i2t  | 45.30 | 72.65 | 81.80 | 42.20 | 26.82 |
+------+-------+-------+-------+-------+-------+[0m
[32m2026-04-09 10:28:40.484[0m | [1mINFO    [0m | [36mlightning_models[0m:[36m_log_metrics[0m:[36m284[0m - [1m
Val Results:
+------+-------+-------+-------+-------+-------+
| Task |   R1  |   R5  |  R10  |  mAP  |  mINP |
+------+-------+-------+-------+-------+-------+
| t2i  | 44.70 | 72.30 | 82.75 | 50.99 | 44.93 |
| i2t  | 46.00 | 73.65 | 82.75 | 42.15 | 26.34 |
+------+-------+-------+-------+-------+-------+[0m
[32m2026-04-09 10:40:03.059[0m | [1mINFO    [0m | [36mlightning_models[0m:[36m_log_metrics[0m:[36m284[0m - [1m
Val Results:
+------+-------+-------+-------+-------+-------+
| Task |   R1  |   R5  |  R10  |  mAP  |  mINP |
+------+-------+-------+-------+-------+-------+
| t2i  | 44.63 | 71.53 | 81.62 | 50.41 | 44.05 |
| i2t  | 45.30 | 72.95 | 82.50 | 42.79 | 27.21 |
+------+-------+-------+-------+-------+-------+[0m
[32m2026-04-09 10:51:26.879[0m | [1mINFO    [0m | [36mlightning_models[0m:[36m_log_metrics[0m:[36m284[0m - [1m
Val Results:
+------+-------+-------+-------+-------+-------+
| Task |   R1  |   R5  |  R10  |  mAP  |  mINP |
+------+-------+-------+-------+-------+-------+
| t2i  | 45.62 | 73.48 | 82.60 | 51.41 | 44.73 |
| i2t  | 46.60 | 73.60 | 83.25 | 43.02 | 26.98 |
+------+-------+-------+-------+-------+-------+[0m
[32m2026-04-09 11:02:50.216[0m | [1mINFO    [0m | [36mlightning_models[0m:[36m_log_metrics[0m:[36m284[0m - [1m
Val Results:
+------+-------+-------+-------+-------+-------+
| Task |   R1  |   R5  |  R10  |  mAP  |  mINP |
+------+-------+-------+-------+-------+-------+
| t2i  | 44.70 | 72.20 | 82.20 | 50.86 | 44.55 |
| i2t  | 47.45 | 74.00 | 84.45 | 44.08 | 27.98 |
+------+-------+-------+-------+-------+-------+[0m
[32m2026-04-09 11:14:17.236[0m | [1mINFO    [0m | [36mlightning_models[0m:[36m_log_metrics[0m:[36m284[0m - [1m
Val Results:
+------+-------+-------+-------+-------+-------+
| Task |   R1  |   R5  |  R10  |  mAP  |  mINP |
+------+-------+-------+-------+-------+-------+
| t2i  | 44.43 | 72.20 | 81.25 | 50.31 | 43.97 |
| i2t  | 43.55 | 71.55 | 81.50 | 41.26 | 25.84 |
+------+-------+-------+-------+-------+-------+[0m
[32m2026-04-09 11:25:35.657[0m | [1mINFO    [0m | [36mlightning_models[0m:[36m_log_metrics[0m:[36m284[0m - [1m
Val Results:
+------+-------+-------+-------+-------+-------+
| Task |   R1  |   R5  |  R10  |  mAP  |  mINP |
+------+-------+-------+-------+-------+-------+
| t2i  | 45.68 | 73.78 | 83.88 | 51.53 | 44.88 |
| i2t  | 49.45 | 76.70 | 85.75 | 45.78 | 29.49 |
+------+-------+-------+-------+-------+-------+[0m
[32m2026-04-09 11:37:03.917[0m | [1mINFO    [0m | [36mlightning_models[0m:[36m_log_metrics[0m:[36m284[0m - [1m
Val Results:
+------+-------+-------+-------+-------+-------+
| Task |   R1  |   R5  |  R10  |  mAP  |  mINP |
+------+-------+-------+-------+-------+-------+
| t2i  | 45.45 | 73.10 | 83.80 | 51.40 | 44.87 |
| i2t  | 49.75 | 75.40 | 84.75 | 45.68 | 29.56 |
+------+-------+-------+-------+-------+-------+[0m
[32m2026-04-09 11:48:30.840[0m | [1mINFO    [0m | [36mlightning_models[0m:[36m_log_metrics[0m:[36m284[0m - [1m
Val Results:
+------+-------+-------+-------+-------+-------+
| Task |   R1  |   R5  |  R10  |  mAP  |  mINP |
+------+-------+-------+-------+-------+-------+
| t2i  | 45.38 | 73.33 | 83.68 | 51.72 | 45.50 |
| i2t  | 48.55 | 74.85 | 84.70 | 44.85 | 29.01 |
+------+-------+-------+-------+-------+-------+[0m
[32m2026-04-09 11:59:48.683[0m | [1mINFO    [0m | [36mlightning_models[0m:[36m_log_metrics[0m:[36m284[0m - [1m
Val Results:
+------+-------+-------+-------+-------+-------+
| Task |   R1  |   R5  |  R10  |  mAP  |  mINP |
+------+-------+-------+-------+-------+-------+
| t2i  | 45.33 | 72.88 | 83.00 | 51.86 | 45.91 |
| i2t  | 44.25 | 70.90 | 81.90 | 41.77 | 26.91 |
+------+-------+-------+-------+-------+-------+[0m
[32m2026-04-09 12:11:06.758[0m | [1mINFO    [0m | [36mlightning_models[0m:[36m_log_metrics[0m:[36m284[0m - [1m
Val Results:
+------+-------+-------+-------+-------+-------+
| Task |   R1  |   R5  |  R10  |  mAP  |  mINP |
+------+-------+-------+-------+-------+-------+
| t2i  | 46.85 | 74.65 | 84.03 | 53.40 | 47.52 |
| i2t  | 50.45 | 76.85 | 85.70 | 46.64 | 30.78 |
+------+-------+-------+-------+-------+-------+[0m
[32m2026-04-09 12:22:33.433[0m | [1mINFO    [0m | [36mlightning_models[0m:[36m_log_metrics[0m:[36m284[0m - [1m
Val Results:
+------+-------+-------+-------+-------+-------+
| Task |   R1  |   R5  |  R10  |  mAP  |  mINP |
+------+-------+-------+-------+-------+-------+
| t2i  | 46.68 | 74.53 | 84.33 | 53.27 | 47.27 |
| i2t  | 51.60 | 78.35 | 86.65 | 47.08 | 30.95 |
+------+-------+-------+-------+-------+-------+[0m
[32m2026-04-09 12:33:54.775[0m | [1mINFO    [0m | [36mlightning_models[0m:[36m_log_metrics[0m:[36m284[0m - [1m
Val Results:
+------+-------+-------+-------+-------+-------+
| Task |   R1  |   R5  |  R10  |  mAP  |  mINP |
+------+-------+-------+-------+-------+-------+
| t2i  | 47.70 | 75.40 | 84.83 | 54.17 | 48.24 |
| i2t  | 47.75 | 75.55 | 85.05 | 45.07 | 29.75 |
+------+-------+-------+-------+-------+-------+[0m
[32m2026-04-09 12:45:16.688[0m | [1mINFO    [0m | [36mlightning_models[0m:[36m_log_metrics[0m:[36m284[0m - [1m
Val Results:
+------+-------+-------+-------+-------+-------+
| Task |   R1  |   R5  |  R10  |  mAP  |  mINP |
+------+-------+-------+-------+-------+-------+
| t2i  | 45.93 | 73.50 | 84.08 | 52.78 | 47.12 |
| i2t  | 47.10 | 73.80 | 83.40 | 44.39 | 29.06 |
+------+-------+-------+-------+-------+-------+[0m
[32m2026-04-09 12:56:32.308[0m | [1mINFO    [0m | [36mlightning_models[0m:[36m_log_metrics[0m:[36m284[0m - [1m
Val Results:
+------+-------+-------+-------+-------+-------+
| Task |   R1  |   R5  |  R10  |  mAP  |  mINP |
+------+-------+-------+-------+-------+-------+
| t2i  | 46.73 | 74.60 | 84.23 | 53.48 | 47.88 |
| i2t  | 48.15 | 74.15 | 83.40 | 45.56 | 30.29 |
+------+-------+-------+-------+-------+-------+[0m
[32m2026-04-09 13:07:58.470[0m | [1mINFO    [0m | [36mlightning_models[0m:[36m_log_metrics[0m:[36m284[0m - [1m
Val Results:
+------+-------+-------+-------+-------+-------+
| Task |   R1  |   R5  |  R10  |  mAP  |  mINP |
+------+-------+-------+-------+-------+-------+
| t2i  | 46.95 | 74.88 | 84.73 | 53.40 | 47.44 |
| i2t  | 50.90 | 78.45 | 87.30 | 47.10 | 30.89 |
+------+-------+-------+-------+-------+-------+[0m
[32m2026-04-09 13:19:21.547[0m | [1mINFO    [0m | [36mlightning_models[0m:[36m_log_metrics[0m:[36m284[0m - [1m
Val Results:
+------+-------+-------+-------+-------+-------+
| Task |   R1  |   R5  |  R10  |  mAP  |  mINP |
+------+-------+-------+-------+-------+-------+
| t2i  | 48.00 | 75.53 | 84.23 | 53.95 | 47.72 |
| i2t  | 50.20 | 77.20 | 85.85 | 46.38 | 29.97 |
+------+-------+-------+-------+-------+-------+[0m
[32m2026-04-09 13:30:51.435[0m | [1mINFO    [0m | [36mlightning_models[0m:[36m_log_metrics[0m:[36m284[0m - [1m
Val Results:
+------+-------+-------+-------+-------+-------+
| Task |   R1  |   R5  |  R10  |  mAP  |  mINP |
+------+-------+-------+-------+-------+-------+
| t2i  | 47.43 | 75.03 | 84.35 | 53.44 | 47.26 |
| i2t  | 50.55 | 76.20 | 85.70 | 45.56 | 28.44 |
+------+-------+-------+-------+-------+-------+[0m
[32m2026-04-09 13:42:20.539[0m | [1mINFO    [0m | [36mlightning_models[0m:[36m_log_metrics[0m:[36m284[0m - [1m
Val Results:
+------+-------+-------+-------+-------+-------+
| Task |   R1  |   R5  |  R10  |  mAP  |  mINP |
+------+-------+-------+-------+-------+-------+
| t2i  | 48.98 | 76.00 | 85.63 | 54.90 | 48.70 |
| i2t  | 52.30 | 79.35 | 87.55 | 48.14 | 31.82 |
+------+-------+-------+-------+-------+-------+[0m
[32m2026-04-09 13:53:48.102[0m | [1mINFO    [0m | [36mlightning_models[0m:[36m_log_metrics[0m:[36m284[0m - [1m
Val Results:
+------+-------+-------+-------+-------+-------+
| Task |   R1  |   R5  |  R10  |  mAP  |  mINP |
+------+-------+-------+-------+-------+-------+
| t2i  | 48.85 | 77.30 | 85.43 | 55.12 | 49.03 |
| i2t  | 50.45 | 77.45 | 86.40 | 46.99 | 31.20 |
+------+-------+-------+-------+-------+-------+[0m
[32m2026-04-09 14:05:11.662[0m | [1mINFO    [0m | [36mlightning_models[0m:[36m_log_metrics[0m:[36m284[0m - [1m
Val Results:
+------+-------+-------+-------+-------+-------+
| Task |   R1  |   R5  |  R10  |  mAP  |  mINP |
+------+-------+-------+-------+-------+-------+
| t2i  | 48.88 | 77.10 | 85.65 | 54.95 | 48.81 |
| i2t  | 49.80 | 77.20 | 86.70 | 47.23 | 31.28 |
+------+-------+-------+-------+-------+-------+[0m
[32m2026-04-09 14:16:39.656[0m | [1mINFO    [0m | [36mlightning_models[0m:[36m_log_metrics[0m:[36m284[0m - [1m
Val Results:
+------+-------+-------+-------+-------+-------+
| Task |   R1  |   R5  |  R10  |  mAP  |  mINP |
+------+-------+-------+-------+-------+-------+
| t2i  | 48.15 | 76.75 | 86.03 | 54.63 | 48.74 |
| i2t  | 51.70 | 78.45 | 87.65 | 47.97 | 32.06 |
+------+-------+-------+-------+-------+-------+[0m
[32m2026-04-09 14:28:00.746[0m | [1mINFO    [0m | [36mlightning_models[0m:[36m_log_metrics[0m:[36m284[0m - [1m
Val Results:
+------+-------+-------+-------+-------+-------+
| Task |   R1  |   R5  |  R10  |  mAP  |  mINP |
+------+-------+-------+-------+-------+-------+
| t2i  | 48.80 | 76.95 | 86.13 | 55.13 | 49.07 |
| i2t  | 53.40 | 78.75 | 88.30 | 48.58 | 31.85 |
+------+-------+-------+-------+-------+-------+[0m
[32m2026-04-09 14:39:18.428[0m | [1mINFO    [0m | [36mlightning_models[0m:[36m_log_metrics[0m:[36m284[0m - [1m
Val Results:
+------+-------+-------+-------+-------+-------+
| Task |   R1  |   R5  |  R10  |  mAP  |  mINP |
+------+-------+-------+-------+-------+-------+
| t2i  | 49.75 | 77.50 | 86.55 | 55.55 | 49.12 |
| i2t  | 51.50 | 76.70 | 85.05 | 47.53 | 31.58 |
+------+-------+-------+-------+-------+-------+[0m
[32m2026-04-09 14:50:45.282[0m | [1mINFO    [0m | [36mlightning_models[0m:[36m_log_metrics[0m:[36m284[0m - [1m
Val Results:
+------+-------+-------+-------+-------+-------+
| Task |   R1  |   R5  |  R10  |  mAP  |  mINP |
+------+-------+-------+-------+-------+-------+
| t2i  | 50.05 | 77.53 | 86.03 | 55.53 | 49.02 |
| i2t  | 52.70 | 79.00 | 87.45 | 47.86 | 31.28 |
+------+-------+-------+-------+-------+-------+[0m
[32m2026-04-09 15:02:09.530[0m | [1mINFO    [0m | [36mlightning_models[0m:[36m_log_metrics[0m:[36m284[0m - [1m
Val Results:
+------+-------+-------+-------+-------+-------+
| Task |   R1  |   R5  |  R10  |  mAP  |  mINP |
+------+-------+-------+-------+-------+-------+
| t2i  | 48.65 | 76.60 | 85.78 | 54.44 | 48.14 |
| i2t  | 49.80 | 77.80 | 86.70 | 47.42 | 31.51 |
+------+-------+-------+-------+-------+-------+[0m
[32m2026-04-09 15:13:28.012[0m | [1mINFO    [0m | [36mlightning_models[0m:[36m_log_metrics[0m:[36m284[0m - [1m
Val Results:
+------+-------+-------+-------+-------+-------+
| Task |   R1  |   R5  |  R10  |  mAP  |  mINP |
+------+-------+-------+-------+-------+-------+
| t2i  | 49.13 | 77.70 | 86.13 | 55.16 | 48.71 |
| i2t  | 53.15 | 79.15 | 87.35 | 48.79 | 32.59 |
+------+-------+-------+-------+-------+-------+[0m
[32m2026-04-09 15:24:51.672[0m | [1mINFO    [0m | [36mlightning_models[0m:[36m_log_metrics[0m:[36m284[0m - [1m
Val Results:
+------+-------+-------+-------+-------+-------+
| Task |   R1  |   R5  |  R10  |  mAP  |  mINP |
+------+-------+-------+-------+-------+-------+
| t2i  | 50.38 | 78.88 | 86.88 | 56.38 | 50.11 |
| i2t  | 53.40 | 79.80 | 88.05 | 49.66 | 33.33 |
+------+-------+-------+-------+-------+-------+[0m
[32m2026-04-09 15:36:16.065[0m | [1mINFO    [0m | [36mlightning_models[0m:[36m_log_metrics[0m:[36m284[0m - [1m
Val Results:
+------+-------+-------+-------+-------+-------+
| Task |   R1  |   R5  |  R10  |  mAP  |  mINP |
+------+-------+-------+-------+-------+-------+
| t2i  | 50.33 | 78.28 | 86.35 | 56.02 | 49.54 |
| i2t  | 52.80 | 79.25 | 88.00 | 49.18 | 32.74 |
+------+-------+-------+-------+-------+-------+[0m
[32m2026-04-09 15:47:40.940[0m | [1mINFO    [0m | [36mlightning_models[0m:[36m_log_metrics[0m:[36m284[0m - [1m
Val Results:
+------+-------+-------+-------+-------+-------+
| Task |   R1  |   R5  |  R10  |  mAP  |  mINP |
+------+-------+-------+-------+-------+-------+
| t2i  | 50.48 | 78.58 | 87.35 | 56.34 | 49.90 |
| i2t  | 53.85 | 80.15 | 88.90 | 49.85 | 33.13 |
+------+-------+-------+-------+-------+-------+[0m
[32m2026-04-09 15:59:05.911[0m | [1mINFO    [0m | [36mlightning_models[0m:[36m_log_metrics[0m:[36m284[0m - [1m
Val Results:
+------+-------+-------+-------+-------+-------+
| Task |   R1  |   R5  |  R10  |  mAP  |  mINP |
+------+-------+-------+-------+-------+-------+
| t2i  | 50.13 | 78.45 | 86.98 | 56.31 | 50.05 |
| i2t  | 54.55 | 81.10 | 89.55 | 50.57 | 34.05 |
+------+-------+-------+-------+-------+-------+[0m
[32m2026-04-09 16:10:23.632[0m | [1mINFO    [0m | [36mlightning_models[0m:[36m_log_metrics[0m:[36m284[0m - [1m
Val Results:
+------+-------+-------+-------+-------+-------+
| Task |   R1  |   R5  |  R10  |  mAP  |  mINP |
+------+-------+-------+-------+-------+-------+
| t2i  | 49.45 | 78.18 | 86.90 | 55.92 | 49.81 |
| i2t  | 52.95 | 78.45 | 87.15 | 49.35 | 33.29 |
+------+-------+-------+-------+-------+-------+[0m
[32m2026-04-09 16:21:41.727[0m | [1mINFO    [0m | [36mlightning_models[0m:[36m_log_metrics[0m:[36m284[0m - [1m
Val Results:
+------+-------+-------+-------+-------+-------+
| Task |   R1  |   R5  |  R10  |  mAP  |  mINP |
+------+-------+-------+-------+-------+-------+
| t2i  | 51.05 | 79.55 | 87.65 | 57.23 | 51.08 |
| i2t  | 54.15 | 80.85 | 88.65 | 50.59 | 34.00 |
+------+-------+-------+-------+-------+-------+[0m
[32m2026-04-09 16:33:05.958[0m | [1mINFO    [0m | [36mlightning_models[0m:[36m_log_metrics[0m:[36m284[0m - [1m
Val Results:
+------+-------+-------+-------+-------+-------+
| Task |   R1  |   R5  |  R10  |  mAP  |  mINP |
+------+-------+-------+-------+-------+-------+
| t2i  | 50.60 | 78.38 | 86.95 | 56.44 | 50.02 |
| i2t  | 54.25 | 80.90 | 89.35 | 50.52 | 33.91 |
+------+-------+-------+-------+-------+-------+[0m
[32m2026-04-09 16:44:31.460[0m | [1mINFO    [0m | [36mlightning_models[0m:[36m_log_metrics[0m:[36m284[0m - [1m
Val Results:
+------+-------+-------+-------+-------+-------+
| Task |   R1  |   R5  |  R10  |  mAP  |  mINP |
+------+-------+-------+-------+-------+-------+
| t2i  | 50.83 | 78.78 | 87.35 | 56.67 | 50.26 |
| i2t  | 53.70 | 78.70 | 88.15 | 49.81 | 33.40 |
+------+-------+-------+-------+-------+-------+[0m
[32m2026-04-09 16:55:56.927[0m | [1mINFO    [0m | [36mlightning_models[0m:[36m_log_metrics[0m:[36m284[0m - [1m
Val Results:
+------+-------+-------+-------+-------+-------+
| Task |   R1  |   R5  |  R10  |  mAP  |  mINP |
+------+-------+-------+-------+-------+-------+
| t2i  | 51.20 | 78.65 | 86.78 | 56.64 | 50.10 |
| i2t  | 54.05 | 80.25 | 88.65 | 50.50 | 34.03 |
+------+-------+-------+-------+-------+-------+[0m
[32m2026-04-09 17:07:22.369[0m | [1mINFO    [0m | [36mlightning_models[0m:[36m_log_metrics[0m:[36m284[0m - [1m
Val Results:
+------+-------+-------+-------+-------+-------+
| Task |   R1  |   R5  |  R10  |  mAP  |  mINP |
+------+-------+-------+-------+-------+-------+
| t2i  | 51.30 | 78.65 | 87.00 | 56.61 | 50.03 |
| i2t  | 53.60 | 79.40 | 88.30 | 50.36 | 34.32 |
+------+-------+-------+-------+-------+-------+[0m
[32m2026-04-09 17:18:47.085[0m | [1mINFO    [0m | [36mlightning_models[0m:[36m_log_metrics[0m:[36m284[0m - [1m
Val Results:
+------+-------+-------+-------+-------+-------+
| Task |   R1  |   R5  |  R10  |  mAP  |  mINP |
+------+-------+-------+-------+-------+-------+
| t2i  | 50.98 | 78.83 | 87.22 | 56.69 | 50.28 |
| i2t  | 53.75 | 78.60 | 87.75 | 50.16 | 34.15 |
+------+-------+-------+-------+-------+-------+[0m
[32m2026-04-09 17:30:05.754[0m | [1mINFO    [0m | [36mlightning_models[0m:[36m_log_metrics[0m:[36m284[0m - [1m
Val Results:
+------+-------+-------+-------+-------+-------+
| Task |   R1  |   R5  |  R10  |  mAP  |  mINP |
+------+-------+-------+-------+-------+-------+
| t2i  | 51.65 | 79.30 | 87.47 | 56.78 | 49.96 |
| i2t  | 54.40 | 79.85 | 88.50 | 50.45 | 33.93 |
+------+-------+-------+-------+-------+-------+[0m
[32m2026-04-09 17:41:35.691[0m | [1mINFO    [0m | [36mlightning_models[0m:[36m_log_metrics[0m:[36m284[0m - [1m
Val Results:
+------+-------+-------+-------+-------+-------+
| Task |   R1  |   R5  |  R10  |  mAP  |  mINP |
+------+-------+-------+-------+-------+-------+
| t2i  | 51.45 | 79.55 | 87.47 | 56.98 | 50.34 |
| i2t  | 54.05 | 79.20 | 87.90 | 50.42 | 34.10 |
+------+-------+-------+-------+-------+-------+[0m
[32m2026-04-09 17:53:03.363[0m | [1mINFO    [0m | [36mlightning_models[0m:[36m_log_metrics[0m:[36m284[0m - [1m
Val Results:
+------+-------+-------+-------+-------+-------+
| Task |   R1  |   R5  |  R10  |  mAP  |  mINP |
+------+-------+-------+-------+-------+-------+
| t2i  | 51.90 | 79.80 | 87.88 | 57.37 | 50.84 |
| i2t  | 55.25 | 80.45 | 88.65 | 50.72 | 34.10 |
+------+-------+-------+-------+-------+-------+[0m
[32m2026-04-09 18:04:29.222[0m | [1mINFO    [0m | [36mlightning_models[0m:[36m_log_metrics[0m:[36m284[0m - [1m
Val Results:
+------+-------+-------+-------+-------+-------+
| Task |   R1  |   R5  |  R10  |  mAP  |  mINP |
+------+-------+-------+-------+-------+-------+
| t2i  | 51.83 | 79.18 | 87.83 | 57.12 | 50.46 |
| i2t  | 53.55 | 79.45 | 88.25 | 50.13 | 33.82 |
+------+-------+-------+-------+-------+-------+[0m
[32m2026-04-09 18:15:55.384[0m | [1mINFO    [0m | [36mlightning_models[0m:[36m_log_metrics[0m:[36m284[0m - [1m
Val Results:
+------+-------+-------+-------+-------+-------+
| Task |   R1  |   R5  |  R10  |  mAP  |  mINP |
+------+-------+-------+-------+-------+-------+
| t2i  | 52.03 | 79.18 | 87.70 | 57.12 | 50.39 |
| i2t  | 54.30 | 80.05 | 88.20 | 50.43 | 34.06 |
+------+-------+-------+-------+-------+-------+[0m
[32m2026-04-09 18:27:21.611[0m | [1mINFO    [0m | [36mlightning_models[0m:[36m_log_metrics[0m:[36m284[0m - [1m
Val Results:
+------+-------+-------+-------+-------+-------+
| Task |   R1  |   R5  |  R10  |  mAP  |  mINP |
+------+-------+-------+-------+-------+-------+
| t2i  | 52.28 | 79.55 | 88.03 | 57.32 | 50.57 |
| i2t  | 54.45 | 79.80 | 88.75 | 50.79 | 34.39 |
+------+-------+-------+-------+-------+-------+[0m
[32m2026-04-09 18:38:48.739[0m | [1mINFO    [0m | [36mlightning_models[0m:[36m_log_metrics[0m:[36m284[0m - [1m
Val Results:
+------+-------+-------+-------+-------+-------+
| Task |   R1  |   R5  |  R10  |  mAP  |  mINP |
+------+-------+-------+-------+-------+-------+
| t2i  | 51.70 | 79.35 | 87.78 | 57.17 | 50.59 |
| i2t  | 54.60 | 80.80 | 88.80 | 50.77 | 34.11 |
+------+-------+-------+-------+-------+-------+[0m
[32m2026-04-09 18:50:08.352[0m | [1mINFO    [0m | [36mlightning_models[0m:[36m_log_metrics[0m:[36m284[0m - [1m
Val Results:
+------+-------+-------+-------+-------+-------+
| Task |   R1  |   R5  |  R10  |  mAP  |  mINP |
+------+-------+-------+-------+-------+-------+
| t2i  | 51.62 | 79.28 | 87.83 | 57.14 | 50.54 |
| i2t  | 54.70 | 79.70 | 88.30 | 50.33 | 33.68 |
+------+-------+-------+-------+-------+-------+[0m
[32m2026-04-09 19:01:27.674[0m | [1mINFO    [0m | [36mlightning_models[0m:[36m_log_metrics[0m:[36m284[0m - [1m
Val Results:
+------+-------+-------+-------+-------+-------+
| Task |   R1  |   R5  |  R10  |  mAP  |  mINP |
+------+-------+-------+-------+-------+-------+
| t2i  | 52.08 | 79.13 | 88.28 | 57.05 | 50.23 |
| i2t  | 54.00 | 80.15 | 88.20 | 50.32 | 33.69 |
+------+-------+-------+-------+-------+-------+[0m
`Trainer.fit` stopped: `max_epochs=60` reached.
Restoring states from the checkpoint path at /mnt/data/user_data/lampt/PS/code/outputs/2026-04-09/07-46-10/checkpoints/epoch=56-val_score=52.28.ckpt
LOCAL_RANK: 0 - CUDA_VISIBLE_DEVICES: [0]
Loaded model weights from the checkpoint at /mnt/data/user_data/lampt/PS/code/outputs/2026-04-09/07-46-10/checkpoints/epoch=56-val_score=52.28.ckpt
[32m2026-04-09 19:02:03.919[0m | [1mINFO    [0m | [36mlightning_models[0m:[36m_log_metrics[0m:[36m284[0m - [1m
Test Results:
+------+-------+-------+-------+-------+-------+
| Task |   R1  |   R5  |  R10  |  mAP  |  mINP |
+------+-------+-------+-------+-------+-------+
| t2i  | 52.28 | 79.55 | 88.03 | 57.32 | 50.57 |
| i2t  | 54.45 | 79.80 | 88.75 | 50.79 | 34.39 |
+------+-------+-------+-------+-------+-------+[0m
────────────────────────────────────────────────────────────────────────────────────────────────────────────────────
       Test metric             DataLoader 0             DataLoader 1
────────────────────────────────────────────────────────────────────────────────────────────────────────────────────
       test_i2t_R1           54.45000457763672        54.45000457763672
      test_i2t_R10           88.75000762939453        88.75000762939453
       test_i2t_R5           79.80000305175781        79.80000305175781
      test_i2t_mAP           50.78912353515625        50.78912353515625
      test_i2t_mINP          34.38851547241211        34.38851547241211
       test_score           52.275001525878906       52.275001525878906
       test_t2i_R1          52.275001525878906       52.275001525878906
      test_t2i_R10           88.0250015258789         88.0250015258789
       test_t2i_R5           79.55000305175781        79.55000305175781
      test_t2i_mAP           57.3204345703125         57.3204345703125
      test_t2i_mINP         50.569950103759766       50.569950103759766
────────────────────────────────────────────────────────────────────────────────────────────────────────────────────
