[34m[1mwandb[0m: logging graph, to disable use `wandb.watch(log_graph=False)`
You are using a CUDA device ('NVIDIA GeForce RTX 3060') that has Tensor Cores. To properly utilize them, you should set `torch.set_float32_matmul_precision('medium' | 'high')` which will trade-off precision for performance. For more details, read https://pytorch.org/docs/stable/generated/torch.set_float32_matmul_precision.html#torch.set_float32_matmul_precision
LOCAL_RANK: 0 - CUDA_VISIBLE_DEVICES: [0]
Validation DataLoader 0: |                                                               | 63/? [00:11<00:00,  5.49it/s]
[32m2026-04-08 12:49:23.220[0m | [1mINFO    [0m | [36mlightning_models[0m:[36m_log_metrics[0m:[36m284[0m - [1m
Val Results:
+------+-------+-------+-------+-------+-------+
| Task |   R1  |   R5  |  R10  |  mAP  |  mINP |
+------+-------+-------+-------+-------+-------+
| t2i  | 10.38 | 24.93 | 34.45 | 14.48 | 10.62 |
| i2t  |  9.80 | 22.20 | 30.65 |  8.47 |  2.12 |
+------+-------+-------+-------+-------+-------+[0m
────────────────────────────────────────────────────────────────────────────────────────────────────────────────────────
     Validate metric           DataLoader 0
────────────────────────────────────────────────────────────────────────────────────────────────────────────────────────
       val_i2t_R1            9.800000190734863
       val_i2t_R10          30.650001525878906
       val_i2t_R5           22.200002670288086
       val_i2t_mAP           8.472945213317871
      val_i2t_mINP           2.120851516723633
        val_score           10.375000953674316
       val_t2i_R1           10.375000953674316
       val_t2i_R10           34.45000076293945
       val_t2i_R5            24.92500114440918
       val_t2i_mAP          14.481576919555664
      val_t2i_mINP          10.620572090148926
────────────────────────────────────────────────────────────────────────────────────────────────────────────────────────
[32m2026-04-08 12:49:23.809[0m | [1mINFO    [0m | [36m__main__[0m:[36mrun[0m:[36m123[0m - [1mStarting training from scratch[0m
LOCAL_RANK: 0 - CUDA_VISIBLE_DEVICES: [0]
[32m2026-04-08 12:49:24.050[0m | [1mINFO    [0m | [36msolver.build[0m:[36mbuild_optimizer[0m:[36m77[0m - [1mUsing torch.optim.AdamW optimizer with information: AdamW (
Parameter Group 0
    amsgrad: False
    betas: [0.9, 0.999]
    capturable: False
    decoupled_weight_decay: True
    differentiable: False
    end_lr: 1e-05
    eps: 1e-08
    foreach: None
    fused: None
    lr: 0.0001
    maximize: False
    name: lora
    start_lr: 1e-06
    weight_decay: 0.0
    weight_decay_bias: 0.0

Parameter Group 1
    amsgrad: False
    betas: [0.9, 0.999]
    capturable: False
    decoupled_weight_decay: True
    differentiable: False
    end_lr: 1e-05
    eps: 1e-08
    foreach: None
    fused: None
    lr: 0.0001
    maximize: False
    name: simclr
    start_lr: 1e-06
    weight_decay: 0.05
    weight_decay_bias: 0.0
)[0m
[32m2026-04-08 12:49:24.051[0m | [1mINFO    [0m | [36msolver.build[0m:[36mbuild_lr_scheduler[0m:[36m90[0m - [1mUsing solver.lr_scheduler.LRSchedulerWithWarmup scheduler.[0m

  | Name     | Type                          | Params | Mode
-------------------------------------------------------------------
0 | backbone | PeftModelForFeatureExtraction | 375 M  | train
1 | model    | TBPS                          | 376 M  | train
-------------------------------------------------------------------
5.9 M     Trainable params
370 M     Non-trainable params
376 M     Total params
1,506.300 Total estimated model params size (MB)
1289      Modules in train mode
0         Modules in eval mode
Epoch 3: 100%|█| 717/717 [09:32<00:00,  1.25it/s, v_num=brgb, total_loss_step=5.630, cw_step=0.000, grad_norm_step=4    
[32m2026-04-08 12:49:25.319[0m | [1mINFO    [0m | [36mlightning_models[0m:[36mtraining_step[0m:[36m181[0m - [1mInitial loss: 33.0115[0m
Validation DataLoader 0: |                                                           | 63/? [00:10<00:00,  6.04it/s]    
[32m2026-04-08 12:59:06.269[0m | [1mINFO    [0m | [36mlightning_models[0m:[36m_log_metrics[0m:[36m284[0m - [1m
Val Results:
+------+-------+-------+-------+-------+-------+
| Task |   R1  |   R5  |  R10  |  mAP  |  mINP |
+------+-------+-------+-------+-------+-------+
| t2i  | 15.65 | 34.20 | 45.40 | 20.60 | 15.89 |
| i2t  | 15.60 | 34.25 | 46.80 | 13.81 |  4.73 |
+------+-------+-------+-------+-------+-------+[0m
[32m2026-04-08 13:08:54.997[0m | [1mINFO    [0m | [36mlightning_models[0m:[36m_log_metrics[0m:[36m284[0m - [1m
Val Results:
+------+-------+-------+-------+-------+-------+
| Task |   R1  |   R5  |  R10  |  mAP  |  mINP |
+------+-------+-------+-------+-------+-------+
| t2i  | 22.20 | 46.20 | 58.45 | 28.70 | 23.46 |
| i2t  | 19.65 | 43.20 | 56.10 | 17.61 |  6.90 |
+------+-------+-------+-------+-------+-------+[0m
[32m2026-04-08 13:19:01.839[0m | [1mINFO    [0m | [36mlightning_models[0m:[36m_log_metrics[0m:[36m284[0m - [1m
Val Results:
+------+-------+-------+-------+-------+-------+
| Task |   R1  |   R5  |  R10  |  mAP  |  mINP |
+------+-------+-------+-------+-------+-------+
| t2i  | 27.42 | 53.80 | 65.83 | 34.27 | 28.58 |
| i2t  | 23.80 | 51.70 | 64.75 | 22.03 |  9.62 |
+------+-------+-------+-------+-------+-------+[0m
[32m2026-04-08 13:29:08.517[0m | [1mINFO    [0m | [36mlightning_models[0m:[36m_log_metrics[0m:[36m284[0m - [1m
Val Results:
+------+-------+-------+-------+-------+-------+
| Task |   R1  |   R5  |  R10  |  mAP  |  mINP |
+------+-------+-------+-------+-------+-------+
| t2i  | 33.33 | 60.80 | 71.43 | 39.68 | 33.58 |
| i2t  | 31.20 | 61.35 | 74.65 | 28.55 | 13.90 |
+------+-------+-------+-------+-------+-------+[0m
[32m2026-04-08 13:39:14.689[0m | [1mINFO    [0m | [36mlightning_models[0m:[36m_log_metrics[0m:[36m284[0m - [1m
Val Results:
+------+-------+-------+-------+-------+-------+
| Task |   R1  |   R5  |  R10  |  mAP  |  mINP |
+------+-------+-------+-------+-------+-------+
| t2i  | 36.50 | 63.48 | 75.25 | 42.81 | 36.47 |
| i2t  | 35.00 | 64.40 | 77.80 | 32.09 | 16.87 |
+------+-------+-------+-------+-------+-------+[0m
[32m2026-04-08 13:49:21.953[0m | [1mINFO    [0m | [36mlightning_models[0m:[36m_log_metrics[0m:[36m284[0m - [1m
Val Results:
+------+-------+-------+-------+-------+-------+
| Task |   R1  |   R5  |  R10  |  mAP  |  mINP |
+------+-------+-------+-------+-------+-------+
| t2i  | 38.88 | 67.33 | 77.33 | 45.26 | 38.84 |
| i2t  | 38.70 | 68.10 | 80.05 | 35.16 | 19.23 |
+------+-------+-------+-------+-------+-------+[0m
[32m2026-04-08 14:01:01.973[0m | [1mINFO    [0m | [36mlightning_models[0m:[36m_log_metrics[0m:[36m284[0m - [1m
Val Results:
+------+-------+-------+-------+-------+-------+
| Task |   R1  |   R5  |  R10  |  mAP  |  mINP |
+------+-------+-------+-------+-------+-------+
| t2i  | 39.60 | 67.93 | 78.40 | 46.17 | 39.90 |
| i2t  | 39.55 | 69.35 | 80.60 | 36.66 | 20.43 |
+------+-------+-------+-------+-------+-------+[0m
[32m2026-04-08 14:12:30.316[0m | [1mINFO    [0m | [36mlightning_models[0m:[36m_log_metrics[0m:[36m284[0m - [1m
Val Results:
+------+-------+-------+-------+-------+-------+
| Task |   R1  |   R5  |  R10  |  mAP  |  mINP |
+------+-------+-------+-------+-------+-------+
| t2i  | 41.60 | 69.28 | 80.10 | 47.96 | 41.87 |
| i2t  | 41.20 | 71.00 | 81.40 | 37.01 | 20.05 |
+------+-------+-------+-------+-------+-------+[0m
[32m2026-04-08 14:23:57.754[0m | [1mINFO    [0m | [36mlightning_models[0m:[36m_log_metrics[0m:[36m284[0m - [1m
Val Results:
+------+-------+-------+-------+-------+-------+
| Task |   R1  |   R5  |  R10  |  mAP  |  mINP |
+------+-------+-------+-------+-------+-------+
| t2i  | 41.90 | 70.75 | 81.53 | 48.68 | 42.72 |
| i2t  | 40.95 | 72.45 | 83.20 | 38.60 | 22.49 |
+------+-------+-------+-------+-------+-------+[0m
[32m2026-04-08 14:35:26.215[0m | [1mINFO    [0m | [36mlightning_models[0m:[36m_log_metrics[0m:[36m284[0m - [1m
Val Results:
+------+-------+-------+-------+-------+-------+
| Task |   R1  |   R5  |  R10  |  mAP  |  mINP |
+------+-------+-------+-------+-------+-------+
| t2i  | 42.53 | 70.83 | 81.75 | 49.35 | 43.37 |
| i2t  | 41.90 | 71.00 | 82.90 | 39.73 | 24.26 |
+------+-------+-------+-------+-------+-------+[0m
[32m2026-04-08 14:46:56.088[0m | [1mINFO    [0m | [36mlightning_models[0m:[36m_log_metrics[0m:[36m284[0m - [1m
Val Results:
+------+-------+-------+-------+-------+-------+
| Task |   R1  |   R5  |  R10  |  mAP  |  mINP |
+------+-------+-------+-------+-------+-------+
| t2i  | 42.95 | 72.00 | 81.93 | 49.76 | 43.83 |
| i2t  | 44.20 | 73.40 | 83.20 | 41.34 | 25.27 |
+------+-------+-------+-------+-------+-------+[0m
[32m2026-04-08 14:58:24.405[0m | [1mINFO    [0m | [36mlightning_models[0m:[36m_log_metrics[0m:[36m284[0m - [1m
Val Results:
+------+-------+-------+-------+-------+-------+
| Task |   R1  |   R5  |  R10  |  mAP  |  mINP |
+------+-------+-------+-------+-------+-------+
| t2i  | 42.83 | 71.68 | 81.28 | 49.50 | 43.37 |
| i2t  | 43.80 | 71.85 | 83.35 | 39.87 | 23.84 |
+------+-------+-------+-------+-------+-------+[0m
[32m2026-04-08 15:09:53.717[0m | [1mINFO    [0m | [36mlightning_models[0m:[36m_log_metrics[0m:[36m284[0m - [1m
Val Results:
+------+-------+-------+-------+-------+-------+
| Task |   R1  |   R5  |  R10  |  mAP  |  mINP |
+------+-------+-------+-------+-------+-------+
| t2i  | 45.45 | 73.53 | 82.78 | 51.40 | 44.91 |
| i2t  | 46.35 | 73.30 | 83.95 | 42.47 | 26.40 |
+------+-------+-------+-------+-------+-------+[0m
[32m2026-04-08 15:21:22.305[0m | [1mINFO    [0m | [36mlightning_models[0m:[36m_log_metrics[0m:[36m284[0m - [1m
Val Results:
+------+-------+-------+-------+-------+-------+
| Task |   R1  |   R5  |  R10  |  mAP  |  mINP |
+------+-------+-------+-------+-------+-------+
| t2i  | 44.08 | 72.63 | 82.35 | 50.60 | 44.49 |
| i2t  | 44.75 | 72.15 | 83.00 | 42.42 | 27.03 |
+------+-------+-------+-------+-------+-------+[0m
[32m2026-04-08 15:32:51.590[0m | [1mINFO    [0m | [36mlightning_models[0m:[36m_log_metrics[0m:[36m284[0m - [1m
Val Results:
+------+-------+-------+-------+-------+-------+
| Task |   R1  |   R5  |  R10  |  mAP  |  mINP |
+------+-------+-------+-------+-------+-------+
| t2i  | 46.33 | 74.75 | 84.28 | 52.59 | 46.22 |
| i2t  | 47.85 | 74.25 | 84.20 | 45.02 | 29.33 |
+------+-------+-------+-------+-------+-------+[0m
[32m2026-04-08 15:44:19.770[0m | [1mINFO    [0m | [36mlightning_models[0m:[36m_log_metrics[0m:[36m284[0m - [1m
Val Results:
+------+-------+-------+-------+-------+-------+
| Task |   R1  |   R5  |  R10  |  mAP  |  mINP |
+------+-------+-------+-------+-------+-------+
| t2i  | 44.80 | 72.43 | 82.38 | 51.14 | 45.03 |
| i2t  | 46.25 | 73.50 | 83.10 | 43.56 | 28.18 |
+------+-------+-------+-------+-------+-------+[0m
[32m2026-04-08 15:55:49.259[0m | [1mINFO    [0m | [36mlightning_models[0m:[36m_log_metrics[0m:[36m284[0m - [1m
Val Results:
+------+-------+-------+-------+-------+-------+
| Task |   R1  |   R5  |  R10  |  mAP  |  mINP |
+------+-------+-------+-------+-------+-------+
| t2i  | 45.45 | 73.58 | 82.85 | 51.71 | 45.48 |
| i2t  | 46.05 | 71.35 | 80.55 | 43.05 | 28.19 |
+------+-------+-------+-------+-------+-------+[0m
[32m2026-04-08 16:07:18.711[0m | [1mINFO    [0m | [36mlightning_models[0m:[36m_log_metrics[0m:[36m284[0m - [1m
Val Results:
+------+-------+-------+-------+-------+-------+
| Task |   R1  |   R5  |  R10  |  mAP  |  mINP |
+------+-------+-------+-------+-------+-------+
| t2i  | 47.20 | 74.58 | 84.08 | 52.78 | 46.14 |
| i2t  | 48.00 | 74.40 | 83.60 | 44.49 | 28.65 |
+------+-------+-------+-------+-------+-------+[0m
[32m2026-04-08 16:18:47.896[0m | [1mINFO    [0m | [36mlightning_models[0m:[36m_log_metrics[0m:[36m284[0m - [1m
Val Results:
+------+-------+-------+-------+-------+-------+
| Task |   R1  |   R5  |  R10  |  mAP  |  mINP |
+------+-------+-------+-------+-------+-------+
| t2i  | 46.40 | 74.40 | 83.93 | 52.00 | 45.22 |
| i2t  | 47.05 | 74.40 | 83.60 | 44.92 | 29.23 |
+------+-------+-------+-------+-------+-------+[0m
[32m2026-04-08 16:30:16.908[0m | [1mINFO    [0m | [36mlightning_models[0m:[36m_log_metrics[0m:[36m284[0m - [1m
Val Results:
+------+-------+-------+-------+-------+-------+
| Task |   R1  |   R5  |  R10  |  mAP  |  mINP |
+------+-------+-------+-------+-------+-------+
| t2i  | 46.30 | 73.78 | 83.43 | 52.17 | 45.83 |
| i2t  | 46.55 | 73.85 | 82.70 | 44.05 | 28.88 |
+------+-------+-------+-------+-------+-------+[0m
[32m2026-04-08 16:41:39.432[0m | [1mINFO    [0m | [36mlightning_models[0m:[36m_log_metrics[0m:[36m284[0m - [1m
Val Results:
+------+-------+-------+-------+-------+-------+
| Task |   R1  |   R5  |  R10  |  mAP  |  mINP |
+------+-------+-------+-------+-------+-------+
| t2i  | 45.38 | 73.95 | 83.58 | 51.74 | 45.53 |
| i2t  | 46.55 | 73.90 | 83.65 | 44.03 | 28.56 |
+------+-------+-------+-------+-------+-------+[0m
[32m2026-04-08 16:53:01.831[0m | [1mINFO    [0m | [36mlightning_models[0m:[36m_log_metrics[0m:[36m284[0m - [1m
Val Results:
+------+-------+-------+-------+-------+-------+
| Task |   R1  |   R5  |  R10  |  mAP  |  mINP |
+------+-------+-------+-------+-------+-------+
| t2i  | 46.63 | 74.60 | 84.45 | 52.53 | 46.12 |
| i2t  | 43.75 | 69.35 | 79.70 | 40.86 | 26.10 |
+------+-------+-------+-------+-------+-------+[0m
[32m2026-04-08 17:04:31.016[0m | [1mINFO    [0m | [36mlightning_models[0m:[36m_log_metrics[0m:[36m284[0m - [1m
Val Results:
+------+-------+-------+-------+-------+-------+
| Task |   R1  |   R5  |  R10  |  mAP  |  mINP |
+------+-------+-------+-------+-------+-------+
| t2i  | 46.00 | 73.45 | 84.25 | 52.66 | 46.66 |
| i2t  | 46.25 | 72.25 | 81.00 | 43.93 | 29.01 |
+------+-------+-------+-------+-------+-------+[0m
[32m2026-04-08 17:15:53.077[0m | [1mINFO    [0m | [36mlightning_models[0m:[36m_log_metrics[0m:[36m284[0m - [1m
Val Results:
+------+-------+-------+-------+-------+-------+
| Task |   R1  |   R5  |  R10  |  mAP  |  mINP |
+------+-------+-------+-------+-------+-------+
| t2i  | 47.48 | 74.75 | 84.25 | 53.30 | 47.06 |
| i2t  | 49.60 | 75.85 | 84.10 | 45.74 | 29.40 |
+------+-------+-------+-------+-------+-------+[0m
[32m2026-04-08 17:27:21.353[0m | [1mINFO    [0m | [36mlightning_models[0m:[36m_log_metrics[0m:[36m284[0m - [1m
Val Results:
+------+-------+-------+-------+-------+-------+
| Task |   R1  |   R5  |  R10  |  mAP  |  mINP |
+------+-------+-------+-------+-------+-------+
| t2i  | 45.75 | 72.10 | 83.43 | 51.59 | 45.32 |
| i2t  | 46.85 | 73.80 | 82.65 | 43.64 | 27.70 |
+------+-------+-------+-------+-------+-------+[0m
[32m2026-04-08 17:38:43.402[0m | [1mINFO    [0m | [36mlightning_models[0m:[36m_log_metrics[0m:[36m284[0m - [1m
Val Results:
+------+-------+-------+-------+-------+-------+
| Task |   R1  |   R5  |  R10  |  mAP  |  mINP |
+------+-------+-------+-------+-------+-------+
| t2i  | 46.90 | 74.82 | 83.85 | 52.85 | 46.51 |
| i2t  | 46.60 | 73.70 | 83.35 | 43.65 | 27.98 |
+------+-------+-------+-------+-------+-------+[0m
[32m2026-04-08 17:50:14.052[0m | [1mINFO    [0m | [36mlightning_models[0m:[36m_log_metrics[0m:[36m284[0m - [1m
Val Results:
+------+-------+-------+-------+-------+-------+
| Task |   R1  |   R5  |  R10  |  mAP  |  mINP |
+------+-------+-------+-------+-------+-------+
| t2i  | 46.90 | 74.85 | 85.48 | 53.57 | 47.68 |
| i2t  | 50.70 | 77.70 | 85.85 | 47.84 | 32.06 |
+------+-------+-------+-------+-------+-------+[0m
[32m2026-04-08 18:01:36.074[0m | [1mINFO    [0m | [36mlightning_models[0m:[36m_log_metrics[0m:[36m284[0m - [1m
Val Results:
+------+-------+-------+-------+-------+-------+
| Task |   R1  |   R5  |  R10  |  mAP  |  mINP |
+------+-------+-------+-------+-------+-------+
| t2i  | 47.20 | 75.38 | 85.43 | 53.80 | 47.85 |
| i2t  | 50.60 | 77.80 | 86.30 | 46.73 | 30.74 |
+------+-------+-------+-------+-------+-------+[0m
[32m2026-04-08 18:13:07.474[0m | [1mINFO    [0m | [36mlightning_models[0m:[36m_log_metrics[0m:[36m284[0m - [1m
Val Results:
+------+-------+-------+-------+-------+-------+
| Task |   R1  |   R5  |  R10  |  mAP  |  mINP |
+------+-------+-------+-------+-------+-------+
| t2i  | 49.25 | 76.05 | 85.40 | 54.91 | 48.74 |
| i2t  | 50.20 | 77.10 | 86.45 | 46.87 | 30.59 |
+------+-------+-------+-------+-------+-------+[0m
[32m2026-04-08 18:24:36.138[0m | [1mINFO    [0m | [36mlightning_models[0m:[36m_log_metrics[0m:[36m284[0m - [1m
Val Results:
+------+-------+-------+-------+-------+-------+
| Task |   R1  |   R5  |  R10  |  mAP  |  mINP |
+------+-------+-------+-------+-------+-------+
| t2i  | 48.15 | 75.95 | 85.90 | 54.39 | 48.38 |
| i2t  | 47.40 | 73.90 | 82.85 | 45.52 | 30.31 |
+------+-------+-------+-------+-------+-------+[0m
[32m2026-04-08 18:36:07.134[0m | [1mINFO    [0m | [36mlightning_models[0m:[36m_log_metrics[0m:[36m284[0m - [1m
Val Results:
+------+-------+-------+-------+-------+-------+
| Task |   R1  |   R5  |  R10  |  mAP  |  mINP |
+------+-------+-------+-------+-------+-------+
| t2i  | 49.03 | 76.05 | 85.78 | 54.55 | 48.22 |
| i2t  | 52.45 | 77.95 | 87.05 | 47.93 | 31.74 |
+------+-------+-------+-------+-------+-------+[0m
[32m2026-04-08 18:47:39.173[0m | [1mINFO    [0m | [36mlightning_models[0m:[36m_log_metrics[0m:[36m284[0m - [1m
Val Results:
+------+-------+-------+-------+-------+-------+
| Task |   R1  |   R5  |  R10  |  mAP  |  mINP |
+------+-------+-------+-------+-------+-------+
| t2i  | 48.98 | 77.00 | 86.08 | 55.05 | 48.80 |
| i2t  | 50.50 | 77.05 | 86.00 | 46.98 | 30.84 |
+------+-------+-------+-------+-------+-------+[0m
[32m2026-04-08 18:59:10.941[0m | [1mINFO    [0m | [36mlightning_models[0m:[36m_log_metrics[0m:[36m284[0m - [1m
Val Results:
+------+-------+-------+-------+-------+-------+
| Task |   R1  |   R5  |  R10  |  mAP  |  mINP |
+------+-------+-------+-------+-------+-------+
| t2i  | 48.30 | 76.05 | 85.45 | 54.31 | 48.13 |
| i2t  | 51.00 | 76.20 | 85.55 | 47.06 | 31.06 |
+------+-------+-------+-------+-------+-------+[0m
[32m2026-04-08 19:10:35.353[0m | [1mINFO    [0m | [36mlightning_models[0m:[36m_log_metrics[0m:[36m284[0m - [1m
Val Results:
+------+-------+-------+-------+-------+-------+
| Task |   R1  |   R5  |  R10  |  mAP  |  mINP |
+------+-------+-------+-------+-------+-------+
| t2i  | 49.08 | 76.95 | 85.60 | 54.81 | 48.37 |
| i2t  | 51.45 | 77.55 | 86.70 | 48.07 | 31.74 |
+------+-------+-------+-------+-------+-------+[0m
[32m2026-04-08 19:22:08.138[0m | [1mINFO    [0m | [36mlightning_models[0m:[36m_log_metrics[0m:[36m284[0m - [1m
Val Results:
+------+-------+-------+-------+-------+-------+
| Task |   R1  |   R5  |  R10  |  mAP  |  mINP |
+------+-------+-------+-------+-------+-------+
| t2i  | 49.00 | 77.18 | 85.90 | 54.90 | 48.66 |
| i2t  | 51.60 | 77.80 | 86.45 | 48.06 | 31.83 |
+------+-------+-------+-------+-------+-------+[0m
[32m2026-04-08 19:33:33.162[0m | [1mINFO    [0m | [36mlightning_models[0m:[36m_log_metrics[0m:[36m284[0m - [1m
Val Results:
+------+-------+-------+-------+-------+-------+
| Task |   R1  |   R5  |  R10  |  mAP  |  mINP |
+------+-------+-------+-------+-------+-------+
| t2i  | 49.70 | 77.98 | 86.78 | 55.46 | 48.99 |
| i2t  | 51.80 | 77.95 | 86.40 | 47.88 | 31.45 |
+------+-------+-------+-------+-------+-------+[0m
[32m2026-04-08 19:45:06.835[0m | [1mINFO    [0m | [36mlightning_models[0m:[36m_log_metrics[0m:[36m284[0m - [1m
Val Results:
+------+-------+-------+-------+-------+-------+
| Task |   R1  |   R5  |  R10  |  mAP  |  mINP |
+------+-------+-------+-------+-------+-------+
| t2i  | 49.40 | 76.98 | 86.43 | 55.32 | 49.19 |
| i2t  | 51.25 | 77.60 | 85.50 | 47.69 | 31.39 |
+------+-------+-------+-------+-------+-------+[0m
[32m2026-04-08 19:56:40.860[0m | [1mINFO    [0m | [36mlightning_models[0m:[36m_log_metrics[0m:[36m284[0m - [1m
Val Results:
+------+-------+-------+-------+-------+-------+
| Task |   R1  |   R5  |  R10  |  mAP  |  mINP |
+------+-------+-------+-------+-------+-------+
| t2i  | 49.60 | 77.18 | 86.58 | 55.37 | 49.12 |
| i2t  | 51.30 | 78.40 | 86.90 | 48.40 | 31.85 |
+------+-------+-------+-------+-------+-------+[0m
[32m2026-04-08 20:08:14.517[0m | [1mINFO    [0m | [36mlightning_models[0m:[36m_log_metrics[0m:[36m284[0m - [1m
Val Results:
+------+-------+-------+-------+-------+-------+
| Task |   R1  |   R5  |  R10  |  mAP  |  mINP |
+------+-------+-------+-------+-------+-------+
| t2i  | 49.73 | 76.58 | 85.83 | 55.31 | 49.16 |
| i2t  | 52.25 | 77.65 | 86.55 | 48.32 | 32.14 |
+------+-------+-------+-------+-------+-------+[0m
[32m2026-04-08 20:19:48.154[0m | [1mINFO    [0m | [36mlightning_models[0m:[36m_log_metrics[0m:[36m284[0m - [1m
Val Results:
+------+-------+-------+-------+-------+-------+
| Task |   R1  |   R5  |  R10  |  mAP  |  mINP |
+------+-------+-------+-------+-------+-------+
| t2i  | 50.28 | 77.45 | 86.62 | 56.24 | 50.22 |
| i2t  | 50.25 | 76.55 | 84.80 | 47.04 | 31.53 |
+------+-------+-------+-------+-------+-------+[0m
[32m2026-04-08 20:31:21.755[0m | [1mINFO    [0m | [36mlightning_models[0m:[36m_log_metrics[0m:[36m284[0m - [1m
Val Results:
+------+-------+-------+-------+-------+-------+
| Task |   R1  |   R5  |  R10  |  mAP  |  mINP |
+------+-------+-------+-------+-------+-------+
| t2i  | 49.13 | 76.55 | 85.53 | 55.26 | 49.36 |
| i2t  | 50.00 | 74.60 | 83.85 | 46.75 | 31.30 |
+------+-------+-------+-------+-------+-------+[0m
[32m2026-04-08 20:42:48.201[0m | [1mINFO    [0m | [36mlightning_models[0m:[36m_log_metrics[0m:[36m284[0m - [1m
Val Results:
+------+-------+-------+-------+-------+-------+
| Task |   R1  |   R5  |  R10  |  mAP  |  mINP |
+------+-------+-------+-------+-------+-------+
| t2i  | 48.93 | 75.33 | 85.45 | 54.65 | 48.54 |
| i2t  | 50.80 | 76.25 | 85.05 | 46.92 | 31.12 |
+------+-------+-------+-------+-------+-------+[0m
[32m2026-04-08 20:54:14.856[0m | [1mINFO    [0m | [36mlightning_models[0m:[36m_log_metrics[0m:[36m284[0m - [1m
Val Results:
+------+-------+-------+-------+-------+-------+
| Task |   R1  |   R5  |  R10  |  mAP  |  mINP |
+------+-------+-------+-------+-------+-------+
| t2i  | 49.83 | 77.05 | 86.20 | 55.75 | 49.74 |
| i2t  | 51.60 | 77.70 | 86.30 | 47.49 | 31.15 |
+------+-------+-------+-------+-------+-------+[0m
[32m2026-04-08 21:05:49.303[0m | [1mINFO    [0m | [36mlightning_models[0m:[36m_log_metrics[0m:[36m284[0m - [1m
Val Results:
+------+-------+-------+-------+-------+-------+
| Task |   R1  |   R5  |  R10  |  mAP  |  mINP |
+------+-------+-------+-------+-------+-------+
| t2i  | 49.88 | 77.18 | 86.35 | 55.86 | 49.92 |
| i2t  | 50.75 | 76.35 | 85.00 | 47.45 | 31.49 |
+------+-------+-------+-------+-------+-------+[0m
[32m2026-04-08 21:17:24.224[0m | [1mINFO    [0m | [36mlightning_models[0m:[36m_log_metrics[0m:[36m284[0m - [1m
Val Results:
+------+-------+-------+-------+-------+-------+
| Task |   R1  |   R5  |  R10  |  mAP  |  mINP |
+------+-------+-------+-------+-------+-------+
| t2i  | 49.38 | 77.48 | 85.93 | 55.44 | 49.30 |
| i2t  | 50.55 | 77.90 | 86.65 | 47.90 | 31.95 |
+------+-------+-------+-------+-------+-------+[0m
[32m2026-04-08 21:28:48.744[0m | [1mINFO    [0m | [36mlightning_models[0m:[36m_log_metrics[0m:[36m284[0m - [1m
Val Results:
+------+-------+-------+-------+-------+-------+
| Task |   R1  |   R5  |  R10  |  mAP  |  mINP |
+------+-------+-------+-------+-------+-------+
| t2i  | 49.48 | 76.75 | 85.50 | 55.37 | 49.26 |
| i2t  | 51.40 | 78.95 | 87.95 | 48.78 | 32.85 |
+------+-------+-------+-------+-------+-------+[0m
[32m2026-04-08 21:40:13.735[0m | [1mINFO    [0m | [36mlightning_models[0m:[36m_log_metrics[0m:[36m284[0m - [1m
Val Results:
+------+-------+-------+-------+-------+-------+
| Task |   R1  |   R5  |  R10  |  mAP  |  mINP |
+------+-------+-------+-------+-------+-------+
| t2i  | 49.58 | 75.83 | 85.98 | 55.20 | 49.09 |
| i2t  | 51.90 | 76.90 | 86.15 | 48.32 | 32.17 |
+------+-------+-------+-------+-------+-------+[0m
[32m2026-04-08 21:51:38.736[0m | [1mINFO    [0m | [36mlightning_models[0m:[36m_log_metrics[0m:[36m284[0m - [1m
Val Results:
+------+-------+-------+-------+-------+-------+
| Task |   R1  |   R5  |  R10  |  mAP  |  mINP |
+------+-------+-------+-------+-------+-------+
| t2i  | 49.60 | 76.38 | 85.85 | 55.61 | 49.75 |
| i2t  | 52.00 | 78.30 | 86.55 | 48.99 | 32.80 |
+------+-------+-------+-------+-------+-------+[0m
[32m2026-04-08 22:03:05.107[0m | [1mINFO    [0m | [36mlightning_models[0m:[36m_log_metrics[0m:[36m284[0m - [1m
Val Results:
+------+-------+-------+-------+-------+-------+
| Task |   R1  |   R5  |  R10  |  mAP  |  mINP |
+------+-------+-------+-------+-------+-------+
| t2i  | 50.00 | 77.60 | 86.10 | 56.02 | 50.03 |
| i2t  | 52.60 | 79.15 | 88.20 | 49.07 | 32.89 |
+------+-------+-------+-------+-------+-------+[0m
[32m2026-04-08 22:14:40.282[0m | [1mINFO    [0m | [36mlightning_models[0m:[36m_log_metrics[0m:[36m284[0m - [1m
Val Results:
+------+-------+-------+-------+-------+-------+
| Task |   R1  |   R5  |  R10  |  mAP  |  mINP |
+------+-------+-------+-------+-------+-------+
| t2i  | 49.83 | 77.55 | 86.28 | 56.13 | 50.34 |
| i2t  | 52.30 | 78.35 | 87.15 | 49.01 | 33.36 |
+------+-------+-------+-------+-------+-------+[0m
[32m2026-04-08 22:26:06.644[0m | [1mINFO    [0m | [36mlightning_models[0m:[36m_log_metrics[0m:[36m284[0m - [1m
Val Results:
+------+-------+-------+-------+-------+-------+
| Task |   R1  |   R5  |  R10  |  mAP  |  mINP |
+------+-------+-------+-------+-------+-------+
| t2i  | 50.45 | 77.58 | 86.58 | 56.27 | 50.20 |
| i2t  | 52.80 | 78.55 | 87.20 | 49.21 | 33.15 |
+------+-------+-------+-------+-------+-------+[0m
[32m2026-04-08 22:37:42.857[0m | [1mINFO    [0m | [36mlightning_models[0m:[36m_log_metrics[0m:[36m284[0m - [1m
Val Results:
+------+-------+-------+-------+-------+-------+
| Task |   R1  |   R5  |  R10  |  mAP  |  mINP |
+------+-------+-------+-------+-------+-------+
| t2i  | 50.98 | 78.60 | 86.95 | 57.08 | 51.22 |
| i2t  | 53.35 | 79.15 | 88.00 | 49.69 | 33.69 |
+------+-------+-------+-------+-------+-------+[0m
[32m2026-04-08 22:49:18.465[0m | [1mINFO    [0m | [36mlightning_models[0m:[36m_log_metrics[0m:[36m284[0m - [1m
Val Results:
+------+-------+-------+-------+-------+-------+
| Task |   R1  |   R5  |  R10  |  mAP  |  mINP |
+------+-------+-------+-------+-------+-------+
| t2i  | 50.70 | 77.50 | 86.33 | 56.31 | 50.16 |
| i2t  | 54.30 | 79.25 | 88.40 | 49.83 | 33.57 |
+------+-------+-------+-------+-------+-------+[0m
[32m2026-04-08 23:00:53.782[0m | [1mINFO    [0m | [36mlightning_models[0m:[36m_log_metrics[0m:[36m284[0m - [1m
Val Results:
+------+-------+-------+-------+-------+-------+
| Task |   R1  |   R5  |  R10  |  mAP  |  mINP |
+------+-------+-------+-------+-------+-------+
| t2i  | 50.60 | 77.58 | 86.45 | 56.25 | 50.11 |
| i2t  | 52.35 | 77.70 | 87.30 | 48.77 | 32.87 |
+------+-------+-------+-------+-------+-------+[0m
[32m2026-04-08 23:12:29.947[0m | [1mINFO    [0m | [36mlightning_models[0m:[36m_log_metrics[0m:[36m284[0m - [1m
Val Results:
+------+-------+-------+-------+-------+-------+
| Task |   R1  |   R5  |  R10  |  mAP  |  mINP |
+------+-------+-------+-------+-------+-------+
| t2i  | 50.53 | 77.75 | 86.48 | 56.35 | 50.34 |
| i2t  | 53.40 | 79.00 | 87.85 | 49.87 | 33.98 |
+------+-------+-------+-------+-------+-------+[0m
[32m2026-04-08 23:23:49.490[0m | [1mINFO    [0m | [36mlightning_models[0m:[36m_log_metrics[0m:[36m284[0m - [1m
Val Results:
+------+-------+-------+-------+-------+-------+
| Task |   R1  |   R5  |  R10  |  mAP  |  mINP |
+------+-------+-------+-------+-------+-------+
| t2i  | 50.43 | 77.12 | 86.33 | 56.08 | 50.01 |
| i2t  | 52.30 | 78.35 | 86.45 | 49.29 | 33.67 |
+------+-------+-------+-------+-------+-------+[0m
[32m2026-04-08 23:35:07.027[0m | [1mINFO    [0m | [36mlightning_models[0m:[36m_log_metrics[0m:[36m284[0m - [1m
Val Results:
+------+-------+-------+-------+-------+-------+
| Task |   R1  |   R5  |  R10  |  mAP  |  mINP |
+------+-------+-------+-------+-------+-------+
| t2i  | 50.85 | 77.70 | 86.33 | 56.41 | 50.43 |
| i2t  | 53.05 | 78.65 | 87.00 | 49.65 | 33.95 |
+------+-------+-------+-------+-------+-------+[0m
[32m2026-04-08 23:46:31.014[0m | [1mINFO    [0m | [36mlightning_models[0m:[36m_log_metrics[0m:[36m284[0m - [1m
Val Results:
+------+-------+-------+-------+-------+-------+
| Task |   R1  |   R5  |  R10  |  mAP  |  mINP |
+------+-------+-------+-------+-------+-------+
| t2i  | 50.75 | 77.63 | 86.30 | 56.34 | 50.22 |
| i2t  | 52.05 | 77.75 | 86.30 | 48.95 | 33.39 |
+------+-------+-------+-------+-------+-------+[0m
[32m2026-04-08 23:57:53.574[0m | [1mINFO    [0m | [36mlightning_models[0m:[36m_log_metrics[0m:[36m284[0m - [1m
Val Results:
+------+-------+-------+-------+-------+-------+
| Task |   R1  |   R5  |  R10  |  mAP  |  mINP |
+------+-------+-------+-------+-------+-------+
| t2i  | 50.68 | 77.93 | 86.58 | 56.49 | 50.42 |
| i2t  | 52.60 | 78.40 | 86.70 | 49.53 | 33.72 |
+------+-------+-------+-------+-------+-------+[0m
[32m2026-04-09 00:09:09.214[0m | [1mINFO    [0m | [36mlightning_models[0m:[36m_log_metrics[0m:[36m284[0m - [1m
Val Results:
+------+-------+-------+-------+-------+-------+
| Task |   R1  |   R5  |  R10  |  mAP  |  mINP |
+------+-------+-------+-------+-------+-------+
| t2i  | 50.25 | 77.68 | 86.38 | 56.35 | 50.44 |
| i2t  | 53.70 | 78.90 | 87.20 | 49.66 | 33.72 |
+------+-------+-------+-------+-------+-------+[0m
`Trainer.fit` stopped: `max_epochs=60` reached.
Restoring states from the checkpoint path at /mnt/data/user_data/lampt/PS/code/outputs/2026-04-08/12-49-03/checkpoints/epoch=51-val_score=50.98.ckpt
LOCAL_RANK: 0 - CUDA_VISIBLE_DEVICES: [0]
Loaded model weights from the checkpoint at /mnt/data/user_data/lampt/PS/code/outputs/2026-04-08/12-49-03/checkpoints/epoch=51-val_score=50.98.ckpt
[32m2026-04-09 00:09:35.192[0m | [1mINFO    [0m | [36mlightning_models[0m:[36m_log_metrics[0m:[36m284[0m - [1m
Test Results:
+------+-------+-------+-------+-------+-------+
| Task |   R1  |   R5  |  R10  |  mAP  |  mINP |
+------+-------+-------+-------+-------+-------+
| t2i  | 50.98 | 78.60 | 86.95 | 57.08 | 51.22 |
| i2t  | 53.35 | 79.15 | 88.00 | 49.69 | 33.69 |
+------+-------+-------+-------+-------+-------+[0m
────────────────────────────────────────────────────────────────────────────────────────────────────────────────────
       Test metric             DataLoader 0             DataLoader 1
────────────────────────────────────────────────────────────────────────────────────────────────────────────────────
       test_i2t_R1           53.35000228881836        53.35000228881836
      test_i2t_R10           88.00000762939453        88.00000762939453
       test_i2t_R5           79.1500015258789         79.1500015258789
      test_i2t_mAP          49.686912536621094       49.686912536621094
      test_i2t_mINP          33.69321823120117        33.69321823120117
       test_score            50.97500228881836        50.97500228881836
       test_t2i_R1           50.97500228881836        50.97500228881836
      test_t2i_R10           86.95000457763672        86.95000457763672
       test_t2i_R5           78.5999984741211         78.5999984741211
      test_t2i_mAP           57.07573318481445        57.07573318481445
      test_t2i_mINP         51.221710205078125       51.221710205078125
────────────────────────────────────────────────────────────────────────────────────────────────────────────────────
